backend=cuda  dtype=torch.bfloat16  seed=46
[data] train: 950.0M tokens
[data] val: 50.0M tokens
[liger] Not enabled: cannot import name 'apply_liger_kernel_to_gpt2' from 'liger_kernel.transformers' (/lustre/fsn1/projects/rech/sum/ufj45ra/venvs/sieve/lib/python3.12/site-packages/liger_kernel/transformers/__init__.py)
step     0  loss=3.3388  grad=4.438
step    50  loss=3.2914  grad=4.156
step   100  loss=3.0445  grad=5.500
step   150  loss=3.5206  grad=5.562
step   200  loss=2.9469  grad=4.438
step   250  loss=3.3654  grad=4.594
step   300  loss=3.4550  grad=5.031
step   350  loss=3.2680  grad=5.031
step   400  loss=3.3925  grad=5.906
step   450  loss=3.8163  grad=5.812
step   500  loss=3.3115  grad=5.719

  step   500  val_ppl=20.61
          val_ppl=20.61
step   550  loss=3.4662  grad=5.500
step   600  loss=2.9703  grad=4.500
step   650  loss=3.4999  grad=5.750
step   700  loss=2.9762  grad=5.344
step   750  loss=3.1674  grad=5.250
step   800  loss=3.4172  grad=5.031
step   850  loss=3.3936  grad=5.812
step   900  loss=3.1220  grad=5.000
step   950  loss=3.4254  grad=5.094
step  1000  loss=2.8841  grad=4.719

  step  1000  val_ppl=20.47
          val_ppl=20.47
step  1050  loss=3.0769  grad=5.250
step  1100  loss=3.4337  grad=4.625
step  1150  loss=3.3390  grad=5.594
step  1200  loss=3.4880  grad=4.906
step  1250  loss=3.3634  grad=4.719
step  1300  loss=3.2008  grad=5.062
step  1350  loss=3.0390  grad=4.656
step  1400  loss=2.9059  grad=5.156
step  1450  loss=3.2434  grad=4.969
step  1500  loss=3.3987  grad=4.781

  step  1500  val_ppl=20.09
          val_ppl=20.09
step  1550  loss=3.0985  grad=5.219
step  1600  loss=3.2963  grad=5.000
step  1650  loss=3.4555  grad=4.812
step  1700  loss=3.8285  grad=5.406
step  1750  loss=3.3498  grad=4.969
step  1800  loss=3.3743  grad=5.062
step  1850  loss=3.2640  grad=4.906
step  1900  loss=3.3272  grad=5.219
step  1950  loss=3.5199  grad=5.281
step  2000  loss=3.2440  grad=4.969

  step  2000  val_ppl=19.88
          val_ppl=19.88
step  2050  loss=2.7917  grad=4.156
step  2100  loss=3.0097  grad=4.812
step  2150  loss=3.5488  grad=5.438
step  2200  loss=3.1577  grad=4.781
step  2250  loss=3.1474  grad=4.906
step  2300  loss=2.9724  grad=4.438
step  2350  loss=3.0350  grad=4.750
step  2400  loss=3.4352  grad=4.812
step  2450  loss=3.2502  grad=4.844
step  2500  loss=3.1265  grad=4.875

  step  2500  val_ppl=19.53
          val_ppl=19.53
step  2550  loss=3.0425  grad=4.312
step  2600  loss=3.1410  grad=4.656
step  2650  loss=3.0154  grad=4.562
step  2700  loss=3.6007  grad=5.188
step  2750  loss=3.0241  grad=4.031
step  2800  loss=3.6608  grad=4.781
step  2850  loss=3.3073  grad=4.781
step  2900  loss=2.9934  grad=5.000
step  2950  loss=3.1348  grad=4.688
step  3000  loss=3.2523  grad=4.844

  step  3000  val_ppl=19.40
          val_ppl=19.40
step  3050  loss=3.5575  grad=5.000
step  3100  loss=3.4614  grad=4.406
step  3150  loss=2.9813  grad=4.844
step  3200  loss=3.5612  grad=5.219
step  3250  loss=2.7045  grad=5.000
step  3300  loss=3.4643  grad=5.031
step  3350  loss=3.1400  grad=4.625
step  3400  loss=3.2980  grad=4.531
step  3450  loss=2.9787  grad=4.531
step  3500  loss=3.3842  grad=5.281

  step  3500  val_ppl=19.24
          val_ppl=19.24
step  3550  loss=3.3827  grad=4.781
step  3600  loss=3.0080  grad=4.312
step  3650  loss=3.0195  grad=4.875
step  3700  loss=3.4042  grad=4.812
step  3750  loss=3.2228  grad=5.000
step  3800  loss=3.1520  grad=4.750
step  3850  loss=2.8317  grad=4.656
step  3900  loss=3.3972  grad=5.406
step  3950  loss=3.4134  grad=5.000
step  4000  loss=2.7626  grad=4.281

  step  4000  val_ppl=19.04
          val_ppl=19.04
step  4050  loss=3.6959  grad=5.031
step  4100  loss=3.5778  grad=5.438
step  4150  loss=3.0715  grad=4.438
step  4200  loss=3.5305  grad=5.125
step  4250  loss=3.0222  grad=4.375
step  4300  loss=3.2685  grad=5.125
step  4350  loss=3.1823  grad=4.562
step  4400  loss=3.4477  grad=5.281
step  4450  loss=3.0362  grad=4.688
step  4500  loss=3.2489  grad=4.688

  step  4500  val_ppl=19.01
          val_ppl=19.01
step  4550  loss=3.5323  grad=5.094
step  4600  loss=3.0090  grad=4.375
step  4650  loss=2.9250  grad=5.156
step  4700  loss=2.9491  grad=4.500
step  4750  loss=3.4018  grad=4.688
step  4800  loss=2.7142  grad=4.438
step  4850  loss=3.0023  grad=4.750
step  4900  loss=2.9956  grad=3.969
step  4950  loss=3.0816  grad=4.812
step  5000  loss=3.2649  grad=4.625

  step  5000  val_ppl=18.89
          val_ppl=18.89
step  5050  loss=3.2096  grad=6.250
step  5100  loss=2.4804  grad=4.344
step  5150  loss=3.2271  grad=4.875
step  5200  loss=3.3213  grad=4.750
step  5250  loss=3.1479  grad=4.625
step  5300  loss=3.0946  grad=4.562
step  5350  loss=3.0746  grad=4.281
step  5400  loss=3.1848  grad=4.500
step  5450  loss=3.1660  grad=4.688
step  5500  loss=2.7745  grad=4.375

  step  5500  val_ppl=18.85
          val_ppl=18.85
step  5550  loss=3.2090  grad=4.750
step  5600  loss=2.5146  grad=4.719
step  5650  loss=3.3256  grad=5.312
step  5700  loss=3.1360  grad=4.812
step  5750  loss=3.2476  grad=5.344
step  5800  loss=3.2071  grad=4.688
step  5850  loss=3.1208  grad=4.719
step  5900  loss=2.8596  grad=4.562
step  5950  loss=2.5445  grad=4.344
step  6000  loss=3.2018  grad=5.125

  step  6000  val_ppl=18.79
          val_ppl=18.79
step  6050  loss=2.9147  grad=4.344
step  6100  loss=3.4972  grad=5.281
step  6150  loss=2.5588  grad=4.156
step  6200  loss=2.5616  grad=4.500
step  6250  loss=2.9084  grad=4.625
step  6300  loss=2.8600  grad=4.469
step  6350  loss=3.0246  grad=4.531
step  6400  loss=3.2350  grad=5.156
step  6450  loss=3.0993  grad=4.688
step  6500  loss=3.3883  grad=4.969

  step  6500  val_ppl=18.69
          val_ppl=18.69
step  6550  loss=2.9769  grad=4.438
step  6600  loss=2.9869  grad=4.750
step  6650  loss=2.7746  grad=4.375
step  6700  loss=3.2844  grad=4.812
step  6750  loss=3.2088  grad=4.812
step  6800  loss=3.3706  grad=4.812
step  6850  loss=3.2924  grad=4.500
step  6900  loss=3.2328  grad=4.500
step  6950  loss=3.3529  grad=4.562
step  7000  loss=3.1616  grad=5.031

  step  7000  val_ppl=18.66
          val_ppl=18.66
step  7050  loss=2.3904  grad=4.250
step  7100  loss=3.3230  grad=5.000
step  7150  loss=3.1903  grad=4.625
step  7200  loss=2.9659  grad=4.344
step  7250  loss=3.0598  grad=4.469
step  7300  loss=2.6798  grad=4.594
step  7350  loss=3.0081  grad=4.781
step  7400  loss=3.4239  grad=5.031
step  7450  loss=2.6589  grad=4.562
step  7500  loss=2.8406  grad=4.500

  step  7500  val_ppl=18.57
          val_ppl=18.57
step  7550  loss=3.2701  grad=4.781
step  7600  loss=3.1369  grad=4.812
step  7650  loss=3.0578  grad=4.406
step  7700  loss=2.7411  grad=4.281
step  7750  loss=3.1889  grad=4.625
step  7800  loss=3.0831  grad=4.750
step  7850  loss=3.2777  grad=5.031
step  7900  loss=3.0092  grad=4.688
step  7950  loss=2.8626  grad=4.500
step  8000  loss=3.2513  grad=4.469

  step  8000  val_ppl=18.56
          val_ppl=18.56
step  8050  loss=3.2257  grad=4.469
step  8100  loss=2.8559  grad=5.188
step  8150  loss=2.5285  grad=4.375
step  8200  loss=2.7914  grad=5.062
step  8250  loss=3.0287  grad=4.438
step  8300  loss=2.8754  grad=4.094
step  8350  loss=3.5633  grad=4.969
step  8400  loss=3.5791  grad=4.844
step  8450  loss=3.2634  grad=5.125
step  8500  loss=3.3782  grad=5.219

  step  8500  val_ppl=18.49
          val_ppl=18.49
step  8550  loss=3.1827  grad=4.875
step  8600  loss=2.6586  grad=4.375
step  8650  loss=3.1830  grad=4.375
step  8700  loss=3.1522  grad=4.594
step  8750  loss=3.2823  grad=4.656
step  8800  loss=3.3125  grad=4.906
step  8850  loss=3.1774  grad=4.375
step  8900  loss=3.1937  grad=5.031
step  8950  loss=3.1849  grad=4.531
step  9000  loss=3.2075  grad=4.656

  step  9000  val_ppl=18.47
          val_ppl=18.47
step  9050  loss=3.1098  grad=4.969
step  9100  loss=2.9494  grad=4.750
step  9150  loss=3.0723  grad=4.406
step  9200  loss=3.1735  grad=4.250
step  9250  loss=3.3648  grad=4.656
step  9300  loss=3.1379  grad=4.625
step  9350  loss=3.6072  grad=4.781
step  9400  loss=2.7819  grad=4.188
step  9450  loss=3.4176  grad=5.000
step  9500  loss=2.9229  grad=4.344

  step  9500  val_ppl=18.45
          val_ppl=18.45
step  9550  loss=3.6053  grad=4.781
step  9600  loss=3.3182  grad=5.531
step  9650  loss=2.7916  grad=5.031
step  9700  loss=3.0815  grad=4.406
step  9750  loss=3.2617  grad=4.531
step  9800  loss=3.3543  grad=5.062
step  9850  loss=3.5291  grad=4.844
step  9900  loss=2.9785  grad=4.375
step  9950  loss=3.1922  grad=4.531
step 10000  loss=2.8452  grad=5.000

  step 10000  val_ppl=18.33
          val_ppl=18.33
step 10050  loss=3.1832  grad=4.406
step 10100  loss=3.6258  grad=4.656
step 10150  loss=3.0894  grad=4.594
step 10200  loss=3.0110  grad=4.375
step 10250  loss=3.4771  grad=5.438
step 10300  loss=2.9023  grad=4.625
step 10350  loss=2.9258  grad=4.219
step 10400  loss=2.9204  grad=4.375
step 10450  loss=2.5024  grad=4.406
step 10500  loss=2.9107  grad=4.281

  step 10500  val_ppl=18.35
          val_ppl=18.35
step 10550  loss=2.9275  grad=4.625
step 10600  loss=2.9683  grad=4.938
step 10650  loss=3.2656  grad=4.938
step 10700  loss=3.2013  grad=4.938
step 10750  loss=3.4049  grad=5.156
step 10800  loss=2.8735  grad=4.188
step 10850  loss=3.0190  grad=4.688
step 10900  loss=3.2631  grad=4.844
step 10950  loss=3.1931  grad=4.406
step 11000  loss=3.4001  grad=4.594

  step 11000  val_ppl=18.33
          val_ppl=18.33
step 11050  loss=2.9956  grad=4.844
step 11100  loss=3.0218  grad=4.656
step 11150  loss=2.9657  grad=4.500
step 11200  loss=3.0224  grad=4.281
step 11250  loss=3.4456  grad=4.812
step 11300  loss=3.3126  grad=4.812
step 11350  loss=3.5261  grad=5.500
step 11400  loss=3.3192  grad=4.812
step 11450  loss=3.2368  grad=5.125
step 11500  loss=3.3337  grad=4.688

  step 11500  val_ppl=18.22
          val_ppl=18.22
step 11550  loss=2.8968  grad=4.312
step 11600  loss=2.9820  grad=4.562
step 11650  loss=2.9159  grad=4.562
step 11700  loss=2.8312  grad=4.406
step 11750  loss=3.3051  grad=4.594
step 11800  loss=3.4078  grad=5.094
step 11850  loss=3.6006  grad=5.438
step 11900  loss=2.9951  grad=4.562
step 11950  loss=3.2544  grad=4.625
step 12000  loss=3.1457  grad=4.750

  step 12000  val_ppl=18.21
          val_ppl=18.21
step 12050  loss=2.9373  grad=5.000
step 12100  loss=2.5526  grad=4.594
step 12150  loss=3.0912  grad=4.531
step 12200  loss=2.9131  grad=4.469
step 12250  loss=3.2277  grad=4.500
step 12300  loss=2.9797  grad=4.656
step 12350  loss=3.3904  grad=4.938
step 12400  loss=3.6381  grad=4.938
step 12450  loss=2.8416  grad=5.125
step 12500  loss=3.7233  grad=4.906

  step 12500  val_ppl=18.19
          val_ppl=18.19
step 12550  loss=2.9718  grad=4.469
step 12600  loss=2.9269  grad=4.281
step 12650  loss=3.0585  grad=4.594
step 12700  loss=3.1718  grad=4.812
step 12750  loss=3.4899  grad=5.188
step 12800  loss=3.0519  grad=4.438
step 12850  loss=2.7049  grad=4.906
step 12900  loss=2.7846  grad=4.500
step 12950  loss=3.0269  grad=4.875
step 13000  loss=2.9539  grad=4.812

  step 13000  val_ppl=18.14
          val_ppl=18.14
step 13050  loss=3.6577  grad=5.312
step 13100  loss=3.0101  grad=4.531
step 13150  loss=3.1354  grad=4.906
step 13200  loss=2.7878  grad=4.562
step 13250  loss=2.9071  grad=4.406
step 13300  loss=3.1971  grad=4.500
step 13350  loss=3.0893  grad=4.906
step 13400  loss=3.0432  grad=4.625
step 13450  loss=3.1216  grad=5.031
step 13500  loss=3.5279  grad=5.000

  step 13500  val_ppl=18.22
          val_ppl=18.22
step 13550  loss=3.2034  grad=5.750
step 13600  loss=3.4238  grad=5.094
step 13650  loss=2.8922  grad=4.594
step 13700  loss=3.3464  grad=4.688
step 13750  loss=3.1875  grad=4.656
step 13800  loss=3.0716  grad=4.500
step 13850  loss=2.9364  grad=4.656
step 13900  loss=3.0487  grad=5.938
step 13950  loss=3.0945  grad=4.562
step 14000  loss=2.9361  grad=5.688

  step 14000  val_ppl=18.10
          val_ppl=18.10
step 14050  loss=3.0862  grad=4.781
step 14100  loss=2.7803  grad=4.781
step 14150  loss=2.9633  grad=4.406
step 14200  loss=2.7489  grad=4.594
step 14250  loss=3.1338  grad=4.750
step 14300  loss=2.8577  grad=4.500
step 14350  loss=3.0699  grad=4.375
step 14400  loss=2.6275  grad=4.438
step 14450  loss=2.8937  grad=4.719
step 14500  loss=3.1749  grad=5.031

  step 14500  val_ppl=18.08
          val_ppl=18.08
step 14550  loss=3.2700  grad=5.031
step 14600  loss=2.8649  grad=4.406
step 14650  loss=2.8791  grad=4.562
step 14700  loss=2.9943  grad=4.781
step 14750  loss=3.0609  grad=4.281
step 14800  loss=3.0350  grad=5.500
step 14850  loss=3.0760  grad=4.656
step 14900  loss=3.5649  grad=5.344
step 14950  loss=2.3548  grad=3.906
step 15000  loss=2.5899  grad=4.500

  step 15000  val_ppl=18.05
          val_ppl=18.05
step 15050  loss=3.4670  grad=5.000
step 15100  loss=3.0293  grad=5.156
step 15150  loss=2.5487  grad=4.938
step 15200  loss=3.3564  grad=5.250
step 15250  loss=3.3439  grad=4.719
step 15300  loss=2.8863  grad=4.719
step 15350  loss=2.7998  grad=4.594
step 15400  loss=3.3628  grad=5.375
step 15450  loss=3.3553  grad=5.062
step 15500  loss=3.3238  grad=5.188

  step 15500  val_ppl=18.05
          val_ppl=18.05
step 15550  loss=3.3327  grad=5.219
step 15600  loss=3.3066  grad=4.938
step 15650  loss=2.8263  grad=4.406
step 15700  loss=2.9476  grad=5.031
step 15750  loss=3.3737  grad=4.688
step 15800  loss=3.6318  grad=4.812
step 15850  loss=2.8290  grad=4.469
step 15900  loss=3.0711  grad=4.969
step 15950  loss=3.1937  grad=5.094
step 16000  loss=3.6829  grad=5.188

  step 16000  val_ppl=18.04
          val_ppl=18.04
step 16050  loss=2.5880  grad=4.156
step 16100  loss=2.7178  grad=4.219
step 16150  loss=2.8521  grad=4.469
step 16200  loss=3.3099  grad=4.625
step 16250  loss=2.9561  grad=4.906
step 16300  loss=3.2418  grad=4.500
step 16350  loss=2.4591  grad=4.656
step 16400  loss=3.0114  grad=4.625
step 16450  loss=2.9390  grad=5.250
step 16500  loss=3.3709  grad=5.156

  step 16500  val_ppl=18.03
          val_ppl=18.03
step 16550  loss=3.2347  grad=5.250
step 16600  loss=2.6700  grad=4.375
step 16650  loss=3.0848  grad=4.375
step 16700  loss=3.3077  grad=4.938
step 16750  loss=3.1329  grad=4.938
step 16800  loss=3.3147  grad=5.125
step 16850  loss=2.7486  grad=4.219
step 16900  loss=2.6401  grad=4.688
step 16950  loss=3.2929  grad=4.688
step 17000  loss=2.9223  grad=4.625

  step 17000  val_ppl=18.03
          val_ppl=18.03
step 17050  loss=2.9422  grad=4.594
step 17100  loss=3.2456  grad=5.000
step 17150  loss=3.1215  grad=4.719
step 17200  loss=3.0704  grad=4.781
step 17250  loss=3.2812  grad=4.688
step 17300  loss=3.0060  grad=4.625
step 17350  loss=3.4071  grad=5.250
step 17400  loss=2.9659  grad=4.469
step 17450  loss=3.2072  grad=4.688
step 17500  loss=3.1069  grad=4.875

  step 17500  val_ppl=17.99
          val_ppl=17.99
step 17550  loss=3.0633  grad=4.906
step 17600  loss=3.0888  grad=4.688
step 17650  loss=3.2983  grad=4.531
step 17700  loss=3.0870  grad=5.125
step 17750  loss=3.1528  grad=4.750
step 17800  loss=3.0247  grad=4.344
step 17850  loss=2.9662  grad=4.438
step 17900  loss=3.2285  grad=4.812
step 17950  loss=3.0665  grad=5.000
step 18000  loss=2.3871  grad=4.094

  step 18000  val_ppl=17.97
          val_ppl=17.97
step 18050  loss=3.1475  grad=4.594
step 18100  loss=2.8695  grad=4.188
step 18150  loss=3.1420  grad=5.156
step 18200  loss=3.0221  grad=4.656
step 18250  loss=3.2844  grad=4.562
step 18300  loss=3.2296  grad=5.500
step 18350  loss=3.2817  grad=4.812
step 18400  loss=3.4263  grad=4.906
step 18450  loss=3.7926  grad=5.031
step 18500  loss=3.3594  grad=4.750

  step 18500  val_ppl=17.97
          val_ppl=17.97
step 18550  loss=3.2512  grad=4.625
step 18600  loss=3.1484  grad=4.938
step 18650  loss=2.7118  grad=5.125
step 18700  loss=3.1188  grad=4.594
step 18750  loss=3.1333  grad=4.750
step 18800  loss=2.9211  grad=4.656
step 18850  loss=2.7005  grad=4.094
step 18900  loss=3.3087  grad=4.938
step 18950  loss=2.4598  grad=4.312
step 19000  loss=2.8592  grad=5.625

  step 19000  val_ppl=17.95
          val_ppl=17.95
step 19050  loss=2.9839  grad=4.656
step 19100  loss=2.9687  grad=4.875
step 19150  loss=3.0391  grad=5.000
step 19200  loss=3.2193  grad=4.906
step 19250  loss=2.6433  grad=4.125
step 19300  loss=3.0304  grad=4.750
step 19350  loss=3.0943  grad=4.594
step 19400  loss=3.2246  grad=4.594
step 19450  loss=3.0901  grad=4.875
step 19500  loss=3.1063  grad=5.156

  step 19500  val_ppl=17.93
          val_ppl=17.93
step 19550  loss=3.4813  grad=4.781
step 19600  loss=3.0839  grad=4.875
step 19650  loss=3.0656  grad=4.562
step 19700  loss=2.8615  grad=4.438
step 19750  loss=3.1067  grad=4.344
step 19800  loss=2.5863  grad=4.312
step 19850  loss=2.9813  grad=4.656
step 19900  loss=3.1573  grad=4.969
step 19950  loss=2.4222  grad=4.250
  [final] val_ppl=17.95
          val_ppl=17.95

── Timing breakdown ─────────────────────────────────
  component    ms/step   % total   calls
  ────────── ─────────  ────────  ──────
  data            9.88     20.3%   20000
  bandit          0.00      0.0%   20000
  fwd             7.64     15.7%   20000
  score           0.00      0.0%       0
  bwd            31.19     64.0%   20000
  ────────── ─────────  ────────  ──────
  TOTAL          48.72    100.0%
────────────────────────────────────────────────────

Final val PPL (clm): 17.95
Scorer overhead: 0.00% of total wall time
✓ Within paper's ~1% claim
