backend=cuda  dtype=torch.bfloat16  seed=42
[data] train: 950.0M tokens
[data] val: 50.0M tokens
[liger] Not enabled: cannot import name 'apply_liger_kernel_to_gpt2' from 'liger_kernel.transformers' (/lustre/fsn1/projects/rech/sum/ufj45ra/venvs/sieve/lib/python3.12/site-packages/liger_kernel/transformers/__init__.py)
step     0  loss=3.8116  grad=5.094
step    50  loss=3.1735  grad=4.312
step   100  loss=3.3365  grad=4.875
step   150  loss=3.3021  grad=4.750
step   200  loss=3.2881  grad=5.375
step   250  loss=3.5387  grad=4.969
step   300  loss=3.0872  grad=5.000
step   350  loss=3.4681  grad=5.531
step   400  loss=3.4595  grad=5.219
step   450  loss=3.0974  grad=4.781
step   500  loss=3.5768  grad=5.438

  step   500  val_ppl=20.63
          val_ppl=20.63
step   550  loss=2.8179  grad=5.312
step   600  loss=3.2972  grad=4.812
step   650  loss=3.3671  grad=5.281
step   700  loss=3.2478  grad=5.344
step   750  loss=3.6176  grad=5.281
step   800  loss=3.3423  grad=4.844
step   850  loss=2.8925  grad=4.750
step   900  loss=3.2687  grad=5.844
step   950  loss=3.2296  grad=5.156
step  1000  loss=3.3576  grad=5.156

  step  1000  val_ppl=20.31
          val_ppl=20.31
step  1050  loss=3.2911  grad=4.750
step  1100  loss=3.2060  grad=4.781
step  1150  loss=3.1914  grad=5.031
step  1200  loss=2.8027  grad=4.562
step  1250  loss=3.0968  grad=5.125
step  1300  loss=2.9855  grad=4.625
step  1350  loss=3.7412  grad=5.500
step  1400  loss=3.1931  grad=4.875
step  1450  loss=3.5774  grad=5.219
step  1500  loss=3.7307  grad=5.250

  step  1500  val_ppl=19.96
          val_ppl=19.96
step  1550  loss=2.6193  grad=5.062
step  1600  loss=3.2606  grad=5.188
step  1650  loss=3.5316  grad=17.750
step  1700  loss=3.2174  grad=4.938
step  1750  loss=3.3762  grad=5.688
step  1800  loss=2.9190  grad=4.812
step  1850  loss=3.0202  grad=4.625
step  1900  loss=3.4395  grad=5.188
step  1950  loss=2.8452  grad=5.250
step  2000  loss=3.1807  grad=4.781

  step  2000  val_ppl=19.80
          val_ppl=19.80
step  2050  loss=3.1779  grad=4.688
step  2100  loss=2.8889  grad=4.625
step  2150  loss=2.9403  grad=4.469
step  2200  loss=2.9090  grad=4.625
step  2250  loss=2.9978  grad=5.062
step  2300  loss=3.6294  grad=5.125
step  2350  loss=3.1122  grad=4.812
step  2400  loss=3.1482  grad=4.500
step  2450  loss=3.1445  grad=4.781
step  2500  loss=3.6878  grad=5.094

  step  2500  val_ppl=19.55
          val_ppl=19.55
step  2550  loss=3.2970  grad=5.062
step  2600  loss=3.2986  grad=5.156
step  2650  loss=4.0356  grad=5.812
step  2700  loss=3.3058  grad=5.406
step  2750  loss=3.0842  grad=4.344
step  2800  loss=3.1257  grad=5.125
step  2850  loss=2.6425  grad=4.188
step  2900  loss=3.5192  grad=4.750
step  2950  loss=3.3478  grad=4.562
step  3000  loss=3.1837  grad=5.125

  step  3000  val_ppl=19.36
          val_ppl=19.36
step  3050  loss=3.0961  grad=4.875
step  3100  loss=3.3194  grad=4.594
step  3150  loss=3.2836  grad=5.062
step  3200  loss=3.1588  grad=4.406
step  3250  loss=3.2830  grad=5.000
step  3300  loss=2.9154  grad=5.031
step  3350  loss=2.9429  grad=5.312
step  3400  loss=3.3934  grad=5.219
step  3450  loss=3.1866  grad=4.562
step  3500  loss=3.2049  grad=5.000

  step  3500  val_ppl=19.16
          val_ppl=19.16
step  3550  loss=3.3938  grad=5.094
step  3600  loss=3.2594  grad=4.875
step  3650  loss=3.3756  grad=4.875
step  3700  loss=3.2183  grad=4.938
step  3750  loss=3.4368  grad=5.688
step  3800  loss=2.8831  grad=4.281
step  3850  loss=2.9910  grad=5.344
step  3900  loss=2.9941  grad=4.344
step  3950  loss=3.1211  grad=4.312
step  4000  loss=3.7528  grad=5.219

  step  4000  val_ppl=19.12
          val_ppl=19.12
step  4050  loss=3.2114  grad=4.812
step  4100  loss=3.1022  grad=4.562
step  4150  loss=3.1921  grad=4.562
step  4200  loss=2.3664  grad=3.984
step  4250  loss=3.1848  grad=4.500
step  4300  loss=3.2998  grad=4.812
step  4350  loss=3.0444  grad=4.750
step  4400  loss=3.2538  grad=4.875
step  4450  loss=3.4806  grad=4.562
step  4500  loss=3.3721  grad=4.688

  step  4500  val_ppl=18.98
          val_ppl=18.98
step  4550  loss=3.2959  grad=4.531
step  4600  loss=3.3790  grad=4.531
step  4650  loss=3.1605  grad=4.562
step  4700  loss=3.6740  grad=5.438
step  4750  loss=3.0305  grad=4.656
step  4800  loss=3.1129  grad=4.750
step  4850  loss=3.1907  grad=4.562
step  4900  loss=2.9281  grad=4.062
step  4950  loss=2.6442  grad=6.656
step  5000  loss=2.9357  grad=4.469

  step  5000  val_ppl=18.95
          val_ppl=18.95
step  5050  loss=3.3488  grad=5.281
step  5100  loss=3.1365  grad=4.406
step  5150  loss=3.0973  grad=4.969
step  5200  loss=3.4322  grad=4.875
step  5250  loss=3.0457  grad=4.750
step  5300  loss=3.5149  grad=4.688
step  5350  loss=3.1250  grad=5.500
step  5400  loss=3.3536  grad=4.812
step  5450  loss=3.1953  grad=4.656
step  5500  loss=3.6166  grad=5.469

  step  5500  val_ppl=18.81
          val_ppl=18.81
step  5550  loss=3.1871  grad=4.781
step  5600  loss=2.9311  grad=4.531
step  5650  loss=3.7643  grad=5.062
step  5700  loss=3.3083  grad=4.688
step  5750  loss=2.9911  grad=5.344
step  5800  loss=2.8521  grad=4.344
step  5850  loss=3.2234  grad=4.688
step  5900  loss=2.5256  grad=4.344
step  5950  loss=2.9574  grad=4.656
step  6000  loss=3.3370  grad=5.000

  step  6000  val_ppl=18.74
          val_ppl=18.74
step  6050  loss=3.2667  grad=4.906
step  6100  loss=2.8194  grad=4.406
step  6150  loss=3.1788  grad=4.594
step  6200  loss=3.0475  grad=5.156
step  6250  loss=3.0321  grad=4.938
step  6300  loss=3.1429  grad=5.344
step  6350  loss=3.2013  grad=5.156
step  6400  loss=3.0398  grad=5.000
step  6450  loss=2.6949  grad=4.781
step  6500  loss=2.7441  grad=4.625

  step  6500  val_ppl=18.64
          val_ppl=18.64
step  6550  loss=3.4143  grad=4.781
step  6600  loss=3.1839  grad=4.562
step  6650  loss=2.9931  grad=4.812
step  6700  loss=2.7539  grad=4.156
step  6750  loss=2.5726  grad=4.469
step  6800  loss=3.3144  grad=4.500
step  6850  loss=2.9312  grad=4.781
step  6900  loss=2.7902  grad=4.812
step  6950  loss=2.9139  grad=4.375
step  7000  loss=3.3848  grad=4.812

  step  7000  val_ppl=18.62
          val_ppl=18.62
step  7050  loss=2.9988  grad=4.344
step  7100  loss=3.1501  grad=4.969
step  7150  loss=3.1589  grad=4.344
step  7200  loss=3.0123  grad=4.531
step  7250  loss=3.6400  grad=5.125
step  7300  loss=3.2019  grad=4.938
step  7350  loss=3.3428  grad=4.500
step  7400  loss=2.7321  grad=4.562
step  7450  loss=3.4413  grad=4.812
step  7500  loss=2.5914  grad=4.406

  step  7500  val_ppl=18.51
          val_ppl=18.51
step  7550  loss=3.1462  grad=4.781
step  7600  loss=2.7533  grad=4.281
step  7650  loss=3.3736  grad=5.250
step  7700  loss=2.9836  grad=4.781
step  7750  loss=3.2383  grad=5.125
step  7800  loss=3.5128  grad=5.312
step  7850  loss=2.9403  grad=4.812
step  7900  loss=3.1623  grad=4.625
step  7950  loss=3.1275  grad=5.000
step  8000  loss=3.9873  grad=4.812

  step  8000  val_ppl=18.53
          val_ppl=18.53
step  8050  loss=2.7442  grad=4.250
step  8100  loss=3.2291  grad=5.188
step  8150  loss=2.9511  grad=4.281
step  8200  loss=2.8231  grad=4.281
step  8250  loss=3.2581  grad=4.719
step  8300  loss=3.2836  grad=4.969
step  8350  loss=3.4258  grad=4.938
step  8400  loss=3.4555  grad=4.875
step  8450  loss=3.4467  grad=4.625
step  8500  loss=3.3957  grad=4.812

  step  8500  val_ppl=18.43
          val_ppl=18.43
step  8550  loss=3.4245  grad=4.812
step  8600  loss=3.3898  grad=4.656
step  8650  loss=3.2182  grad=5.000
step  8700  loss=3.1242  grad=4.688
step  8750  loss=3.3527  grad=4.969
step  8800  loss=3.4378  grad=4.812
step  8850  loss=2.9926  grad=4.844
step  8900  loss=2.8951  grad=5.031
step  8950  loss=3.1222  grad=4.531
step  9000  loss=3.2310  grad=4.625

  step  9000  val_ppl=18.41
          val_ppl=18.41
step  9050  loss=3.1662  grad=4.812
step  9100  loss=3.3652  grad=4.594
step  9150  loss=3.4304  grad=4.969
step  9200  loss=3.2223  grad=4.688
step  9250  loss=2.9289  grad=4.406
step  9300  loss=2.7505  grad=4.312
step  9350  loss=3.3342  grad=5.031
step  9400  loss=3.6089  grad=4.875
step  9450  loss=3.0969  grad=4.656
step  9500  loss=3.0908  grad=5.125

  step  9500  val_ppl=18.33
          val_ppl=18.33
step  9550  loss=2.4679  grad=4.688
step  9600  loss=3.0684  grad=4.625
step  9650  loss=3.3812  grad=4.781
step  9700  loss=2.7565  grad=4.562
step  9750  loss=3.3807  grad=4.719
step  9800  loss=3.5096  grad=4.906
step  9850  loss=3.0756  grad=4.219
step  9900  loss=3.4062  grad=5.125
step  9950  loss=3.2523  grad=4.969
step 10000  loss=3.3283  grad=4.562

  step 10000  val_ppl=18.32
          val_ppl=18.32
step 10050  loss=3.4526  grad=5.125
step 10100  loss=3.4271  grad=4.750
step 10150  loss=3.1486  grad=4.375
step 10200  loss=2.9236  grad=5.656
step 10250  loss=3.3029  grad=4.625
step 10300  loss=3.5281  grad=5.469
step 10350  loss=3.1263  grad=4.781
step 10400  loss=3.1051  grad=4.625
step 10450  loss=3.3851  grad=4.531
step 10500  loss=3.2819  grad=4.719

  step 10500  val_ppl=18.24
          val_ppl=18.24
step 10550  loss=3.0127  grad=4.688
step 10600  loss=3.2731  grad=5.469
step 10650  loss=3.2040  grad=4.656
step 10700  loss=3.4299  grad=5.312
step 10750  loss=2.8803  grad=4.969
step 10800  loss=3.6467  grad=5.438
step 10850  loss=3.3053  grad=4.844
step 10900  loss=3.4498  grad=5.250
step 10950  loss=3.1103  grad=4.312
step 11000  loss=3.0977  grad=4.625

  step 11000  val_ppl=18.26
          val_ppl=18.26
step 11050  loss=2.6702  grad=4.188
step 11100  loss=3.5079  grad=5.031
step 11150  loss=2.9155  grad=4.625
step 11200  loss=2.4511  grad=4.469
step 11250  loss=3.1190  grad=4.938
step 11300  loss=3.3876  grad=4.906
step 11350  loss=3.2475  grad=4.531
step 11400  loss=2.9572  grad=4.188
step 11450  loss=3.0680  grad=5.000
step 11500  loss=3.1272  grad=5.188

  step 11500  val_ppl=18.26
          val_ppl=18.26
step 11550  loss=3.1005  grad=4.656
step 11600  loss=3.1468  grad=4.812
step 11650  loss=3.2198  grad=4.938
step 11700  loss=2.9686  grad=4.562
step 11750  loss=2.3516  grad=4.094
step 11800  loss=2.9691  grad=4.719
step 11850  loss=3.2356  grad=5.156
step 11900  loss=2.9616  grad=4.938
step 11950  loss=3.1193  grad=4.500
step 12000  loss=3.0886  grad=4.656

  step 12000  val_ppl=18.23
          val_ppl=18.23
step 12050  loss=3.3778  grad=4.656
step 12100  loss=3.3675  grad=5.281
step 12150  loss=2.9455  grad=4.781
step 12200  loss=3.5414  grad=5.281
step 12250  loss=3.1589  grad=5.188
step 12300  loss=3.0632  grad=4.688
step 12350  loss=3.2524  grad=4.781
step 12400  loss=3.3099  grad=4.938
step 12450  loss=3.0740  grad=5.031
step 12500  loss=3.0876  grad=4.656

  step 12500  val_ppl=18.20
          val_ppl=18.20
step 12550  loss=3.3068  grad=4.812
step 12600  loss=3.1584  grad=5.125
step 12650  loss=3.1154  grad=4.531
step 12700  loss=2.9938  grad=4.906
step 12750  loss=3.2487  grad=4.719
step 12800  loss=3.2795  grad=4.781
step 12850  loss=2.9565  grad=4.906
step 12900  loss=2.8244  grad=4.562
step 12950  loss=3.1201  grad=4.969
step 13000  loss=3.2627  grad=4.656

  step 13000  val_ppl=18.15
          val_ppl=18.15
step 13050  loss=3.1321  grad=4.594
step 13100  loss=3.1529  grad=4.656
step 13150  loss=3.3863  grad=4.781
step 13200  loss=3.3214  grad=4.812
step 13250  loss=3.0432  grad=4.844
step 13300  loss=3.4516  grad=4.562
step 13350  loss=2.4478  grad=4.188
step 13400  loss=3.3870  grad=5.094
step 13450  loss=3.1436  grad=4.375
step 13500  loss=3.2941  grad=5.031

  step 13500  val_ppl=18.13
          val_ppl=18.13
step 13550  loss=2.8792  grad=5.000
step 13600  loss=2.8300  grad=4.500
step 13650  loss=3.1863  grad=4.844
step 13700  loss=3.3627  grad=4.844
step 13750  loss=3.0748  grad=4.844
step 13800  loss=2.7719  grad=4.438
step 13850  loss=2.9977  grad=4.938
step 13900  loss=3.4533  grad=4.906
step 13950  loss=3.1292  grad=4.594
step 14000  loss=2.8943  grad=4.531

  step 14000  val_ppl=18.09
          val_ppl=18.09
step 14050  loss=2.9001  grad=4.438
step 14100  loss=3.5241  grad=4.938
step 14150  loss=2.9688  grad=4.812
step 14200  loss=3.3642  grad=5.594
step 14250  loss=3.3828  grad=4.844
step 14300  loss=3.3948  grad=5.188
step 14350  loss=3.2902  grad=4.625
step 14400  loss=3.6044  grad=4.531
step 14450  loss=3.4214  grad=4.969
step 14500  loss=2.9249  grad=5.031

  step 14500  val_ppl=18.05
          val_ppl=18.05
step 14550  loss=3.6326  grad=5.062
step 14600  loss=3.1654  grad=5.219
step 14650  loss=2.6111  grad=4.906
step 14700  loss=3.0350  grad=4.500
step 14750  loss=2.9198  grad=4.969
step 14800  loss=2.7479  grad=4.875
step 14850  loss=2.9984  grad=4.562
step 14900  loss=3.6561  grad=5.156
step 14950  loss=3.1300  grad=5.812
step 15000  loss=2.7283  grad=4.594

  step 15000  val_ppl=18.06
          val_ppl=18.06
step 15050  loss=3.4829  grad=4.938
step 15100  loss=3.3488  grad=4.719
step 15150  loss=3.3160  grad=4.938
step 15200  loss=2.9694  grad=4.469
step 15250  loss=2.8449  grad=4.594
step 15300  loss=3.0574  grad=5.312
step 15350  loss=2.9737  grad=4.719
step 15400  loss=3.0322  grad=4.562
step 15450  loss=3.4325  grad=5.469
step 15500  loss=3.1032  grad=4.438

  step 15500  val_ppl=17.99
          val_ppl=17.99
step 15550  loss=2.9727  grad=4.500
step 15600  loss=2.7633  grad=4.531
step 15650  loss=3.0719  grad=4.812
step 15700  loss=3.1096  grad=4.500
step 15750  loss=3.1199  grad=4.406
step 15800  loss=3.2894  grad=4.625
step 15850  loss=2.7284  grad=4.312
step 15900  loss=3.0455  grad=4.781
step 15950  loss=3.3860  grad=5.312
step 16000  loss=3.1432  grad=4.594

  step 16000  val_ppl=17.99
          val_ppl=17.99
step 16050  loss=3.4368  grad=4.781
step 16100  loss=2.7638  grad=4.250
step 16150  loss=3.2716  grad=6.031
step 16200  loss=3.0098  grad=4.594
step 16250  loss=2.8760  grad=4.469
step 16300  loss=3.3772  grad=4.688
step 16350  loss=3.4209  grad=4.969
step 16400  loss=3.0329  grad=4.531
step 16450  loss=2.7078  grad=5.219
step 16500  loss=3.5285  grad=4.906

  step 16500  val_ppl=17.99
          val_ppl=17.99
step 16550  loss=3.4780  grad=5.188
step 16600  loss=2.8589  grad=4.375
step 16650  loss=2.7628  grad=4.594
step 16700  loss=2.8448  grad=4.188
step 16750  loss=3.3969  grad=5.219
step 16800  loss=3.6665  grad=5.094
step 16850  loss=3.1249  grad=4.656
step 16900  loss=2.8384  grad=5.000
step 16950  loss=3.3460  grad=4.938
step 17000  loss=3.2215  grad=4.812

  step 17000  val_ppl=17.97
          val_ppl=17.97
step 17050  loss=3.3305  grad=4.906
step 17100  loss=3.1149  grad=5.156
step 17150  loss=2.9779  grad=4.844
step 17200  loss=3.0061  grad=4.719
step 17250  loss=3.0959  grad=4.250
step 17300  loss=3.0069  grad=4.562
step 17350  loss=2.9409  grad=4.656
step 17400  loss=2.9069  grad=4.562
step 17450  loss=3.5689  grad=5.094
step 17500  loss=3.3827  grad=4.875

  step 17500  val_ppl=17.95
          val_ppl=17.95
step 17550  loss=3.2701  grad=5.125
step 17600  loss=3.2060  grad=4.719
step 17650  loss=3.0581  grad=4.594
step 17700  loss=2.6499  grad=4.688
step 17750  loss=3.1653  grad=4.781
step 17800  loss=3.2141  grad=4.969
step 17850  loss=2.8959  grad=5.000
step 17900  loss=2.7549  grad=4.812
step 17950  loss=2.6725  grad=4.750
step 18000  loss=3.1975  grad=5.031

  step 18000  val_ppl=17.92
          val_ppl=17.92
step 18050  loss=2.9126  grad=4.531
step 18100  loss=3.3128  grad=4.938
step 18150  loss=3.3065  grad=4.656
step 18200  loss=3.3979  grad=4.625
step 18250  loss=3.1557  grad=4.656
step 18300  loss=2.6016  grad=4.250
step 18350  loss=3.2200  grad=4.656
step 18400  loss=2.9409  grad=4.562
step 18450  loss=2.7588  grad=4.438
step 18500  loss=2.6414  grad=4.750

  step 18500  val_ppl=17.96
          val_ppl=17.96
step 18550  loss=2.6460  grad=4.375
step 18600  loss=3.1357  grad=4.812
step 18650  loss=3.1892  grad=5.469
step 18700  loss=2.7699  grad=4.969
step 18750  loss=2.8519  grad=4.125
step 18800  loss=3.1672  grad=4.594
step 18850  loss=2.8155  grad=4.406
step 18900  loss=3.4425  grad=5.062
step 18950  loss=3.3434  grad=5.062
step 19000  loss=2.6451  grad=5.094

  step 19000  val_ppl=17.90
          val_ppl=17.90
step 19050  loss=2.6659  grad=4.375
step 19100  loss=3.4060  grad=4.875
step 19150  loss=2.9630  grad=4.312
step 19200  loss=2.7848  grad=4.531
step 19250  loss=2.7965  grad=4.594
step 19300  loss=3.2934  grad=4.719
step 19350  loss=3.0885  grad=4.375
step 19400  loss=3.0997  grad=4.438
step 19450  loss=2.9968  grad=4.469
step 19500  loss=3.3245  grad=4.719

  step 19500  val_ppl=17.88
          val_ppl=17.88
step 19550  loss=2.7424  grad=4.812
step 19600  loss=2.7790  grad=4.562
step 19650  loss=3.2867  grad=4.656
step 19700  loss=2.6585  grad=4.062
step 19750  loss=3.0894  grad=4.906
step 19800  loss=3.0090  grad=4.594
step 19850  loss=3.0586  grad=4.781
step 19900  loss=3.1345  grad=5.156
step 19950  loss=2.9926  grad=4.781
  [final] val_ppl=17.90
          val_ppl=17.90

── Timing breakdown ─────────────────────────────────
  component    ms/step   % total   calls
  ────────── ─────────  ────────  ──────
  data            7.10     15.8%   20000
  bandit          0.00      0.0%   20000
  fwd             6.50     14.4%   20000
  score           0.00      0.0%       0
  bwd            31.40     69.8%   20000
  ────────── ─────────  ────────  ──────
  TOTAL          45.01    100.0%
────────────────────────────────────────────────────

Final val PPL (clm): 17.90
Scorer overhead: 0.00% of total wall time
✓ Within paper's ~1% claim
