backend=cuda  dtype=torch.bfloat16  seed=43
[data] train: 950.0M tokens
[data] val: 50.0M tokens
[liger] Not enabled: cannot import name 'apply_liger_kernel_to_gpt2' from 'liger_kernel.transformers' (/lustre/fsn1/projects/rech/sum/ufj45ra/venvs/sieve/lib/python3.12/site-packages/liger_kernel/transformers/__init__.py)
step     0  loss=3.6060  grad=4.875
step    50  loss=3.4946  grad=4.906
step   100  loss=3.1994  grad=4.844
step   150  loss=3.5354  grad=4.594
step   200  loss=3.0534  grad=4.844
step   250  loss=3.1928  grad=5.188
step   300  loss=3.1288  grad=4.594
step   350  loss=3.2855  grad=5.594
step   400  loss=3.0874  grad=4.781
step   450  loss=3.0810  grad=4.906
step   500  loss=3.4969  grad=5.375

  step   500  val_ppl=20.66
          val_ppl=20.66
step   550  loss=3.4193  grad=5.344
step   600  loss=3.1854  grad=5.469
step   650  loss=3.1969  grad=5.219
step   700  loss=3.2362  grad=5.844
step   750  loss=2.8179  grad=4.938
step   800  loss=3.1416  grad=5.656
step   850  loss=3.0206  grad=4.812
step   900  loss=3.1259  grad=4.812
step   950  loss=3.5499  grad=5.688
step  1000  loss=3.2778  grad=4.938

  step  1000  val_ppl=20.17
          val_ppl=20.17
step  1050  loss=3.3952  grad=5.688
step  1100  loss=3.4013  grad=5.094
step  1150  loss=3.6729  grad=5.031
step  1200  loss=3.7907  grad=5.719
step  1250  loss=3.7438  grad=5.625
step  1300  loss=3.1677  grad=5.281
step  1350  loss=3.4637  grad=4.938
step  1400  loss=3.2801  grad=4.812
step  1450  loss=3.7586  grad=5.344
step  1500  loss=3.7202  grad=5.812

  step  1500  val_ppl=19.91
          val_ppl=19.91
step  1550  loss=3.2290  grad=4.781
step  1600  loss=3.1442  grad=5.219
step  1650  loss=3.2635  grad=5.406
step  1700  loss=3.2553  grad=5.312
step  1750  loss=2.9445  grad=4.719
step  1800  loss=2.7665  grad=4.156
step  1850  loss=2.6430  grad=7.188
step  1900  loss=2.9174  grad=4.250
step  1950  loss=3.7818  grad=5.062
step  2000  loss=2.6101  grad=4.281

  step  2000  val_ppl=19.67
          val_ppl=19.67
step  2050  loss=3.0457  grad=5.031
step  2100  loss=3.4567  grad=4.562
step  2150  loss=3.4449  grad=5.000
step  2200  loss=3.6414  grad=5.406
step  2250  loss=3.2330  grad=5.125
step  2300  loss=3.4357  grad=4.531
step  2350  loss=3.7863  grad=5.125
step  2400  loss=3.4720  grad=4.844
step  2450  loss=3.4193  grad=4.750
step  2500  loss=3.0868  grad=4.562

  step  2500  val_ppl=19.52
          val_ppl=19.52
step  2550  loss=3.4552  grad=5.219
step  2600  loss=3.2008  grad=4.625
step  2650  loss=3.1610  grad=4.844
step  2700  loss=3.2374  grad=4.469
step  2750  loss=3.4219  grad=4.750
step  2800  loss=3.1121  grad=4.625
step  2850  loss=3.6807  grad=5.281
step  2900  loss=3.2924  grad=4.531
step  2950  loss=3.3488  grad=4.938
step  3000  loss=3.5548  grad=4.719

  step  3000  val_ppl=19.32
          val_ppl=19.32
step  3050  loss=3.4009  grad=4.781
step  3100  loss=3.4689  grad=5.031
step  3150  loss=3.0105  grad=4.250
step  3200  loss=3.3734  grad=4.875
step  3250  loss=3.0899  grad=5.000
step  3300  loss=2.8180  grad=4.750
step  3350  loss=3.1301  grad=5.406
step  3400  loss=3.7048  grad=5.312
step  3450  loss=3.2660  grad=4.406
step  3500  loss=3.3190  grad=4.281

  step  3500  val_ppl=19.22
          val_ppl=19.22
step  3550  loss=2.9359  grad=4.500
step  3600  loss=3.7776  grad=5.250
step  3650  loss=3.5121  grad=4.938
step  3700  loss=3.0628  grad=4.844
step  3750  loss=3.1547  grad=5.031
step  3800  loss=2.8679  grad=4.250
step  3850  loss=2.7980  grad=4.406
step  3900  loss=2.7924  grad=4.594
step  3950  loss=3.2205  grad=4.688
step  4000  loss=3.3828  grad=4.656

  step  4000  val_ppl=19.09
          val_ppl=19.09
step  4050  loss=3.4393  grad=4.375
step  4100  loss=3.2034  grad=4.500
step  4150  loss=2.9606  grad=4.719
step  4200  loss=3.1957  grad=4.875
step  4250  loss=3.0607  grad=4.750
step  4300  loss=2.8703  grad=5.062
step  4350  loss=3.1890  grad=4.656
step  4400  loss=2.7657  grad=4.469
step  4450  loss=2.8724  grad=4.438
step  4500  loss=3.2000  grad=4.875

  step  4500  val_ppl=18.93
          val_ppl=18.93
step  4550  loss=2.8493  grad=4.250
step  4600  loss=3.5071  grad=4.906
step  4650  loss=3.4740  grad=4.781
step  4700  loss=3.0805  grad=5.156
step  4750  loss=3.4488  grad=4.875
step  4800  loss=2.8913  grad=4.312
step  4850  loss=4.0732  grad=5.469
step  4900  loss=3.5227  grad=5.625
step  4950  loss=2.8540  grad=4.406
step  5000  loss=3.3865  grad=5.188

  step  5000  val_ppl=18.85
          val_ppl=18.85
step  5050  loss=3.1507  grad=4.562
step  5100  loss=2.4721  grad=4.688
step  5150  loss=3.2461  grad=4.625
step  5200  loss=3.0849  grad=4.469
step  5250  loss=3.2987  grad=4.688
step  5300  loss=3.0292  grad=4.750
step  5350  loss=2.9232  grad=4.781
step  5400  loss=3.5241  grad=4.688
step  5450  loss=3.1720  grad=4.875
step  5500  loss=2.9755  grad=4.688

  step  5500  val_ppl=18.84
          val_ppl=18.84
step  5550  loss=3.2576  grad=5.156
step  5600  loss=3.0924  grad=4.750
step  5650  loss=3.3012  grad=4.562
step  5700  loss=2.5820  grad=4.375
step  5750  loss=3.3940  grad=4.625
step  5800  loss=3.2504  grad=5.094
step  5850  loss=2.9561  grad=4.500
step  5900  loss=3.4283  grad=4.969
step  5950  loss=3.2223  grad=5.281
step  6000  loss=3.3306  grad=5.531

  step  6000  val_ppl=18.75
          val_ppl=18.75
step  6050  loss=3.2521  grad=4.719
step  6100  loss=3.6692  grad=4.781
step  6150  loss=3.2812  grad=4.938
step  6200  loss=3.3643  grad=4.719
step  6250  loss=3.2813  grad=4.562
step  6300  loss=3.1290  grad=4.719
step  6350  loss=3.0320  grad=4.844
step  6400  loss=2.9824  grad=4.531
step  6450  loss=2.9866  grad=4.500
step  6500  loss=3.2463  grad=4.562

  step  6500  val_ppl=18.65
          val_ppl=18.65
step  6550  loss=3.3543  grad=4.688
step  6600  loss=3.5712  grad=5.469
step  6650  loss=2.9716  grad=4.438
step  6700  loss=3.2279  grad=4.938
step  6750  loss=3.1291  grad=4.938
step  6800  loss=3.1269  grad=4.500
step  6850  loss=2.9126  grad=4.906
step  6900  loss=2.9754  grad=4.344
step  6950  loss=3.5357  grad=4.594
step  7000  loss=3.0833  grad=4.812

  step  7000  val_ppl=18.65
          val_ppl=18.65
step  7050  loss=2.5871  grad=4.188
step  7100  loss=3.4658  grad=4.750
step  7150  loss=2.6602  grad=4.219
step  7200  loss=3.2227  grad=4.844
step  7250  loss=2.8866  grad=4.875
step  7300  loss=3.2332  grad=4.781
step  7350  loss=2.9954  grad=4.562
step  7400  loss=2.9493  grad=4.344
step  7450  loss=3.3841  grad=4.781
step  7500  loss=3.0502  grad=4.594

  step  7500  val_ppl=18.54
          val_ppl=18.54
step  7550  loss=2.8847  grad=4.562
step  7600  loss=3.0662  grad=4.812
step  7650  loss=2.9155  grad=4.594
step  7700  loss=3.3898  grad=4.812
step  7750  loss=3.3248  grad=5.250
step  7800  loss=2.6921  grad=4.438
step  7850  loss=2.8115  grad=4.688
step  7900  loss=3.6192  grad=5.438
step  7950  loss=3.5415  grad=4.781
step  8000  loss=3.3110  grad=5.000

  step  8000  val_ppl=18.49
          val_ppl=18.49
step  8050  loss=2.7978  grad=4.281
step  8100  loss=2.8533  grad=5.219
step  8150  loss=3.1915  grad=4.688
step  8200  loss=3.2794  grad=5.406
step  8250  loss=2.6025  grad=4.062
step  8300  loss=3.3981  grad=5.531
step  8350  loss=3.0530  grad=4.594
step  8400  loss=3.1182  grad=4.469
step  8450  loss=2.9496  grad=4.438
step  8500  loss=3.5861  grad=4.531

  step  8500  val_ppl=18.55
          val_ppl=18.55
step  8550  loss=3.5000  grad=5.094
step  8600  loss=3.3186  grad=4.750
step  8650  loss=3.3959  grad=4.500
step  8700  loss=2.7124  grad=4.531
step  8750  loss=3.0300  grad=4.531
step  8800  loss=3.2858  grad=4.719
step  8850  loss=3.0186  grad=4.844
step  8900  loss=3.1931  grad=4.531
step  8950  loss=3.4172  grad=5.125
step  9000  loss=2.9598  grad=4.562

  step  9000  val_ppl=18.38
          val_ppl=18.38
step  9050  loss=2.9109  grad=4.562
step  9100  loss=3.3086  grad=4.781
step  9150  loss=2.8717  grad=4.438
step  9200  loss=2.8252  grad=4.812
step  9250  loss=3.1821  grad=4.594
step  9300  loss=3.4159  grad=5.125
step  9350  loss=3.4426  grad=5.031
step  9400  loss=3.3371  grad=4.719
step  9450  loss=2.8438  grad=4.906
step  9500  loss=3.5134  grad=5.031

  step  9500  val_ppl=18.41
          val_ppl=18.41
step  9550  loss=3.4680  grad=5.000
step  9600  loss=3.7929  grad=5.094
step  9650  loss=3.2533  grad=4.812
step  9700  loss=3.0212  grad=4.844
step  9750  loss=2.8771  grad=4.500
step  9800  loss=3.2945  grad=4.781
step  9850  loss=3.3472  grad=4.562
step  9900  loss=3.2151  grad=4.406
step  9950  loss=3.2196  grad=4.562
step 10000  loss=2.9946  grad=4.719

  step 10000  val_ppl=18.37
          val_ppl=18.37
step 10050  loss=2.9592  grad=4.469
step 10100  loss=2.8708  grad=5.062
step 10150  loss=3.2687  grad=4.562
step 10200  loss=3.1731  grad=4.500
step 10250  loss=3.5588  grad=4.688
step 10300  loss=3.5722  grad=4.875
step 10350  loss=3.0318  grad=5.594
step 10400  loss=3.1628  grad=4.781
step 10450  loss=3.0076  grad=4.656
step 10500  loss=3.5886  grad=4.562

  step 10500  val_ppl=18.30
          val_ppl=18.30
step 10550  loss=3.2580  grad=4.500
step 10600  loss=3.1433  grad=4.594
step 10650  loss=3.3990  grad=5.031
step 10700  loss=3.4123  grad=4.938
step 10750  loss=2.6682  grad=4.781
step 10800  loss=3.4238  grad=5.188
step 10850  loss=2.9529  grad=4.594
step 10900  loss=3.3029  grad=4.875
step 10950  loss=3.2870  grad=4.938
step 11000  loss=3.2799  grad=4.625

  step 11000  val_ppl=18.28
          val_ppl=18.28
step 11050  loss=2.9529  grad=4.594
step 11100  loss=3.0827  grad=4.688
step 11150  loss=3.1063  grad=4.469
step 11200  loss=3.0580  grad=4.688
step 11250  loss=2.8542  grad=4.406
step 11300  loss=3.2588  grad=4.719
step 11350  loss=2.9879  grad=4.656
step 11400  loss=2.7395  grad=5.219
step 11450  loss=3.0147  grad=4.750
step 11500  loss=3.2651  grad=5.031

  step 11500  val_ppl=18.24
          val_ppl=18.24
step 11550  loss=3.1340  grad=5.156
step 11600  loss=3.3104  grad=4.438
step 11650  loss=3.0459  grad=4.781
step 11700  loss=2.6890  grad=4.469
step 11750  loss=2.7494  grad=4.312
step 11800  loss=2.6371  grad=4.500
step 11850  loss=2.8891  grad=4.656
step 11900  loss=2.8301  grad=4.250
step 11950  loss=3.5470  grad=5.188
step 12000  loss=3.6530  grad=5.344

  step 12000  val_ppl=18.22
          val_ppl=18.22
step 12050  loss=2.7062  grad=4.438
step 12100  loss=2.5193  grad=4.344
step 12150  loss=2.9193  grad=5.156
step 12200  loss=3.1627  grad=5.062
step 12250  loss=3.2174  grad=4.844
step 12300  loss=2.8684  grad=4.375
step 12350  loss=2.8134  grad=4.406
step 12400  loss=3.3346  grad=4.938
step 12450  loss=2.9153  grad=4.812
step 12500  loss=2.8334  grad=4.906

  step 12500  val_ppl=18.22
          val_ppl=18.22
step 12550  loss=2.7232  grad=4.344
step 12600  loss=3.0096  grad=4.500
step 12650  loss=3.6318  grad=5.031
step 12700  loss=2.9208  grad=4.344
step 12750  loss=3.1438  grad=4.719
step 12800  loss=2.7020  grad=4.375
step 12850  loss=3.2766  grad=5.125
step 12900  loss=3.0755  grad=4.906
step 12950  loss=2.9194  grad=4.406
step 13000  loss=2.6179  grad=4.156

  step 13000  val_ppl=18.13
          val_ppl=18.13
step 13050  loss=3.3006  grad=5.469
step 13100  loss=2.8017  grad=4.375
step 13150  loss=2.7727  grad=4.500
step 13200  loss=3.1992  grad=4.656
step 13250  loss=3.6401  grad=5.531
step 13300  loss=2.9577  grad=4.656
step 13350  loss=3.3075  grad=4.750
step 13400  loss=3.1834  grad=4.938
step 13450  loss=2.6050  grad=4.188
step 13500  loss=3.2834  grad=4.969

  step 13500  val_ppl=18.13
          val_ppl=18.13
step 13550  loss=3.2137  grad=4.625
step 13600  loss=3.1126  grad=4.500
step 13650  loss=3.0269  grad=5.094
step 13700  loss=2.6510  grad=4.125
step 13750  loss=2.7036  grad=4.625
step 13800  loss=3.0064  grad=4.531
step 13850  loss=2.5092  grad=4.250
step 13900  loss=3.2418  grad=5.188
step 13950  loss=3.3508  grad=4.938
step 14000  loss=3.4713  grad=5.625

  step 14000  val_ppl=18.12
          val_ppl=18.12
step 14050  loss=3.3453  grad=5.125
step 14100  loss=3.1853  grad=4.781
step 14150  loss=3.0806  grad=4.875
step 14200  loss=3.2792  grad=4.750
step 14250  loss=2.9214  grad=4.688
step 14300  loss=2.9612  grad=4.375
step 14350  loss=3.1903  grad=5.125
step 14400  loss=3.0510  grad=5.125
step 14450  loss=2.7456  grad=4.344
step 14500  loss=3.0671  grad=4.625

  step 14500  val_ppl=18.09
          val_ppl=18.09
step 14550  loss=2.8442  grad=4.688
step 14600  loss=3.0171  grad=4.500
step 14650  loss=2.7527  grad=4.406
step 14700  loss=3.0979  grad=4.781
step 14750  loss=2.6735  grad=4.562
step 14800  loss=3.4996  grad=4.781
step 14850  loss=3.0286  grad=4.375
step 14900  loss=3.2923  grad=4.938
step 14950  loss=3.2397  grad=5.094
step 15000  loss=3.0673  grad=4.406

  step 15000  val_ppl=18.09
          val_ppl=18.09
step 15050  loss=3.3581  grad=4.625
step 15100  loss=2.8586  grad=4.344
step 15150  loss=3.0275  grad=4.938
step 15200  loss=3.3463  grad=5.250
step 15250  loss=3.0115  grad=4.281
step 15300  loss=3.2785  grad=4.531
step 15350  loss=2.5576  grad=4.219
step 15400  loss=2.9747  grad=4.438
step 15450  loss=3.2850  grad=5.594
step 15500  loss=2.6594  grad=4.469

  step 15500  val_ppl=18.05
          val_ppl=18.05
step 15550  loss=3.0623  grad=5.031
step 15600  loss=2.8001  grad=4.281
step 15650  loss=3.2574  grad=5.125
step 15700  loss=3.3958  grad=4.375
step 15750  loss=3.1207  grad=4.844
step 15800  loss=2.6416  grad=4.406
step 15850  loss=3.2082  grad=4.812
step 15900  loss=2.8739  grad=4.469
step 15950  loss=2.9748  grad=4.656
step 16000  loss=2.8486  grad=4.469

  step 16000  val_ppl=18.08
          val_ppl=18.08
step 16050  loss=2.9788  grad=4.906
step 16100  loss=3.0391  grad=4.812
step 16150  loss=3.2935  grad=4.844
step 16200  loss=2.7433  grad=4.781
step 16250  loss=2.9195  grad=5.062
step 16300  loss=3.4948  grad=4.906
step 16350  loss=2.8082  grad=4.625
step 16400  loss=3.1590  grad=5.031
step 16450  loss=2.8147  grad=4.156
step 16500  loss=2.9398  grad=4.344

  step 16500  val_ppl=18.02
          val_ppl=18.02
step 16550  loss=2.7185  grad=4.344
step 16600  loss=3.1501  grad=4.844
step 16650  loss=2.8847  grad=4.625
step 16700  loss=3.4956  grad=5.188
step 16750  loss=3.3940  grad=4.875
step 16800  loss=3.0259  grad=4.688
step 16850  loss=3.4915  grad=5.469
step 16900  loss=3.0724  grad=4.406
step 16950  loss=3.0732  grad=4.500
step 17000  loss=2.9984  grad=4.594

  step 17000  val_ppl=18.01
          val_ppl=18.01
step 17050  loss=2.9189  grad=4.250
step 17100  loss=2.5103  grad=4.031
step 17150  loss=2.6819  grad=5.031
step 17200  loss=2.6511  grad=4.656
step 17250  loss=2.6966  grad=4.188
step 17300  loss=2.9932  grad=4.969
step 17350  loss=3.2159  grad=5.094
step 17400  loss=3.0663  grad=4.562
step 17450  loss=2.9369  grad=4.406
step 17500  loss=2.4843  grad=4.375

  step 17500  val_ppl=18.04
          val_ppl=18.04
step 17550  loss=2.8706  grad=4.344
step 17600  loss=2.9623  grad=4.781
step 17650  loss=2.8223  grad=4.531
step 17700  loss=3.1617  grad=5.125
step 17750  loss=3.2373  grad=4.625
step 17800  loss=3.0453  grad=4.500
step 17850  loss=3.0504  grad=4.938
step 17900  loss=3.0075  grad=4.906
step 17950  loss=2.8916  grad=4.625
step 18000  loss=3.2300  grad=4.906

  step 18000  val_ppl=17.96
          val_ppl=17.96
step 18050  loss=3.3948  grad=4.781
step 18100  loss=2.5005  grad=4.469
step 18150  loss=2.9439  grad=4.562
step 18200  loss=3.5321  grad=5.031
step 18250  loss=2.6493  grad=4.562
step 18300  loss=2.9019  grad=4.438
step 18350  loss=3.5906  grad=4.906
step 18400  loss=2.8750  grad=5.031
step 18450  loss=3.4724  grad=5.406
step 18500  loss=3.0726  grad=4.688

  step 18500  val_ppl=17.94
          val_ppl=17.94
step 18550  loss=3.2123  grad=4.656
step 18600  loss=3.7583  grad=4.969
step 18650  loss=3.5900  grad=5.062
step 18700  loss=3.5879  grad=5.281
step 18750  loss=3.4975  grad=4.969
step 18800  loss=2.9580  grad=4.750
step 18850  loss=2.8617  grad=4.594
step 18900  loss=3.3240  grad=5.094
step 18950  loss=2.9995  grad=4.312
step 19000  loss=3.3622  grad=4.875

  step 19000  val_ppl=17.95
          val_ppl=17.95
step 19050  loss=2.9850  grad=4.688
step 19100  loss=3.1788  grad=5.344
step 19150  loss=3.0983  grad=4.562
step 19200  loss=2.8609  grad=4.656
step 19250  loss=3.1056  grad=4.469
step 19300  loss=3.1850  grad=4.719
step 19350  loss=3.0141  grad=5.156
step 19400  loss=2.7611  grad=4.625
step 19450  loss=3.0080  grad=4.469
step 19500  loss=3.4548  grad=4.969

  step 19500  val_ppl=17.91
          val_ppl=17.91
step 19550  loss=3.3474  grad=5.531
step 19600  loss=2.6053  grad=4.438
step 19650  loss=3.9298  grad=5.250
step 19700  loss=3.0477  grad=4.688
step 19750  loss=2.8614  grad=4.969
step 19800  loss=2.9694  grad=4.594
step 19850  loss=2.8112  grad=4.750
step 19900  loss=3.5854  grad=4.969
step 19950  loss=2.8358  grad=4.594
  [final] val_ppl=17.93
          val_ppl=17.93

── Timing breakdown ─────────────────────────────────
  component    ms/step   % total   calls
  ────────── ─────────  ────────  ──────
  data            9.96     20.8%   20000
  bandit          0.00      0.0%   20000
  fwd             6.52     13.6%   20000
  score           0.00      0.0%       0
  bwd            31.42     65.6%   20000
  ────────── ─────────  ────────  ──────
  TOTAL          47.90    100.0%
────────────────────────────────────────────────────

Final val PPL (clm): 17.93
Scorer overhead: 0.00% of total wall time
✓ Within paper's ~1% claim
