backend=cuda  dtype=torch.bfloat16  seed=46
[data] train: 950.0M tokens
[data] val: 50.0M tokens
[liger] Not enabled: cannot import name 'apply_liger_kernel_to_gpt2' from 'liger_kernel.transformers' (/lustre/fsn1/projects/rech/sum/ufj45ra/venvs/sieve/lib/python3.12/site-packages/liger_kernel/transformers/__init__.py)
step     0  loss=4.4794  grad=5.719  S_E=1.000 S_U=0.000
step    50  loss=4.5014  grad=4.500  S_E=1.000 S_U=0.000
step   100  loss=4.2143  grad=4.062  S_E=1.000 S_U=0.000
step   150  loss=4.7385  grad=3.875  S_E=1.000 S_U=0.000
step   200  loss=4.0279  grad=3.203  S_E=1.000 S_U=0.000
step   250  loss=4.6060  grad=3.328  S_E=1.000 S_U=0.000
step   300  loss=4.7461  grad=3.828  S_E=1.000 S_U=0.000
step   350  loss=4.5122  grad=3.422  S_E=1.000 S_U=0.000
step   400  loss=4.6428  grad=3.562  S_E=1.000 S_U=0.000
step   450  loss=5.1320  grad=3.797  S_E=1.000 S_U=0.000
step   500  loss=4.5256  grad=3.078  S_E=1.000 S_U=0.000

  step   500  val_ppl=21.10  dom=?
          val_ppl=21.10
step   550  loss=4.6919  grad=2.688  S_E=1.000 S_U=0.000
step   600  loss=4.1299  grad=2.531  S_E=1.000 S_U=0.000
step   650  loss=4.7382  grad=3.328  S_E=1.000 S_U=0.000
step   700  loss=4.0565  grad=2.844  S_E=1.000 S_U=0.000
step   750  loss=4.3639  grad=2.484  S_E=1.000 S_U=0.000
step   800  loss=4.6428  grad=2.688  S_E=1.000 S_U=0.000
step   850  loss=4.3317  grad=2.766  S_E=1.000 S_U=0.000
step   900  loss=4.2937  grad=2.359  S_E=1.000 S_U=0.000
step   950  loss=4.6330  grad=2.859  S_E=1.000 S_U=0.000
step  1000  loss=3.9728  grad=2.672  S_E=1.000 S_U=0.000

  step  1000  val_ppl=20.61  dom=?
          val_ppl=20.61
step  1050  loss=4.1413  grad=2.812  S_E=1.000 S_U=0.000
step  1100  loss=4.6784  grad=2.750  S_E=1.000 S_U=0.000
step  1150  loss=4.5328  grad=2.594  S_E=1.000 S_U=0.000
step  1200  loss=4.7900  grad=2.734  S_E=1.000 S_U=0.000
step  1250  loss=4.6080  grad=2.266  S_E=1.000 S_U=0.000
step  1300  loss=4.4095  grad=2.344  S_E=1.000 S_U=0.000
step  1350  loss=4.1829  grad=2.328  S_E=1.000 S_U=0.000
step  1400  loss=4.0074  grad=2.844  S_E=1.000 S_U=0.000
step  1450  loss=4.4242  grad=2.453  S_E=1.000 S_U=0.000
step  1500  loss=4.6483  grad=2.734  S_E=1.000 S_U=0.000

  step  1500  val_ppl=20.26  dom=?
          val_ppl=20.26
step  1550  loss=4.2339  grad=2.281  S_E=1.000 S_U=0.000
step  1600  loss=4.5062  grad=2.562  S_E=1.000 S_U=0.000
step  1650  loss=4.7449  grad=2.578  S_E=1.000 S_U=0.000
step  1700  loss=5.1779  grad=2.516  S_E=1.000 S_U=0.000
step  1750  loss=4.5007  grad=2.641  S_E=1.000 S_U=0.000
step  1800  loss=4.5605  grad=3.141  S_E=1.000 S_U=0.000
step  1850  loss=4.4675  grad=3.172  S_E=1.000 S_U=0.000
step  1900  loss=4.5315  grad=2.641  S_E=1.000 S_U=0.000
step  1950  loss=4.7074  grad=2.594  S_E=1.000 S_U=0.000
step  2000  loss=4.3956  grad=2.703  S_E=1.000 S_U=0.000

  step  2000  val_ppl=19.97  dom=?
          val_ppl=19.97
step  2050  loss=3.9082  grad=2.672  S_E=1.000 S_U=0.000
step  2100  loss=4.1013  grad=2.469  S_E=1.000 S_U=0.000
step  2150  loss=4.8488  grad=2.703  S_E=1.000 S_U=0.000
step  2200  loss=4.3536  grad=2.562  S_E=1.000 S_U=0.000
step  2250  loss=4.2967  grad=2.750  S_E=1.000 S_U=0.000
step  2300  loss=4.0989  grad=2.641  S_E=1.000 S_U=0.000
step  2350  loss=4.1999  grad=2.719  S_E=1.000 S_U=0.000
step  2400  loss=4.6487  grad=2.828  S_E=1.000 S_U=0.000
step  2450  loss=4.4055  grad=2.641  S_E=1.000 S_U=0.000
step  2500  loss=4.2830  grad=2.516  S_E=1.000 S_U=0.000

  step  2500  val_ppl=19.63  dom=?
          val_ppl=19.63
step  2550  loss=4.1802  grad=2.469  S_E=1.000 S_U=0.000
step  2600  loss=4.2836  grad=2.406  S_E=1.000 S_U=0.000
step  2650  loss=4.1683  grad=2.562  S_E=1.000 S_U=0.000
step  2700  loss=4.8768  grad=2.453  S_E=1.000 S_U=0.000
step  2750  loss=4.1495  grad=2.531  S_E=1.000 S_U=0.000
step  2800  loss=4.9360  grad=2.578  S_E=1.000 S_U=0.000
step  2850  loss=4.4920  grad=2.719  S_E=1.000 S_U=0.000
step  2900  loss=4.0805  grad=2.969  S_E=1.000 S_U=0.000
step  2950  loss=4.2921  grad=2.953  S_E=1.000 S_U=0.000
step  3000  loss=4.4598  grad=2.391  S_E=1.000 S_U=0.000

  step  3000  val_ppl=19.50  dom=?
          val_ppl=19.50
step  3050  loss=4.8337  grad=2.609  S_E=1.000 S_U=0.000
step  3100  loss=4.7307  grad=2.641  S_E=1.000 S_U=0.000
step  3150  loss=4.0982  grad=2.516  S_E=1.000 S_U=0.000
step  3200  loss=4.7916  grad=2.766  S_E=1.000 S_U=0.000
step  3250  loss=3.7343  grad=2.547  S_E=1.000 S_U=0.000
step  3300  loss=4.7100  grad=2.453  S_E=1.000 S_U=0.000
step  3350  loss=4.3469  grad=2.375  S_E=1.000 S_U=0.000
step  3400  loss=4.4587  grad=2.656  S_E=1.000 S_U=0.000
step  3450  loss=4.0569  grad=2.375  S_E=1.000 S_U=0.000
step  3500  loss=4.6158  grad=2.719  S_E=1.000 S_U=0.000

  step  3500  val_ppl=19.35  dom=?
          val_ppl=19.35
step  3550  loss=4.5888  grad=2.516  S_E=1.000 S_U=0.000
step  3600  loss=4.1460  grad=2.484  S_E=1.000 S_U=0.000
step  3650  loss=4.1353  grad=2.844  S_E=1.000 S_U=0.000
step  3700  loss=4.6388  grad=3.203  S_E=1.000 S_U=0.000
step  3750  loss=4.3962  grad=2.344  S_E=1.000 S_U=0.000
step  3800  loss=4.2980  grad=2.484  S_E=1.000 S_U=0.000
step  3850  loss=3.9553  grad=2.422  S_E=1.000 S_U=0.000
step  3900  loss=4.6056  grad=2.781  S_E=1.000 S_U=0.000
step  3950  loss=4.6386  grad=3.734  S_E=1.000 S_U=0.000
step  4000  loss=3.7834  grad=2.703  S_E=1.000 S_U=0.000

  step  4000  val_ppl=19.09  dom=?
          val_ppl=19.09
step  4050  loss=4.9578  grad=2.703  S_E=1.000 S_U=0.000
step  4100  loss=4.8432  grad=2.703  S_E=1.000 S_U=0.000
step  4150  loss=4.2300  grad=3.250  S_E=1.000 S_U=0.000
step  4200  loss=4.7245  grad=2.703  S_E=1.000 S_U=0.000
step  4250  loss=4.1370  grad=2.766  S_E=1.000 S_U=0.000
step  4300  loss=4.4630  grad=3.031  S_E=1.000 S_U=0.000
step  4350  loss=4.3505  grad=2.781  S_E=1.000 S_U=0.000
step  4400  loss=4.6698  grad=3.094  S_E=1.000 S_U=0.000
step  4450  loss=4.1539  grad=2.719  S_E=1.000 S_U=0.000
step  4500  loss=4.3831  grad=2.734  S_E=1.000 S_U=0.000

  step  4500  val_ppl=19.11  dom=?
          val_ppl=19.11
step  4550  loss=4.7373  grad=2.547  S_E=1.000 S_U=0.000
step  4600  loss=4.1655  grad=2.859  S_E=1.000 S_U=0.000
step  4650  loss=4.0022  grad=2.656  S_E=1.000 S_U=0.000
step  4700  loss=4.1425  grad=2.672  S_E=1.000 S_U=0.000
step  4750  loss=4.6264  grad=2.562  S_E=1.000 S_U=0.000
step  4800  loss=3.7613  grad=2.562  S_E=1.000 S_U=0.000
step  4850  loss=4.1674  grad=2.672  S_E=1.000 S_U=0.000
step  4900  loss=4.1306  grad=2.547  S_E=1.000 S_U=0.000
step  4950  loss=4.2309  grad=2.469  S_E=1.000 S_U=0.000
step  5000  loss=4.4677  grad=2.516  S_E=1.000 S_U=0.000

  step  5000  val_ppl=19.01  dom=?
          val_ppl=19.01
step  5050  loss=4.2705  grad=2.734  S_E=1.000 S_U=0.000
step  5100  loss=3.4212  grad=2.859  S_E=1.000 S_U=0.000
step  5150  loss=4.3760  grad=3.031  S_E=1.000 S_U=0.000
step  5200  loss=4.5074  grad=2.953  S_E=1.000 S_U=0.000
step  5250  loss=4.2708  grad=2.547  S_E=1.000 S_U=0.000
step  5300  loss=4.2774  grad=2.938  S_E=1.000 S_U=0.000
step  5350  loss=4.2843  grad=2.469  S_E=1.000 S_U=0.000
step  5400  loss=4.3290  grad=2.891  S_E=1.000 S_U=0.000
step  5450  loss=4.3227  grad=2.672  S_E=1.000 S_U=0.000
step  5500  loss=3.8321  grad=2.609  S_E=1.000 S_U=0.000

  step  5500  val_ppl=18.92  dom=?
          val_ppl=18.92
step  5550  loss=4.3725  grad=2.578  S_E=1.000 S_U=0.000
step  5600  loss=3.4936  grad=2.750  S_E=1.000 S_U=0.000
step  5650  loss=4.5210  grad=3.594  S_E=1.000 S_U=0.000
step  5700  loss=4.2703  grad=2.656  S_E=1.000 S_U=0.000
step  5750  loss=4.3430  grad=3.172  S_E=1.000 S_U=0.000
step  5800  loss=4.4149  grad=2.609  S_E=1.000 S_U=0.000
step  5850  loss=4.2913  grad=2.859  S_E=1.000 S_U=0.000
step  5900  loss=3.9430  grad=3.078  S_E=1.000 S_U=0.000
step  5950  loss=3.5524  grad=2.688  S_E=1.000 S_U=0.000
step  6000  loss=4.3486  grad=2.734  S_E=1.000 S_U=0.000

  step  6000  val_ppl=18.83  dom=?
          val_ppl=18.83
step  6050  loss=3.9942  grad=3.094  S_E=1.000 S_U=0.000
step  6100  loss=4.7746  grad=3.344  S_E=1.000 S_U=0.000
step  6150  loss=3.5765  grad=3.266  S_E=1.000 S_U=0.000
step  6200  loss=3.5557  grad=2.734  S_E=1.000 S_U=0.000
step  6250  loss=3.9976  grad=3.422  S_E=1.000 S_U=0.000
step  6300  loss=3.9488  grad=3.078  S_E=1.000 S_U=0.000
step  6350  loss=4.2106  grad=2.609  S_E=1.000 S_U=0.000
step  6400  loss=4.4019  grad=3.062  S_E=1.000 S_U=0.000
step  6450  loss=4.2072  grad=2.875  S_E=1.000 S_U=0.000
step  6500  loss=4.5951  grad=2.625  S_E=1.000 S_U=0.000

  step  6500  val_ppl=18.78  dom=?
          val_ppl=18.78
step  6550  loss=4.1454  grad=2.625  S_E=1.000 S_U=0.000
step  6600  loss=4.1098  grad=2.984  S_E=1.000 S_U=0.000
step  6650  loss=3.7871  grad=2.875  S_E=1.000 S_U=0.000
step  6700  loss=4.4911  grad=2.734  S_E=1.000 S_U=0.000
step  6750  loss=4.3886  grad=2.734  S_E=1.000 S_U=0.000
step  6800  loss=4.5921  grad=3.188  S_E=1.000 S_U=0.000
step  6850  loss=4.4317  grad=2.859  S_E=1.000 S_U=0.000
step  6900  loss=4.4338  grad=2.703  S_E=1.000 S_U=0.000
step  6950  loss=4.5261  grad=3.125  S_E=1.000 S_U=0.000
step  7000  loss=4.3590  grad=2.500  S_E=1.000 S_U=0.000

  step  7000  val_ppl=18.74  dom=?
          val_ppl=18.74
step  7050  loss=3.2818  grad=2.422  S_E=1.000 S_U=0.000
step  7100  loss=4.5503  grad=2.734  S_E=1.000 S_U=0.000
step  7150  loss=4.3594  grad=3.266  S_E=1.000 S_U=0.000
step  7200  loss=4.0549  grad=3.438  S_E=1.000 S_U=0.000
step  7250  loss=4.2063  grad=2.812  S_E=1.000 S_U=0.000
step  7300  loss=3.6681  grad=2.812  S_E=1.000 S_U=0.000
step  7350  loss=4.0907  grad=3.516  S_E=1.000 S_U=0.000
step  7400  loss=4.6659  grad=3.016  S_E=1.000 S_U=0.000
step  7450  loss=3.6434  grad=2.641  S_E=1.000 S_U=0.000
step  7500  loss=3.9615  grad=3.078  S_E=1.000 S_U=0.000

  step  7500  val_ppl=18.65  dom=?
          val_ppl=18.65
step  7550  loss=4.4637  grad=2.562  S_E=1.000 S_U=0.000
step  7600  loss=4.3470  grad=3.328  S_E=1.000 S_U=0.000
step  7650  loss=4.1750  grad=3.094  S_E=1.000 S_U=0.000
step  7700  loss=3.7279  grad=2.672  S_E=1.000 S_U=0.000
step  7750  loss=4.3758  grad=2.656  S_E=1.000 S_U=0.000
step  7800  loss=4.2310  grad=2.922  S_E=1.000 S_U=0.000
step  7850  loss=4.4896  grad=2.750  S_E=1.000 S_U=0.000
step  7900  loss=4.0996  grad=2.781  S_E=1.000 S_U=0.000
step  7950  loss=3.9500  grad=2.859  S_E=1.000 S_U=0.000
step  8000  loss=4.3938  grad=3.156  S_E=1.000 S_U=0.000

  step  8000  val_ppl=18.66  dom=?
          val_ppl=18.66
step  8050  loss=4.4291  grad=3.016  S_E=1.000 S_U=0.000
step  8100  loss=3.8706  grad=2.547  S_E=1.000 S_U=0.000
step  8150  loss=3.5363  grad=2.812  S_E=1.000 S_U=0.000
step  8200  loss=3.8719  grad=4.094  S_E=1.000 S_U=0.000
step  8250  loss=4.1283  grad=2.859  S_E=1.000 S_U=0.000
step  8300  loss=3.9074  grad=2.594  S_E=1.000 S_U=0.000
step  8350  loss=4.7987  grad=3.453  S_E=1.000 S_U=0.000
step  8400  loss=4.8676  grad=2.828  S_E=1.000 S_U=0.000
step  8450  loss=4.4662  grad=3.312  S_E=1.000 S_U=0.000
step  8500  loss=4.6095  grad=3.062  S_E=1.000 S_U=0.000

  step  8500  val_ppl=18.59  dom=?
          val_ppl=18.59
step  8550  loss=4.3180  grad=3.016  S_E=1.000 S_U=0.000
step  8600  loss=3.6900  grad=3.219  S_E=1.000 S_U=0.000
step  8650  loss=4.1856  grad=2.547  S_E=1.000 S_U=0.000
step  8700  loss=4.3060  grad=2.672  S_E=1.000 S_U=0.000
step  8750  loss=4.4969  grad=3.016  S_E=1.000 S_U=0.000
step  8800  loss=4.4853  grad=2.750  S_E=1.000 S_U=0.000
step  8850  loss=4.3257  grad=2.188  S_E=1.000 S_U=0.000
step  8900  loss=4.3105  grad=3.469  S_E=1.000 S_U=0.000
step  8950  loss=4.3609  grad=2.984  S_E=1.000 S_U=0.000
step  9000  loss=4.3689  grad=3.078  S_E=1.000 S_U=0.000

  step  9000  val_ppl=18.51  dom=?
          val_ppl=18.51
step  9050  loss=4.2800  grad=3.047  S_E=1.000 S_U=0.000
step  9100  loss=4.0327  grad=2.891  S_E=1.000 S_U=0.000
step  9150  loss=4.2279  grad=2.781  S_E=1.000 S_U=0.000
step  9200  loss=4.3831  grad=2.906  S_E=1.000 S_U=0.000
step  9250  loss=4.5893  grad=2.734  S_E=1.000 S_U=0.000
step  9300  loss=4.2792  grad=2.859  S_E=1.000 S_U=0.000
step  9350  loss=4.8873  grad=2.781  S_E=1.000 S_U=0.000
step  9400  loss=3.8637  grad=3.000  S_E=1.000 S_U=0.000
step  9450  loss=4.6317  grad=3.234  S_E=1.000 S_U=0.000
step  9500  loss=3.9982  grad=3.250  S_E=1.000 S_U=0.000

  step  9500  val_ppl=18.47  dom=?
          val_ppl=18.47
step  9550  loss=4.8668  grad=2.719  S_E=1.000 S_U=0.000
step  9600  loss=4.5042  grad=2.891  S_E=1.000 S_U=0.000
step  9650  loss=3.8836  grad=2.688  S_E=1.000 S_U=0.000
step  9700  loss=4.2747  grad=2.594  S_E=1.000 S_U=0.000
step  9750  loss=4.4431  grad=2.672  S_E=1.000 S_U=0.000
step  9800  loss=4.5758  grad=2.609  S_E=1.000 S_U=0.000
step  9850  loss=4.7372  grad=3.234  S_E=1.000 S_U=0.000
step  9900  loss=4.1189  grad=2.531  S_E=1.000 S_U=0.000
step  9950  loss=4.3487  grad=3.109  S_E=1.000 S_U=0.000
step 10000  loss=3.9060  grad=3.469  S_E=1.000 S_U=0.000

  step 10000  val_ppl=18.46  dom=?
          val_ppl=18.46
step 10050  loss=4.3330  grad=2.953  S_E=1.000 S_U=0.000
step 10100  loss=4.8971  grad=3.062  S_E=1.000 S_U=0.000
step 10150  loss=4.2320  grad=3.422  S_E=1.000 S_U=0.000
step 10200  loss=4.1461  grad=3.109  S_E=1.000 S_U=0.000
step 10250  loss=4.7092  grad=2.703  S_E=1.000 S_U=0.000
step 10300  loss=3.9923  grad=3.047  S_E=1.000 S_U=0.000
step 10350  loss=4.0229  grad=2.891  S_E=1.000 S_U=0.000
step 10400  loss=4.0183  grad=2.922  S_E=1.000 S_U=0.000
step 10450  loss=3.4777  grad=2.625  S_E=1.000 S_U=0.000
step 10500  loss=4.0129  grad=2.828  S_E=1.000 S_U=0.000

  step 10500  val_ppl=18.44  dom=?
          val_ppl=18.44
step 10550  loss=4.0525  grad=2.656  S_E=1.000 S_U=0.000
step 10600  loss=4.1023  grad=3.219  S_E=1.000 S_U=0.000
step 10650  loss=4.4419  grad=2.906  S_E=1.000 S_U=0.000
step 10700  loss=4.4256  grad=3.312  S_E=1.000 S_U=0.000
step 10750  loss=4.5886  grad=3.109  S_E=1.000 S_U=0.000
step 10800  loss=4.0269  grad=2.891  S_E=1.000 S_U=0.000
step 10850  loss=4.1447  grad=2.859  S_E=1.000 S_U=0.000
step 10900  loss=4.4555  grad=2.719  S_E=1.000 S_U=0.000
step 10950  loss=4.3960  grad=2.578  S_E=1.000 S_U=0.000
step 11000  loss=4.6224  grad=2.984  S_E=1.000 S_U=0.000

  step 11000  val_ppl=18.41  dom=?
          val_ppl=18.41
step 11050  loss=4.1020  grad=3.391  S_E=1.000 S_U=0.000
step 11100  loss=4.1166  grad=3.328  S_E=1.000 S_U=0.000
step 11150  loss=4.0620  grad=3.281  S_E=1.000 S_U=0.000
step 11200  loss=4.1447  grad=2.969  S_E=1.000 S_U=0.000
step 11250  loss=4.6609  grad=3.016  S_E=1.000 S_U=0.000
step 11300  loss=4.5073  grad=2.906  S_E=1.000 S_U=0.000
step 11350  loss=4.6189  grad=3.156  S_E=1.000 S_U=0.000
step 11400  loss=4.5232  grad=3.125  S_E=1.000 S_U=0.000
step 11450  loss=4.4079  grad=2.516  S_E=1.000 S_U=0.000
step 11500  loss=4.5418  grad=2.984  S_E=1.000 S_U=0.000

  step 11500  val_ppl=18.33  dom=?
          val_ppl=18.33
step 11550  loss=4.0261  grad=3.047  S_E=1.000 S_U=0.000
step 11600  loss=4.1171  grad=2.891  S_E=1.000 S_U=0.000
step 11650  loss=4.0123  grad=2.672  S_E=1.000 S_U=0.000
step 11700  loss=3.8963  grad=2.641  S_E=1.000 S_U=0.000
step 11750  loss=4.4851  grad=3.062  S_E=1.000 S_U=0.000
step 11800  loss=4.6436  grad=3.250  S_E=1.000 S_U=0.000
step 11850  loss=4.9000  grad=3.000  S_E=1.000 S_U=0.000
step 11900  loss=4.0740  grad=3.578  S_E=1.000 S_U=0.000
step 11950  loss=4.4569  grad=2.938  S_E=1.000 S_U=0.000
step 12000  loss=4.2735  grad=2.656  S_E=1.000 S_U=0.000

  step 12000  val_ppl=18.27  dom=?
          val_ppl=18.27
step 12050  loss=4.0191  grad=3.391  S_E=1.000 S_U=0.000
step 12100  loss=3.5874  grad=3.031  S_E=1.000 S_U=0.000
step 12150  loss=4.2371  grad=2.938  S_E=1.000 S_U=0.000
step 12200  loss=4.0495  grad=3.312  S_E=1.000 S_U=0.000
step 12250  loss=4.3809  grad=2.703  S_E=1.000 S_U=0.000
step 12300  loss=4.1172  grad=3.078  S_E=1.000 S_U=0.000
step 12350  loss=4.5952  grad=2.781  S_E=1.000 S_U=0.000
step 12400  loss=4.9117  grad=3.406  S_E=1.000 S_U=0.000
step 12450  loss=3.9016  grad=3.047  S_E=1.000 S_U=0.000
step 12500  loss=4.8815  grad=3.047  S_E=1.000 S_U=0.000

  step 12500  val_ppl=18.26  dom=?
          val_ppl=18.26
step 12550  loss=4.0774  grad=2.984  S_E=1.000 S_U=0.000
step 12600  loss=4.0477  grad=2.922  S_E=1.000 S_U=0.000
step 12650  loss=4.2179  grad=3.188  S_E=1.000 S_U=0.000
step 12700  loss=4.2809  grad=3.031  S_E=1.000 S_U=0.000
step 12750  loss=4.7361  grad=3.422  S_E=1.000 S_U=0.000
step 12800  loss=4.1957  grad=3.844  S_E=1.000 S_U=0.000
step 12850  loss=3.7051  grad=2.953  S_E=1.000 S_U=0.000
step 12900  loss=3.8537  grad=2.797  S_E=1.000 S_U=0.000
step 12950  loss=4.1214  grad=2.859  S_E=1.000 S_U=0.000
step 13000  loss=4.0996  grad=3.812  S_E=1.000 S_U=0.000

  step 13000  val_ppl=18.25  dom=?
          val_ppl=18.25
step 13050  loss=4.8216  grad=3.203  S_E=1.000 S_U=0.000
step 13100  loss=4.1300  grad=3.594  S_E=1.000 S_U=0.000
step 13150  loss=4.2890  grad=3.125  S_E=1.000 S_U=0.000
step 13200  loss=3.8419  grad=3.219  S_E=1.000 S_U=0.000
step 13250  loss=3.9655  grad=2.922  S_E=1.000 S_U=0.000
step 13300  loss=4.4294  grad=2.859  S_E=1.000 S_U=0.000
step 13350  loss=4.2657  grad=3.047  S_E=1.000 S_U=0.000
step 13400  loss=4.1264  grad=3.203  S_E=1.000 S_U=0.000
step 13450  loss=4.2377  grad=3.203  S_E=1.000 S_U=0.000
step 13500  loss=4.7852  grad=3.438  S_E=1.000 S_U=0.000

  step 13500  val_ppl=18.29  dom=?
          val_ppl=18.29
step 13550  loss=4.3882  grad=3.391  S_E=1.000 S_U=0.000
step 13600  loss=4.7040  grad=3.047  S_E=1.000 S_U=0.000
step 13650  loss=3.9900  grad=3.062  S_E=1.000 S_U=0.000
step 13700  loss=4.5260  grad=3.203  S_E=1.000 S_U=0.000
step 13750  loss=4.3507  grad=3.109  S_E=1.000 S_U=0.000
step 13800  loss=4.2491  grad=2.844  S_E=1.000 S_U=0.000
step 13850  loss=4.0892  grad=2.719  S_E=1.000 S_U=0.000
step 13900  loss=4.0942  grad=4.031  S_E=1.000 S_U=0.000
step 13950  loss=4.2314  grad=2.578  S_E=1.000 S_U=0.000
step 14000  loss=3.9966  grad=2.656  S_E=1.000 S_U=0.000

  step 14000  val_ppl=18.21  dom=?
          val_ppl=18.21
step 14050  loss=4.2009  grad=2.766  S_E=1.000 S_U=0.000
step 14100  loss=3.8348  grad=3.156  S_E=1.000 S_U=0.000
step 14150  loss=4.0667  grad=3.266  S_E=1.000 S_U=0.000
step 14200  loss=3.7505  grad=3.172  S_E=1.000 S_U=0.000
step 14250  loss=4.2769  grad=3.266  S_E=1.000 S_U=0.000
step 14300  loss=3.9382  grad=2.922  S_E=1.000 S_U=0.000
step 14350  loss=4.2603  grad=3.719  S_E=1.000 S_U=0.000
step 14400  loss=3.6702  grad=3.594  S_E=1.000 S_U=0.000
step 14450  loss=3.9990  grad=3.203  S_E=1.000 S_U=0.000
step 14500  loss=4.3675  grad=3.047  S_E=1.000 S_U=0.000

  step 14500  val_ppl=18.25  dom=?
          val_ppl=18.25
step 14550  loss=4.4528  grad=3.266  S_E=1.000 S_U=0.000
step 14600  loss=3.9608  grad=2.984  S_E=1.000 S_U=0.000
step 14650  loss=3.9565  grad=2.953  S_E=1.000 S_U=0.000
step 14700  loss=4.0780  grad=3.062  S_E=1.000 S_U=0.000
step 14750  loss=4.1853  grad=3.141  S_E=1.000 S_U=0.000
step 14800  loss=4.1665  grad=2.812  S_E=1.000 S_U=0.000
step 14850  loss=4.2363  grad=3.000  S_E=1.000 S_U=0.000
step 14900  loss=4.8225  grad=3.422  S_E=1.000 S_U=0.000
step 14950  loss=3.3038  grad=3.156  S_E=1.000 S_U=0.000
step 15000  loss=3.5701  grad=3.594  S_E=1.000 S_U=0.000

  step 15000  val_ppl=18.20  dom=?
          val_ppl=18.20
step 15050  loss=4.7429  grad=3.094  S_E=1.000 S_U=0.000
step 15100  loss=4.1068  grad=3.078  S_E=1.000 S_U=0.000
step 15150  loss=3.5425  grad=3.375  S_E=1.000 S_U=0.000
step 15200  loss=4.6097  grad=3.156  S_E=1.000 S_U=0.000
step 15250  loss=4.5917  grad=3.281  S_E=1.000 S_U=0.000
step 15300  loss=3.9345  grad=3.734  S_E=1.000 S_U=0.000
step 15350  loss=3.8829  grad=2.953  S_E=1.000 S_U=0.000
step 15400  loss=4.5527  grad=3.188  S_E=1.000 S_U=0.000
step 15450  loss=4.6520  grad=3.141  S_E=1.000 S_U=0.000
step 15500  loss=4.5229  grad=2.984  S_E=1.000 S_U=0.000

  step 15500  val_ppl=18.16  dom=?
          val_ppl=18.16
step 15550  loss=4.4756  grad=3.594  S_E=1.000 S_U=0.000
step 15600  loss=4.5623  grad=3.250  S_E=1.000 S_U=0.000
step 15650  loss=3.8841  grad=2.859  S_E=1.000 S_U=0.000
step 15700  loss=4.0594  grad=3.031  S_E=1.000 S_U=0.000
step 15750  loss=4.5566  grad=3.281  S_E=1.000 S_U=0.000
step 15800  loss=4.8615  grad=2.812  S_E=1.000 S_U=0.000
step 15850  loss=3.9078  grad=3.484  S_E=1.000 S_U=0.000
step 15900  loss=4.1978  grad=3.281  S_E=1.000 S_U=0.000
step 15950  loss=4.3446  grad=3.234  S_E=1.000 S_U=0.000
step 16000  loss=4.9593  grad=3.156  S_E=1.000 S_U=0.000

  step 16000  val_ppl=18.17  dom=?
          val_ppl=18.17
step 16050  loss=3.5926  grad=3.562  S_E=1.000 S_U=0.000
step 16100  loss=3.7655  grad=2.422  S_E=1.000 S_U=0.000
step 16150  loss=3.9270  grad=2.969  S_E=1.000 S_U=0.000
step 16200  loss=4.5014  grad=3.094  S_E=1.000 S_U=0.000
step 16250  loss=4.0793  grad=3.484  S_E=1.000 S_U=0.000
step 16300  loss=4.4166  grad=2.875  S_E=1.000 S_U=0.000
step 16350  loss=3.4368  grad=3.906  S_E=1.000 S_U=0.000
step 16400  loss=4.1483  grad=3.141  S_E=1.000 S_U=0.000
step 16450  loss=4.0273  grad=3.531  S_E=1.000 S_U=0.000
step 16500  loss=4.6227  grad=2.797  S_E=1.000 S_U=0.000

  step 16500  val_ppl=18.13  dom=?
          val_ppl=18.13
step 16550  loss=4.4346  grad=3.203  S_E=1.000 S_U=0.000
step 16600  loss=3.6554  grad=3.766  S_E=1.000 S_U=0.000
step 16650  loss=4.2243  grad=2.844  S_E=1.000 S_U=0.000
step 16700  loss=4.5109  grad=3.000  S_E=1.000 S_U=0.000
step 16750  loss=4.2844  grad=3.609  S_E=1.000 S_U=0.000
step 16800  loss=4.4928  grad=2.797  S_E=1.000 S_U=0.000
step 16850  loss=3.8448  grad=3.078  S_E=1.000 S_U=0.000
step 16900  loss=3.6703  grad=2.906  S_E=1.000 S_U=0.000
step 16950  loss=4.4940  grad=3.094  S_E=1.000 S_U=0.000
step 17000  loss=3.9954  grad=2.781  S_E=1.000 S_U=0.000

  step 17000  val_ppl=18.14  dom=?
          val_ppl=18.14
step 17050  loss=4.0609  grad=3.281  S_E=1.000 S_U=0.000
step 17100  loss=4.4594  grad=3.422  S_E=1.000 S_U=0.000
step 17150  loss=4.2568  grad=3.469  S_E=1.000 S_U=0.000
step 17200  loss=4.2363  grad=3.297  S_E=1.000 S_U=0.000
step 17250  loss=4.4757  grad=3.375  S_E=1.000 S_U=0.000
step 17300  loss=4.1218  grad=3.078  S_E=1.000 S_U=0.000
step 17350  loss=4.6134  grad=3.703  S_E=1.000 S_U=0.000
step 17400  loss=4.0991  grad=3.016  S_E=1.000 S_U=0.000
step 17450  loss=4.3381  grad=2.891  S_E=1.000 S_U=0.000
step 17500  loss=4.2746  grad=2.828  S_E=1.000 S_U=0.000

  step 17500  val_ppl=18.11  dom=?
          val_ppl=18.11
step 17550  loss=4.1939  grad=2.953  S_E=1.000 S_U=0.000
step 17600  loss=4.2358  grad=3.609  S_E=1.000 S_U=0.000
step 17650  loss=4.4729  grad=3.219  S_E=1.000 S_U=0.000
step 17700  loss=4.2307  grad=3.188  S_E=1.000 S_U=0.000
step 17750  loss=4.3019  grad=3.125  S_E=1.000 S_U=0.000
step 17800  loss=4.1819  grad=2.984  S_E=1.000 S_U=0.000
step 17850  loss=4.1039  grad=2.906  S_E=1.000 S_U=0.000
step 17900  loss=4.3619  grad=2.469  S_E=1.000 S_U=0.000
step 17950  loss=4.1976  grad=3.656  S_E=1.000 S_U=0.000
step 18000  loss=3.3122  grad=2.672  S_E=1.000 S_U=0.000

  step 18000  val_ppl=18.06  dom=?
          val_ppl=18.06
step 18050  loss=4.2789  grad=2.953  S_E=1.000 S_U=0.000
step 18100  loss=3.9538  grad=3.047  S_E=1.000 S_U=0.000
step 18150  loss=4.2734  grad=3.641  S_E=1.000 S_U=0.000
step 18200  loss=4.1326  grad=3.281  S_E=1.000 S_U=0.000
step 18250  loss=4.4905  grad=3.281  S_E=1.000 S_U=0.000
step 18300  loss=4.4410  grad=2.797  S_E=1.000 S_U=0.000
step 18350  loss=4.4975  grad=3.047  S_E=1.000 S_U=0.000
step 18400  loss=4.6687  grad=3.562  S_E=1.000 S_U=0.000
step 18450  loss=4.9915  grad=3.062  S_E=1.000 S_U=0.000
step 18500  loss=4.5765  grad=2.984  S_E=1.000 S_U=0.000

  step 18500  val_ppl=18.10  dom=?
          val_ppl=18.10
step 18550  loss=4.4436  grad=2.953  S_E=1.000 S_U=0.000
step 18600  loss=4.3574  grad=3.109  S_E=1.000 S_U=0.000
step 18650  loss=3.7412  grad=3.031  S_E=1.000 S_U=0.000
step 18700  loss=4.3062  grad=2.672  S_E=1.000 S_U=0.000
step 18750  loss=4.2943  grad=3.547  S_E=1.000 S_U=0.000
step 18800  loss=3.9998  grad=3.469  S_E=1.000 S_U=0.000
step 18850  loss=3.7501  grad=3.016  S_E=1.000 S_U=0.000
step 18900  loss=4.5052  grad=3.375  S_E=1.000 S_U=0.000
step 18950  loss=3.4239  grad=3.188  S_E=1.000 S_U=0.000
step 19000  loss=3.9259  grad=3.453  S_E=1.000 S_U=0.000

  step 19000  val_ppl=18.04  dom=?
          val_ppl=18.04
step 19050  loss=4.1268  grad=3.219  S_E=1.000 S_U=0.000
step 19100  loss=4.0691  grad=2.906  S_E=1.000 S_U=0.000
step 19150  loss=4.1381  grad=3.266  S_E=1.000 S_U=0.000
step 19200  loss=4.4183  grad=2.953  S_E=1.000 S_U=0.000
step 19250  loss=3.6498  grad=3.000  S_E=1.000 S_U=0.000
step 19300  loss=4.1684  grad=2.938  S_E=1.000 S_U=0.000
step 19350  loss=4.2230  grad=3.656  S_E=1.000 S_U=0.000
step 19400  loss=4.3925  grad=2.984  S_E=1.000 S_U=0.000
step 19450  loss=4.2375  grad=3.359  S_E=1.000 S_U=0.000
step 19500  loss=4.2558  grad=3.219  S_E=1.000 S_U=0.000

  step 19500  val_ppl=18.04  dom=?
          val_ppl=18.04
step 19550  loss=4.7721  grad=3.172  S_E=1.000 S_U=0.000
step 19600  loss=4.2110  grad=2.953  S_E=1.000 S_U=0.000
step 19650  loss=4.2222  grad=3.625  S_E=1.000 S_U=0.000
step 19700  loss=3.9750  grad=2.859  S_E=1.000 S_U=0.000
step 19750  loss=4.2880  grad=2.875  S_E=1.000 S_U=0.000
step 19800  loss=3.5863  grad=3.078  S_E=1.000 S_U=0.000
step 19850  loss=4.0903  grad=2.656  S_E=1.000 S_U=0.000
step 19900  loss=4.3583  grad=3.297  S_E=1.000 S_U=0.000
step 19950  loss=3.3429  grad=3.281  S_E=1.000 S_U=0.000
  [final] val_ppl=18.05
          val_ppl=18.05

── Timing breakdown ─────────────────────────────────
  component    ms/step   % total   calls
  ────────── ─────────  ────────  ──────
  data           32.07     45.7%   20000
  bandit          0.00      0.0%   20000
  fwd             5.94      8.5%   20400
  score           0.31      0.4%     400
  bwd            31.84     45.4%   20000
  ────────── ─────────  ────────  ──────
  TOTAL          70.18    100.0%

  Rescore steps:          400/20000 (2.0% of steps)
  Cost per rescore:       15.65 ms
  Amortised scorer:       0.313 ms/step (0.45% of total)
  Paper claims ~1%:       ✓ within paper claim
────────────────────────────────────────────────────

Final val PPL (rho1): 18.05
Scorer overhead: 0.44% of total wall time
✓ Within paper's ~1% claim
