backend=cuda  dtype=torch.bfloat16  seed=42
[data] train: 950.0M tokens
[data] val: 50.0M tokens
[liger] Not enabled: cannot import name 'apply_liger_kernel_to_gpt2' from 'liger_kernel.transformers' (/lustre/fsn1/projects/rech/sum/ufj45ra/venvs/sieve/lib/python3.12/site-packages/liger_kernel/transformers/__init__.py)
step     0  loss=5.1381  grad=7.750  S_E=1.000 S_U=0.000
step    50  loss=4.3594  grad=3.922  S_E=1.000 S_U=0.000
step   100  loss=4.6323  grad=3.359  S_E=1.000 S_U=0.000
step   150  loss=4.4897  grad=3.750  S_E=1.000 S_U=0.000
step   200  loss=4.4965  grad=3.734  S_E=1.000 S_U=0.000
step   250  loss=4.7987  grad=3.719  S_E=1.000 S_U=0.000
step   300  loss=4.2008  grad=3.000  S_E=1.000 S_U=0.000
step   350  loss=4.7789  grad=3.172  S_E=1.000 S_U=0.000
step   400  loss=4.6606  grad=3.344  S_E=1.000 S_U=0.000
step   450  loss=4.2804  grad=3.172  S_E=1.000 S_U=0.000
step   500  loss=4.8375  grad=3.469  S_E=1.000 S_U=0.000

  step   500  val_ppl=21.12  dom=?
          val_ppl=21.12
step   550  loss=3.8958  grad=3.609  S_E=1.000 S_U=0.000
step   600  loss=4.4638  grad=2.938  S_E=1.000 S_U=0.000
step   650  loss=4.5512  grad=3.078  S_E=1.000 S_U=0.000
step   700  loss=4.4902  grad=2.734  S_E=1.000 S_U=0.000
step   750  loss=4.9462  grad=2.656  S_E=1.000 S_U=0.000
step   800  loss=4.5874  grad=2.703  S_E=1.000 S_U=0.000
step   850  loss=4.0402  grad=3.062  S_E=1.000 S_U=0.000
step   900  loss=4.4746  grad=2.797  S_E=1.000 S_U=0.000
step   950  loss=4.4555  grad=2.594  S_E=1.000 S_U=0.000
step  1000  loss=4.6173  grad=2.500  S_E=1.000 S_U=0.000

  step  1000  val_ppl=20.72  dom=?
          val_ppl=20.72
step  1050  loss=4.4870  grad=2.500  S_E=1.000 S_U=0.000
step  1100  loss=4.4340  grad=2.766  S_E=1.000 S_U=0.000
step  1150  loss=4.3017  grad=2.938  S_E=1.000 S_U=0.000
step  1200  loss=3.7779  grad=2.609  S_E=1.000 S_U=0.000
step  1250  loss=4.2887  grad=2.594  S_E=1.000 S_U=0.000
step  1300  loss=4.1197  grad=2.531  S_E=1.000 S_U=0.000
step  1350  loss=5.0798  grad=2.672  S_E=1.000 S_U=0.000
step  1400  loss=4.3081  grad=2.156  S_E=1.000 S_U=0.000
step  1450  loss=4.8557  grad=2.531  S_E=1.000 S_U=0.000
step  1500  loss=5.0707  grad=2.641  S_E=1.000 S_U=0.000

  step  1500  val_ppl=20.19  dom=?
          val_ppl=20.19
step  1550  loss=3.5566  grad=3.094  S_E=1.000 S_U=0.000
step  1600  loss=4.4243  grad=2.750  S_E=1.000 S_U=0.000
step  1650  loss=4.0905  grad=7.281  S_E=1.000 S_U=0.000
step  1700  loss=4.3884  grad=2.656  S_E=1.000 S_U=0.000
step  1750  loss=4.6028  grad=2.500  S_E=1.000 S_U=0.000
step  1800  loss=4.0317  grad=2.594  S_E=1.000 S_U=0.000
step  1850  loss=4.1543  grad=2.781  S_E=1.000 S_U=0.000
step  1900  loss=4.6506  grad=2.625  S_E=1.000 S_U=0.000
step  1950  loss=3.9340  grad=2.547  S_E=1.000 S_U=0.000
step  2000  loss=4.3827  grad=2.922  S_E=1.000 S_U=0.000

  step  2000  val_ppl=19.95  dom=?
          val_ppl=19.95
step  2050  loss=4.3715  grad=2.359  S_E=1.000 S_U=0.000
step  2100  loss=3.9455  grad=2.578  S_E=1.000 S_U=0.000
step  2150  loss=4.0640  grad=2.609  S_E=1.000 S_U=0.000
step  2200  loss=4.0360  grad=2.672  S_E=1.000 S_U=0.000
step  2250  loss=4.0519  grad=2.250  S_E=1.000 S_U=0.000
step  2300  loss=4.9249  grad=2.734  S_E=1.000 S_U=0.000
step  2350  loss=4.2698  grad=2.812  S_E=1.000 S_U=0.000
step  2400  loss=4.3088  grad=2.625  S_E=1.000 S_U=0.000
step  2450  loss=4.2736  grad=3.234  S_E=1.000 S_U=0.000
step  2500  loss=4.9947  grad=2.516  S_E=1.000 S_U=0.000

  step  2500  val_ppl=19.70  dom=?
          val_ppl=19.70
step  2550  loss=4.5426  grad=2.656  S_E=1.000 S_U=0.000
step  2600  loss=4.5237  grad=2.531  S_E=1.000 S_U=0.000
step  2650  loss=5.4818  grad=2.703  S_E=1.000 S_U=0.000
step  2700  loss=4.4820  grad=3.172  S_E=1.000 S_U=0.000
step  2750  loss=4.2371  grad=2.516  S_E=1.000 S_U=0.000
step  2800  loss=4.3184  grad=2.531  S_E=1.000 S_U=0.000
step  2850  loss=3.7376  grad=2.516  S_E=1.000 S_U=0.000
step  2900  loss=4.7743  grad=2.547  S_E=1.000 S_U=0.000
step  2950  loss=4.6045  grad=2.953  S_E=1.000 S_U=0.000
step  3000  loss=4.3647  grad=2.891  S_E=1.000 S_U=0.000

  step  3000  val_ppl=19.48  dom=?
          val_ppl=19.48
step  3050  loss=4.2125  grad=2.656  S_E=1.000 S_U=0.000
step  3100  loss=4.4953  grad=2.891  S_E=1.000 S_U=0.000
step  3150  loss=4.4875  grad=2.656  S_E=1.000 S_U=0.000
step  3200  loss=4.3092  grad=2.562  S_E=1.000 S_U=0.000
step  3250  loss=4.4901  grad=2.578  S_E=1.000 S_U=0.000
step  3300  loss=3.9916  grad=2.781  S_E=1.000 S_U=0.000
step  3350  loss=3.9615  grad=5.062  S_E=1.000 S_U=0.000
step  3400  loss=4.5812  grad=2.828  S_E=1.000 S_U=0.000
step  3450  loss=4.3511  grad=2.375  S_E=1.000 S_U=0.000
step  3500  loss=4.3382  grad=2.719  S_E=1.000 S_U=0.000

  step  3500  val_ppl=19.33  dom=?
          val_ppl=19.33
step  3550  loss=4.6306  grad=3.125  S_E=1.000 S_U=0.000
step  3600  loss=4.4611  grad=3.016  S_E=1.000 S_U=0.000
step  3650  loss=4.5917  grad=2.844  S_E=1.000 S_U=0.000
step  3700  loss=4.3591  grad=2.766  S_E=1.000 S_U=0.000
step  3750  loss=4.7213  grad=2.969  S_E=1.000 S_U=0.000
step  3800  loss=4.0012  grad=2.656  S_E=1.000 S_U=0.000
step  3850  loss=4.0948  grad=2.672  S_E=1.000 S_U=0.000
step  3900  loss=4.1373  grad=3.016  S_E=1.000 S_U=0.000
step  3950  loss=4.2934  grad=2.688  S_E=1.000 S_U=0.000
step  4000  loss=5.0645  grad=2.797  S_E=1.000 S_U=0.000

  step  4000  val_ppl=19.21  dom=?
          val_ppl=19.21
step  4050  loss=4.4159  grad=2.859  S_E=1.000 S_U=0.000
step  4100  loss=4.2670  grad=3.203  S_E=1.000 S_U=0.000
step  4150  loss=4.3267  grad=2.406  S_E=1.000 S_U=0.000
step  4200  loss=3.2939  grad=2.469  S_E=1.000 S_U=0.000
step  4250  loss=4.4289  grad=2.469  S_E=1.000 S_U=0.000
step  4300  loss=4.4869  grad=3.156  S_E=1.000 S_U=0.000
step  4350  loss=4.1487  grad=3.281  S_E=1.000 S_U=0.000
step  4400  loss=4.4459  grad=3.016  S_E=1.000 S_U=0.000
step  4450  loss=4.7482  grad=2.453  S_E=1.000 S_U=0.000
step  4500  loss=4.5539  grad=3.562  S_E=1.000 S_U=0.000

  step  4500  val_ppl=19.07  dom=?
          val_ppl=19.07
step  4550  loss=4.5003  grad=2.828  S_E=1.000 S_U=0.000
step  4600  loss=4.4814  grad=2.719  S_E=1.000 S_U=0.000
step  4650  loss=4.3104  grad=2.625  S_E=1.000 S_U=0.000
step  4700  loss=4.9982  grad=3.359  S_E=1.000 S_U=0.000
step  4750  loss=4.1525  grad=3.031  S_E=1.000 S_U=0.000
step  4800  loss=4.2666  grad=2.781  S_E=1.000 S_U=0.000
step  4850  loss=4.3954  grad=2.531  S_E=1.000 S_U=0.000
step  4900  loss=4.0348  grad=3.031  S_E=1.000 S_U=0.000
step  4950  loss=3.6315  grad=4.719  S_E=1.000 S_U=0.000
step  5000  loss=4.0360  grad=3.062  S_E=1.000 S_U=0.000

  step  5000  val_ppl=19.06  dom=?
          val_ppl=19.06
step  5050  loss=4.5206  grad=3.125  S_E=1.000 S_U=0.000
step  5100  loss=4.3030  grad=2.766  S_E=1.000 S_U=0.000
step  5150  loss=4.2227  grad=2.828  S_E=1.000 S_U=0.000
step  5200  loss=4.7180  grad=2.641  S_E=1.000 S_U=0.000
step  5250  loss=4.1618  grad=3.062  S_E=1.000 S_U=0.000
step  5300  loss=4.7642  grad=3.297  S_E=1.000 S_U=0.000
step  5350  loss=4.2658  grad=2.781  S_E=1.000 S_U=0.000
step  5400  loss=4.5612  grad=2.953  S_E=1.000 S_U=0.000
step  5450  loss=4.3898  grad=2.609  S_E=1.000 S_U=0.000
step  5500  loss=4.8672  grad=2.734  S_E=1.000 S_U=0.000

  step  5500  val_ppl=18.93  dom=?
          val_ppl=18.93
step  5550  loss=4.3340  grad=2.609  S_E=1.000 S_U=0.000
step  5600  loss=4.0425  grad=2.656  S_E=1.000 S_U=0.000
step  5650  loss=5.0774  grad=2.953  S_E=1.000 S_U=0.000
step  5700  loss=4.5561  grad=2.797  S_E=1.000 S_U=0.000
step  5750  loss=4.1081  grad=5.219  S_E=1.000 S_U=0.000
step  5800  loss=3.9247  grad=2.812  S_E=1.000 S_U=0.000
step  5850  loss=4.4479  grad=3.094  S_E=1.000 S_U=0.000
step  5900  loss=3.5120  grad=2.938  S_E=1.000 S_U=0.000
step  5950  loss=4.0407  grad=2.969  S_E=1.000 S_U=0.000
step  6000  loss=4.5643  grad=2.766  S_E=1.000 S_U=0.000

  step  6000  val_ppl=18.82  dom=?
          val_ppl=18.82
step  6050  loss=4.3908  grad=3.016  S_E=1.000 S_U=0.000
step  6100  loss=3.8835  grad=3.000  S_E=1.000 S_U=0.000
step  6150  loss=4.3685  grad=2.812  S_E=1.000 S_U=0.000
step  6200  loss=4.1591  grad=2.719  S_E=1.000 S_U=0.000
step  6250  loss=4.1575  grad=3.078  S_E=1.000 S_U=0.000
step  6300  loss=4.3240  grad=2.422  S_E=1.000 S_U=0.000
step  6350  loss=4.3808  grad=2.875  S_E=1.000 S_U=0.000
step  6400  loss=4.1944  grad=2.891  S_E=1.000 S_U=0.000
step  6450  loss=3.7374  grad=2.672  S_E=1.000 S_U=0.000
step  6500  loss=3.7871  grad=3.641  S_E=1.000 S_U=0.000

  step  6500  val_ppl=18.74  dom=?
          val_ppl=18.74
step  6550  loss=4.6105  grad=3.141  S_E=1.000 S_U=0.000
step  6600  loss=4.3423  grad=3.188  S_E=1.000 S_U=0.000
step  6650  loss=4.1568  grad=2.812  S_E=1.000 S_U=0.000
step  6700  loss=3.7816  grad=2.547  S_E=1.000 S_U=0.000
step  6750  loss=3.5683  grad=2.672  S_E=1.000 S_U=0.000
step  6800  loss=4.4936  grad=2.984  S_E=1.000 S_U=0.000
step  6850  loss=4.0232  grad=2.812  S_E=1.000 S_U=0.000
step  6900  loss=3.8441  grad=3.141  S_E=1.000 S_U=0.000
step  6950  loss=4.0022  grad=2.984  S_E=1.000 S_U=0.000
step  7000  loss=4.6083  grad=2.672  S_E=1.000 S_U=0.000

  step  7000  val_ppl=18.75  dom=?
          val_ppl=18.75
step  7050  loss=4.1221  grad=2.938  S_E=1.000 S_U=0.000
step  7100  loss=4.3182  grad=3.453  S_E=1.000 S_U=0.000
step  7150  loss=4.3270  grad=2.391  S_E=1.000 S_U=0.000
step  7200  loss=4.1724  grad=2.766  S_E=1.000 S_U=0.000
step  7250  loss=4.8477  grad=2.984  S_E=1.000 S_U=0.000
step  7300  loss=4.4028  grad=2.734  S_E=1.000 S_U=0.000
step  7350  loss=4.5582  grad=3.000  S_E=1.000 S_U=0.000
step  7400  loss=3.7107  grad=2.797  S_E=1.000 S_U=0.000
step  7450  loss=4.6646  grad=3.047  S_E=1.000 S_U=0.000
step  7500  loss=3.6377  grad=2.922  S_E=1.000 S_U=0.000

  step  7500  val_ppl=18.66  dom=?
          val_ppl=18.66
step  7550  loss=4.2725  grad=2.812  S_E=1.000 S_U=0.000
step  7600  loss=3.7942  grad=2.625  S_E=1.000 S_U=0.000
step  7650  loss=4.5735  grad=3.078  S_E=1.000 S_U=0.000
step  7700  loss=4.1003  grad=3.062  S_E=1.000 S_U=0.000
step  7750  loss=4.4215  grad=3.641  S_E=1.000 S_U=0.000
step  7800  loss=4.7381  grad=2.984  S_E=1.000 S_U=0.000
step  7850  loss=4.0591  grad=2.984  S_E=1.000 S_U=0.000
step  7900  loss=4.3557  grad=3.781  S_E=1.000 S_U=0.000
step  7950  loss=4.2757  grad=2.953  S_E=1.000 S_U=0.000
step  8000  loss=5.1407  grad=3.203  S_E=1.000 S_U=0.000

  step  8000  val_ppl=18.66  dom=?
          val_ppl=18.66
step  8050  loss=3.8271  grad=2.812  S_E=1.000 S_U=0.000
step  8100  loss=4.4060  grad=2.922  S_E=1.000 S_U=0.000
step  8150  loss=4.0650  grad=2.828  S_E=1.000 S_U=0.000
step  8200  loss=3.9234  grad=2.562  S_E=1.000 S_U=0.000
step  8250  loss=4.4945  grad=2.641  S_E=1.000 S_U=0.000
step  8300  loss=4.5280  grad=3.031  S_E=1.000 S_U=0.000
step  8350  loss=4.6628  grad=3.016  S_E=1.000 S_U=0.000
step  8400  loss=4.6929  grad=3.156  S_E=1.000 S_U=0.000
step  8450  loss=4.7005  grad=3.031  S_E=1.000 S_U=0.000
step  8500  loss=4.6348  grad=2.938  S_E=1.000 S_U=0.000

  step  8500  val_ppl=18.54  dom=?
          val_ppl=18.54
step  8550  loss=4.6345  grad=3.094  S_E=1.000 S_U=0.000
step  8600  loss=4.6609  grad=2.609  S_E=1.000 S_U=0.000
step  8650  loss=4.4595  grad=3.344  S_E=1.000 S_U=0.000
step  8700  loss=4.2666  grad=2.594  S_E=1.000 S_U=0.000
step  8750  loss=4.5975  grad=2.984  S_E=1.000 S_U=0.000
step  8800  loss=4.6218  grad=2.844  S_E=1.000 S_U=0.000
step  8850  loss=4.0768  grad=2.453  S_E=1.000 S_U=0.000
step  8900  loss=4.0172  grad=2.828  S_E=1.000 S_U=0.000
step  8950  loss=4.3028  grad=2.547  S_E=1.000 S_U=0.000
step  9000  loss=4.4092  grad=2.641  S_E=1.000 S_U=0.000

  step  9000  val_ppl=18.52  dom=?
          val_ppl=18.52
step  9050  loss=4.3212  grad=3.203  S_E=1.000 S_U=0.000
step  9100  loss=4.5464  grad=2.766  S_E=1.000 S_U=0.000
step  9150  loss=4.6430  grad=3.000  S_E=1.000 S_U=0.000
step  9200  loss=4.3529  grad=2.531  S_E=1.000 S_U=0.000
step  9250  loss=4.0294  grad=2.750  S_E=1.000 S_U=0.000
step  9300  loss=3.8544  grad=2.906  S_E=1.000 S_U=0.000
step  9350  loss=4.5647  grad=3.406  S_E=1.000 S_U=0.000
step  9400  loss=4.8797  grad=3.281  S_E=1.000 S_U=0.000
step  9450  loss=4.2853  grad=2.953  S_E=1.000 S_U=0.000
step  9500  loss=4.2255  grad=3.266  S_E=1.000 S_U=0.000

  step  9500  val_ppl=18.49  dom=?
          val_ppl=18.49
step  9550  loss=3.4330  grad=3.688  S_E=1.000 S_U=0.000
step  9600  loss=4.1820  grad=2.859  S_E=1.000 S_U=0.000
step  9650  loss=4.6184  grad=2.984  S_E=1.000 S_U=0.000
step  9700  loss=3.8478  grad=2.781  S_E=1.000 S_U=0.000
step  9750  loss=4.6292  grad=3.672  S_E=1.000 S_U=0.000
step  9800  loss=4.7699  grad=3.203  S_E=1.000 S_U=0.000
step  9850  loss=4.2430  grad=2.688  S_E=1.000 S_U=0.000
step  9900  loss=4.6453  grad=2.875  S_E=1.000 S_U=0.000
step  9950  loss=4.4545  grad=3.516  S_E=1.000 S_U=0.000
step 10000  loss=4.4879  grad=2.891  S_E=1.000 S_U=0.000

  step 10000  val_ppl=18.43  dom=?
          val_ppl=18.43
step 10050  loss=4.6815  grad=3.359  S_E=1.000 S_U=0.000
step 10100  loss=4.7044  grad=2.844  S_E=1.000 S_U=0.000
step 10150  loss=4.2988  grad=2.984  S_E=1.000 S_U=0.000
step 10200  loss=3.9623  grad=3.172  S_E=1.000 S_U=0.000
step 10250  loss=4.5367  grad=3.094  S_E=1.000 S_U=0.000
step 10300  loss=4.7966  grad=2.812  S_E=1.000 S_U=0.000
step 10350  loss=4.2974  grad=2.766  S_E=1.000 S_U=0.000
step 10400  loss=4.2360  grad=3.062  S_E=1.000 S_U=0.000
step 10450  loss=4.5686  grad=2.812  S_E=1.000 S_U=0.000
step 10500  loss=4.4742  grad=3.062  S_E=1.000 S_U=0.000

  step 10500  val_ppl=18.40  dom=?
          val_ppl=18.40
step 10550  loss=4.1044  grad=2.891  S_E=1.000 S_U=0.000
step 10600  loss=4.4906  grad=3.266  S_E=1.000 S_U=0.000
step 10650  loss=4.3843  grad=3.109  S_E=1.000 S_U=0.000
step 10700  loss=4.7145  grad=2.953  S_E=1.000 S_U=0.000
step 10750  loss=3.9710  grad=2.625  S_E=1.000 S_U=0.000
step 10800  loss=4.9233  grad=3.469  S_E=1.000 S_U=0.000
step 10850  loss=4.5291  grad=2.844  S_E=1.000 S_U=0.000
step 10900  loss=4.6906  grad=3.000  S_E=1.000 S_U=0.000
step 10950  loss=4.2632  grad=3.156  S_E=1.000 S_U=0.000
step 11000  loss=4.2667  grad=2.922  S_E=1.000 S_U=0.000

  step 11000  val_ppl=18.36  dom=?
          val_ppl=18.36
step 11050  loss=3.7303  grad=2.953  S_E=1.000 S_U=0.000
step 11100  loss=4.8085  grad=3.078  S_E=1.000 S_U=0.000
step 11150  loss=4.0773  grad=2.719  S_E=1.000 S_U=0.000
step 11200  loss=3.3951  grad=3.203  S_E=1.000 S_U=0.000
step 11250  loss=4.2653  grad=3.719  S_E=1.000 S_U=0.000
step 11300  loss=4.5929  grad=2.875  S_E=1.000 S_U=0.000
step 11350  loss=4.4974  grad=2.609  S_E=1.000 S_U=0.000
step 11400  loss=4.0724  grad=2.656  S_E=1.000 S_U=0.000
step 11450  loss=4.1950  grad=2.734  S_E=1.000 S_U=0.000
step 11500  loss=4.2832  grad=2.859  S_E=1.000 S_U=0.000

  step 11500  val_ppl=18.37  dom=?
          val_ppl=18.37
step 11550  loss=4.2254  grad=3.172  S_E=1.000 S_U=0.000
step 11600  loss=4.2614  grad=3.188  S_E=1.000 S_U=0.000
step 11650  loss=4.4095  grad=2.922  S_E=1.000 S_U=0.000
step 11700  loss=4.0447  grad=2.953  S_E=1.000 S_U=0.000
step 11750  loss=3.2460  grad=2.516  S_E=1.000 S_U=0.000
step 11800  loss=4.0693  grad=2.953  S_E=1.000 S_U=0.000
step 11850  loss=4.4048  grad=3.328  S_E=1.000 S_U=0.000
step 11900  loss=4.0704  grad=2.906  S_E=1.000 S_U=0.000
step 11950  loss=4.2998  grad=2.547  S_E=1.000 S_U=0.000
step 12000  loss=4.2594  grad=3.047  S_E=1.000 S_U=0.000

  step 12000  val_ppl=18.36  dom=?
          val_ppl=18.36
step 12050  loss=4.5840  grad=3.141  S_E=1.000 S_U=0.000
step 12100  loss=4.5710  grad=3.156  S_E=1.000 S_U=0.000
step 12150  loss=4.0553  grad=2.969  S_E=1.000 S_U=0.000
step 12200  loss=4.8643  grad=3.016  S_E=1.000 S_U=0.000
step 12250  loss=4.3738  grad=3.000  S_E=1.000 S_U=0.000
step 12300  loss=4.2175  grad=2.766  S_E=1.000 S_U=0.000
step 12350  loss=4.4426  grad=3.297  S_E=1.000 S_U=0.000
step 12400  loss=4.5567  grad=2.922  S_E=1.000 S_U=0.000
step 12450  loss=4.1922  grad=3.031  S_E=1.000 S_U=0.000
step 12500  loss=4.2738  grad=3.172  S_E=1.000 S_U=0.000

  step 12500  val_ppl=18.31  dom=?
          val_ppl=18.31
step 12550  loss=4.5495  grad=2.828  S_E=1.000 S_U=0.000
step 12600  loss=4.2821  grad=2.984  S_E=1.000 S_U=0.000
step 12650  loss=4.2785  grad=3.141  S_E=1.000 S_U=0.000
step 12700  loss=4.1399  grad=3.672  S_E=1.000 S_U=0.000
step 12750  loss=4.4565  grad=2.984  S_E=1.000 S_U=0.000
step 12800  loss=4.4909  grad=2.781  S_E=1.000 S_U=0.000
step 12850  loss=4.0789  grad=3.141  S_E=1.000 S_U=0.000
step 12900  loss=3.8866  grad=3.266  S_E=1.000 S_U=0.000
step 12950  loss=4.2620  grad=3.484  S_E=1.000 S_U=0.000
step 13000  loss=4.4439  grad=2.844  S_E=1.000 S_U=0.000

  step 13000  val_ppl=18.26  dom=?
          val_ppl=18.26
step 13050  loss=4.2272  grad=2.984  S_E=1.000 S_U=0.000
step 13100  loss=4.3024  grad=2.938  S_E=1.000 S_U=0.000
step 13150  loss=4.6695  grad=2.906  S_E=1.000 S_U=0.000
step 13200  loss=4.5185  grad=3.062  S_E=1.000 S_U=0.000
step 13250  loss=4.1799  grad=2.891  S_E=1.000 S_U=0.000
step 13300  loss=4.7153  grad=2.969  S_E=1.000 S_U=0.000
step 13350  loss=3.4003  grad=2.844  S_E=1.000 S_U=0.000
step 13400  loss=4.5989  grad=2.906  S_E=1.000 S_U=0.000
step 13450  loss=4.3020  grad=3.156  S_E=1.000 S_U=0.000
step 13500  loss=4.4979  grad=2.812  S_E=1.000 S_U=0.000

  step 13500  val_ppl=18.27  dom=?
          val_ppl=18.27
step 13550  loss=3.9711  grad=3.234  S_E=1.000 S_U=0.000
step 13600  loss=3.8796  grad=3.922  S_E=1.000 S_U=0.000
step 13650  loss=4.3849  grad=2.891  S_E=1.000 S_U=0.000
step 13700  loss=4.5854  grad=3.297  S_E=1.000 S_U=0.000
step 13750  loss=4.2205  grad=3.391  S_E=1.000 S_U=0.000
step 13800  loss=3.8494  grad=2.625  S_E=1.000 S_U=0.000
step 13850  loss=4.1158  grad=2.844  S_E=1.000 S_U=0.000
step 13900  loss=4.6299  grad=3.344  S_E=1.000 S_U=0.000
step 13950  loss=4.3576  grad=3.031  S_E=1.000 S_U=0.000
step 14000  loss=3.9395  grad=3.672  S_E=1.000 S_U=0.000

  step 14000  val_ppl=18.23  dom=?
          val_ppl=18.23
step 14050  loss=4.0054  grad=3.312  S_E=1.000 S_U=0.000
step 14100  loss=4.8423  grad=3.156  S_E=1.000 S_U=0.000
step 14150  loss=4.0970  grad=3.344  S_E=1.000 S_U=0.000
step 14200  loss=4.5735  grad=3.438  S_E=1.000 S_U=0.000
step 14250  loss=4.6088  grad=3.125  S_E=1.000 S_U=0.000
step 14300  loss=4.6196  grad=3.203  S_E=1.000 S_U=0.000
step 14350  loss=4.4721  grad=2.875  S_E=1.000 S_U=0.000
step 14400  loss=4.8857  grad=3.453  S_E=1.000 S_U=0.000
step 14450  loss=4.6743  grad=3.078  S_E=1.000 S_U=0.000
step 14500  loss=4.0223  grad=3.203  S_E=1.000 S_U=0.000

  step 14500  val_ppl=18.24  dom=?
          val_ppl=18.24
step 14550  loss=4.9356  grad=3.422  S_E=1.000 S_U=0.000
step 14600  loss=4.3500  grad=3.000  S_E=1.000 S_U=0.000
step 14650  loss=3.6562  grad=2.984  S_E=1.000 S_U=0.000
step 14700  loss=4.1998  grad=2.969  S_E=1.000 S_U=0.000
step 14750  loss=4.0340  grad=3.266  S_E=1.000 S_U=0.000
step 14800  loss=3.7870  grad=3.328  S_E=1.000 S_U=0.000
step 14850  loss=4.1023  grad=3.172  S_E=1.000 S_U=0.000
step 14900  loss=4.9355  grad=3.125  S_E=1.000 S_U=0.000
step 14950  loss=4.2945  grad=3.688  S_E=1.000 S_U=0.000
step 15000  loss=3.7470  grad=3.016  S_E=1.000 S_U=0.000

  step 15000  val_ppl=18.20  dom=?
          val_ppl=18.20
step 15050  loss=4.7142  grad=3.188  S_E=1.000 S_U=0.000
step 15100  loss=4.5487  grad=2.812  S_E=1.000 S_U=0.000
step 15150  loss=4.5741  grad=3.078  S_E=1.000 S_U=0.000
step 15200  loss=4.1143  grad=2.578  S_E=1.000 S_U=0.000
step 15250  loss=3.9284  grad=3.531  S_E=1.000 S_U=0.000
step 15300  loss=4.2370  grad=3.484  S_E=1.000 S_U=0.000
step 15350  loss=4.0754  grad=2.891  S_E=1.000 S_U=0.000
step 15400  loss=4.1669  grad=3.062  S_E=1.000 S_U=0.000
step 15450  loss=4.6901  grad=3.375  S_E=1.000 S_U=0.000
step 15500  loss=4.2616  grad=3.141  S_E=1.000 S_U=0.000

  step 15500  val_ppl=18.17  dom=?
          val_ppl=18.17
step 15550  loss=4.1072  grad=2.688  S_E=1.000 S_U=0.000
step 15600  loss=3.8240  grad=3.375  S_E=1.000 S_U=0.000
step 15650  loss=4.1870  grad=3.266  S_E=1.000 S_U=0.000
step 15700  loss=4.2716  grad=3.172  S_E=1.000 S_U=0.000
step 15750  loss=4.2928  grad=2.766  S_E=1.000 S_U=0.000
step 15800  loss=4.5656  grad=3.328  S_E=1.000 S_U=0.000
step 15850  loss=3.7877  grad=3.297  S_E=1.000 S_U=0.000
step 15900  loss=4.1633  grad=3.500  S_E=1.000 S_U=0.000
step 15950  loss=4.6415  grad=3.422  S_E=1.000 S_U=0.000
step 16000  loss=4.3060  grad=2.922  S_E=1.000 S_U=0.000

  step 16000  val_ppl=18.13  dom=?
          val_ppl=18.13
step 16050  loss=4.6976  grad=3.000  S_E=1.000 S_U=0.000
step 16100  loss=3.8591  grad=3.078  S_E=1.000 S_U=0.000
step 16150  loss=4.4081  grad=3.500  S_E=1.000 S_U=0.000
step 16200  loss=4.1418  grad=3.156  S_E=1.000 S_U=0.000
step 16250  loss=3.9605  grad=3.469  S_E=1.000 S_U=0.000
step 16300  loss=4.6098  grad=2.969  S_E=1.000 S_U=0.000
step 16350  loss=4.6527  grad=3.844  S_E=1.000 S_U=0.000
step 16400  loss=4.0857  grad=3.281  S_E=1.000 S_U=0.000
step 16450  loss=3.7582  grad=3.062  S_E=1.000 S_U=0.000
step 16500  loss=4.7163  grad=3.797  S_E=1.000 S_U=0.000

  step 16500  val_ppl=18.16  dom=?
          val_ppl=18.16
step 16550  loss=4.6942  grad=3.062  S_E=1.000 S_U=0.000
step 16600  loss=3.9415  grad=3.000  S_E=1.000 S_U=0.000
step 16650  loss=3.7895  grad=3.000  S_E=1.000 S_U=0.000
step 16700  loss=3.9364  grad=3.219  S_E=1.000 S_U=0.000
step 16750  loss=4.6553  grad=3.281  S_E=1.000 S_U=0.000
step 16800  loss=4.9196  grad=3.344  S_E=1.000 S_U=0.000
step 16850  loss=4.3527  grad=3.234  S_E=1.000 S_U=0.000
step 16900  loss=3.8698  grad=2.719  S_E=1.000 S_U=0.000
step 16950  loss=4.5839  grad=3.188  S_E=1.000 S_U=0.000
step 17000  loss=4.4098  grad=3.141  S_E=1.000 S_U=0.000

  step 17000  val_ppl=18.11  dom=?
          val_ppl=18.11
step 17050  loss=4.5348  grad=2.984  S_E=1.000 S_U=0.000
step 17100  loss=4.2399  grad=3.125  S_E=1.000 S_U=0.000
step 17150  loss=4.0630  grad=3.422  S_E=1.000 S_U=0.000
step 17200  loss=4.1110  grad=3.250  S_E=1.000 S_U=0.000
step 17250  loss=4.2179  grad=3.234  S_E=1.000 S_U=0.000
step 17300  loss=4.1283  grad=3.516  S_E=1.000 S_U=0.000
step 17350  loss=4.0297  grad=2.906  S_E=1.000 S_U=0.000
step 17400  loss=4.0530  grad=3.000  S_E=1.000 S_U=0.000
step 17450  loss=4.7934  grad=3.859  S_E=1.000 S_U=0.000
step 17500  loss=4.6154  grad=3.641  S_E=1.000 S_U=0.000

  step 17500  val_ppl=18.09  dom=?
          val_ppl=18.09
step 17550  loss=4.4842  grad=3.016  S_E=1.000 S_U=0.000
step 17600  loss=4.3986  grad=2.797  S_E=1.000 S_U=0.000
step 17650  loss=4.2558  grad=3.000  S_E=1.000 S_U=0.000
step 17700  loss=3.6340  grad=3.422  S_E=1.000 S_U=0.000
step 17750  loss=4.3789  grad=3.172  S_E=1.000 S_U=0.000
step 17800  loss=4.3842  grad=3.047  S_E=1.000 S_U=0.000
step 17850  loss=3.9927  grad=3.047  S_E=1.000 S_U=0.000
step 17900  loss=3.7974  grad=2.922  S_E=1.000 S_U=0.000
step 17950  loss=3.7170  grad=3.438  S_E=1.000 S_U=0.000
step 18000  loss=4.3363  grad=3.203  S_E=1.000 S_U=0.000

  step 18000  val_ppl=18.09  dom=?
          val_ppl=18.09
step 18050  loss=3.9982  grad=2.781  S_E=1.000 S_U=0.000
step 18100  loss=4.5552  grad=3.625  S_E=1.000 S_U=0.000
step 18150  loss=4.5036  grad=3.453  S_E=1.000 S_U=0.000
step 18200  loss=4.6505  grad=3.109  S_E=1.000 S_U=0.000
step 18250  loss=4.3140  grad=3.062  S_E=1.000 S_U=0.000
step 18300  loss=3.6074  grad=3.391  S_E=1.000 S_U=0.000
step 18350  loss=4.3471  grad=3.531  S_E=1.000 S_U=0.000
step 18400  loss=4.0375  grad=3.359  S_E=1.000 S_U=0.000
step 18450  loss=3.8146  grad=3.219  S_E=1.000 S_U=0.000
step 18500  loss=3.6409  grad=3.391  S_E=1.000 S_U=0.000

  step 18500  val_ppl=18.10  dom=?
          val_ppl=18.10
step 18550  loss=3.6481  grad=2.812  S_E=1.000 S_U=0.000
step 18600  loss=4.2784  grad=3.266  S_E=1.000 S_U=0.000
step 18650  loss=4.3905  grad=3.078  S_E=1.000 S_U=0.000
step 18700  loss=3.8482  grad=3.734  S_E=1.000 S_U=0.000
step 18750  loss=3.9272  grad=2.688  S_E=1.000 S_U=0.000
step 18800  loss=4.3533  grad=3.094  S_E=1.000 S_U=0.000
step 18850  loss=3.9138  grad=2.922  S_E=1.000 S_U=0.000
step 18900  loss=4.6564  grad=3.578  S_E=1.000 S_U=0.000
step 18950  loss=4.5950  grad=3.125  S_E=1.000 S_U=0.000
step 19000  loss=3.6720  grad=3.547  S_E=1.000 S_U=0.000

  step 19000  val_ppl=18.05  dom=?
          val_ppl=18.05
step 19050  loss=3.6858  grad=3.016  S_E=1.000 S_U=0.000
step 19100  loss=4.6363  grad=3.094  S_E=1.000 S_U=0.000
step 19150  loss=4.0361  grad=2.969  S_E=1.000 S_U=0.000
step 19200  loss=3.8317  grad=3.109  S_E=1.000 S_U=0.000
step 19250  loss=3.8575  grad=2.781  S_E=1.000 S_U=0.000
step 19300  loss=4.4309  grad=3.141  S_E=1.000 S_U=0.000
step 19350  loss=4.2662  grad=2.781  S_E=1.000 S_U=0.000
step 19400  loss=4.2826  grad=3.297  S_E=1.000 S_U=0.000
step 19450  loss=4.1067  grad=3.828  S_E=1.000 S_U=0.000
step 19500  loss=4.5014  grad=3.062  S_E=1.000 S_U=0.000

  step 19500  val_ppl=18.03  dom=?
          val_ppl=18.03
step 19550  loss=3.7879  grad=3.281  S_E=1.000 S_U=0.000
step 19600  loss=3.8434  grad=3.281  S_E=1.000 S_U=0.000
step 19650  loss=4.4553  grad=3.172  S_E=1.000 S_U=0.000
step 19700  loss=3.7265  grad=3.016  S_E=1.000 S_U=0.000
step 19750  loss=4.1951  grad=3.156  S_E=1.000 S_U=0.000
step 19800  loss=4.1140  grad=2.922  S_E=1.000 S_U=0.000
step 19850  loss=4.2156  grad=3.656  S_E=1.000 S_U=0.000
step 19900  loss=4.2480  grad=3.453  S_E=1.000 S_U=0.000
step 19950  loss=4.1067  grad=3.562  S_E=1.000 S_U=0.000
  [final] val_ppl=18.03
          val_ppl=18.03

── Timing breakdown ─────────────────────────────────
  component    ms/step   % total   calls
  ────────── ─────────  ────────  ──────
  data           32.46     46.0%   20000
  bandit          0.00      0.0%   20000
  fwd             6.14      8.7%   20400
  score           0.31      0.4%     400
  bwd            31.66     44.9%   20000
  ────────── ─────────  ────────  ──────
  TOTAL          70.57    100.0%

  Rescore steps:          400/20000 (2.0% of steps)
  Cost per rescore:       15.39 ms
  Amortised scorer:       0.308 ms/step (0.44% of total)
  Paper claims ~1%:       ✓ within paper claim
────────────────────────────────────────────────────

Final val PPL (rho1): 18.03
Scorer overhead: 0.43% of total wall time
✓ Within paper's ~1% claim
