backend=cuda  dtype=torch.bfloat16  seed=43
[data] train: 950.0M tokens
[data] val: 50.0M tokens
[liger] Not enabled: cannot import name 'apply_liger_kernel_to_gpt2' from 'liger_kernel.transformers' (/lustre/fsn1/projects/rech/sum/ufj45ra/venvs/sieve/lib/python3.12/site-packages/liger_kernel/transformers/__init__.py)
step     0  loss=4.9024  grad=6.562  S_E=1.000 S_U=0.000
step    50  loss=4.8311  grad=4.812  S_E=1.000 S_U=0.000
step   100  loss=4.2954  grad=3.797  S_E=1.000 S_U=0.000
step   150  loss=4.8682  grad=3.625  S_E=1.000 S_U=0.000
step   200  loss=4.1951  grad=3.531  S_E=1.000 S_U=0.000
step   250  loss=4.3517  grad=3.391  S_E=1.000 S_U=0.000
step   300  loss=4.3400  grad=3.031  S_E=1.000 S_U=0.000
step   350  loss=4.5375  grad=2.844  S_E=1.000 S_U=0.000
step   400  loss=4.2703  grad=2.984  S_E=1.000 S_U=0.000
step   450  loss=4.2702  grad=2.781  S_E=1.000 S_U=0.000
step   500  loss=4.7749  grad=2.766  S_E=1.000 S_U=0.000

  step   500  val_ppl=21.13  dom=?
          val_ppl=21.13
step   550  loss=4.7136  grad=2.734  S_E=1.000 S_U=0.000
step   600  loss=4.4497  grad=2.562  S_E=1.000 S_U=0.000
step   650  loss=4.3967  grad=3.750  S_E=1.000 S_U=0.000
step   700  loss=4.4934  grad=4.344  S_E=1.000 S_U=0.000
step   750  loss=3.9005  grad=2.688  S_E=1.000 S_U=0.000
step   800  loss=4.3062  grad=2.750  S_E=1.000 S_U=0.000
step   850  loss=4.2338  grad=2.828  S_E=1.000 S_U=0.000
step   900  loss=4.3217  grad=2.734  S_E=1.000 S_U=0.000
step   950  loss=4.7990  grad=3.094  S_E=1.000 S_U=0.000
step  1000  loss=4.4637  grad=2.281  S_E=1.000 S_U=0.000

  step  1000  val_ppl=20.48  dom=?
          val_ppl=20.48
step  1050  loss=4.6404  grad=2.469  S_E=1.000 S_U=0.000
step  1100  loss=4.6240  grad=2.812  S_E=1.000 S_U=0.000
step  1150  loss=4.9492  grad=2.812  S_E=1.000 S_U=0.000
step  1200  loss=5.1244  grad=2.703  S_E=1.000 S_U=0.000
step  1250  loss=5.0477  grad=2.578  S_E=1.000 S_U=0.000
step  1300  loss=4.2991  grad=2.656  S_E=1.000 S_U=0.000
step  1350  loss=4.5811  grad=2.781  S_E=1.000 S_U=0.000
step  1400  loss=4.3138  grad=2.594  S_E=1.000 S_U=0.000
step  1450  loss=5.0271  grad=2.609  S_E=1.000 S_U=0.000
step  1500  loss=5.0399  grad=2.984  S_E=1.000 S_U=0.000

  step  1500  val_ppl=20.18  dom=?
          val_ppl=20.18
step  1550  loss=4.5116  grad=2.672  S_E=1.000 S_U=0.000
step  1600  loss=4.3046  grad=2.766  S_E=1.000 S_U=0.000
step  1650  loss=4.4879  grad=3.078  S_E=1.000 S_U=0.000
step  1700  loss=4.4386  grad=2.734  S_E=1.000 S_U=0.000
step  1750  loss=4.0395  grad=2.734  S_E=1.000 S_U=0.000
step  1800  loss=3.8580  grad=2.656  S_E=1.000 S_U=0.000
step  1850  loss=3.7847  grad=6.688  S_E=1.000 S_U=0.000
step  1900  loss=4.0555  grad=2.562  S_E=1.000 S_U=0.000
step  1950  loss=5.1037  grad=2.625  S_E=1.000 S_U=0.000
step  2000  loss=3.5759  grad=2.703  S_E=1.000 S_U=0.000

  step  2000  val_ppl=19.87  dom=?
          val_ppl=19.87
step  2050  loss=4.1760  grad=2.578  S_E=1.000 S_U=0.000
step  2100  loss=4.7452  grad=2.453  S_E=1.000 S_U=0.000
step  2150  loss=4.6748  grad=2.875  S_E=1.000 S_U=0.000
step  2200  loss=4.8904  grad=2.797  S_E=1.000 S_U=0.000
step  2250  loss=4.4108  grad=2.922  S_E=1.000 S_U=0.000
step  2300  loss=4.6010  grad=2.500  S_E=1.000 S_U=0.000
step  2350  loss=5.0535  grad=2.781  S_E=1.000 S_U=0.000
step  2400  loss=4.7543  grad=2.484  S_E=1.000 S_U=0.000
step  2450  loss=4.7127  grad=2.547  S_E=1.000 S_U=0.000
step  2500  loss=4.2662  grad=2.562  S_E=1.000 S_U=0.000

  step  2500  val_ppl=19.66  dom=?
          val_ppl=19.66
step  2550  loss=4.7041  grad=2.625  S_E=1.000 S_U=0.000
step  2600  loss=4.3768  grad=2.531  S_E=1.000 S_U=0.000
step  2650  loss=4.3155  grad=2.984  S_E=1.000 S_U=0.000
step  2700  loss=4.4160  grad=2.703  S_E=1.000 S_U=0.000
step  2750  loss=4.7172  grad=2.781  S_E=1.000 S_U=0.000
step  2800  loss=4.2532  grad=3.031  S_E=1.000 S_U=0.000
step  2850  loss=4.9632  grad=3.031  S_E=1.000 S_U=0.000
step  2900  loss=4.5031  grad=2.703  S_E=1.000 S_U=0.000
step  2950  loss=4.5648  grad=2.656  S_E=1.000 S_U=0.000
step  3000  loss=4.8289  grad=2.828  S_E=1.000 S_U=0.000

  step  3000  val_ppl=19.44  dom=?
          val_ppl=19.44
step  3050  loss=4.6359  grad=2.812  S_E=1.000 S_U=0.000
step  3100  loss=4.7108  grad=2.797  S_E=1.000 S_U=0.000
step  3150  loss=4.0946  grad=2.578  S_E=1.000 S_U=0.000
step  3200  loss=4.5227  grad=3.406  S_E=1.000 S_U=0.000
step  3250  loss=4.2356  grad=2.547  S_E=1.000 S_U=0.000
step  3300  loss=3.8937  grad=2.734  S_E=1.000 S_U=0.000
step  3350  loss=4.3275  grad=2.469  S_E=1.000 S_U=0.000
step  3400  loss=4.9963  grad=3.250  S_E=1.000 S_U=0.000
step  3450  loss=4.4784  grad=2.578  S_E=1.000 S_U=0.000
step  3500  loss=4.5352  grad=2.312  S_E=1.000 S_U=0.000

  step  3500  val_ppl=19.29  dom=?
          val_ppl=19.29
step  3550  loss=4.0278  grad=2.297  S_E=1.000 S_U=0.000
step  3600  loss=5.0820  grad=2.984  S_E=1.000 S_U=0.000
step  3650  loss=4.8065  grad=2.750  S_E=1.000 S_U=0.000
step  3700  loss=4.2067  grad=2.594  S_E=1.000 S_U=0.000
step  3750  loss=4.3206  grad=2.844  S_E=1.000 S_U=0.000
step  3800  loss=3.9307  grad=2.406  S_E=1.000 S_U=0.000
step  3850  loss=3.8491  grad=3.203  S_E=1.000 S_U=0.000
step  3900  loss=3.8692  grad=2.984  S_E=1.000 S_U=0.000
step  3950  loss=4.3856  grad=2.594  S_E=1.000 S_U=0.000
step  4000  loss=4.6367  grad=2.578  S_E=1.000 S_U=0.000

  step  4000  val_ppl=19.29  dom=?
          val_ppl=19.29
step  4050  loss=4.7292  grad=2.719  S_E=1.000 S_U=0.000
step  4100  loss=4.4491  grad=2.906  S_E=1.000 S_U=0.000
step  4150  loss=4.0086  grad=2.891  S_E=1.000 S_U=0.000
step  4200  loss=4.3426  grad=2.719  S_E=1.000 S_U=0.000
step  4250  loss=4.1704  grad=2.578  S_E=1.000 S_U=0.000
step  4300  loss=3.9435  grad=3.016  S_E=1.000 S_U=0.000
step  4350  loss=4.2874  grad=2.688  S_E=1.000 S_U=0.000
step  4400  loss=3.7899  grad=2.953  S_E=1.000 S_U=0.000
step  4450  loss=3.9482  grad=3.000  S_E=1.000 S_U=0.000
step  4500  loss=4.3706  grad=3.703  S_E=1.000 S_U=0.000

  step  4500  val_ppl=19.10  dom=?
          val_ppl=19.10
step  4550  loss=3.8930  grad=3.500  S_E=1.000 S_U=0.000
step  4600  loss=4.7818  grad=3.047  S_E=1.000 S_U=0.000
step  4650  loss=4.7075  grad=3.109  S_E=1.000 S_U=0.000
step  4700  loss=4.2285  grad=2.750  S_E=1.000 S_U=0.000
step  4750  loss=4.7211  grad=2.641  S_E=1.000 S_U=0.000
step  4800  loss=3.9681  grad=2.953  S_E=1.000 S_U=0.000
step  4850  loss=5.4879  grad=3.000  S_E=1.000 S_U=0.000
step  4900  loss=4.7454  grad=2.625  S_E=1.000 S_U=0.000
step  4950  loss=3.9096  grad=2.922  S_E=1.000 S_U=0.000
step  5000  loss=4.6166  grad=2.547  S_E=1.000 S_U=0.000

  step  5000  val_ppl=18.98  dom=?
          val_ppl=18.98
step  5050  loss=4.2822  grad=2.750  S_E=1.000 S_U=0.000
step  5100  loss=3.4305  grad=2.734  S_E=1.000 S_U=0.000
step  5150  loss=4.4465  grad=2.766  S_E=1.000 S_U=0.000
step  5200  loss=4.2091  grad=2.625  S_E=1.000 S_U=0.000
step  5250  loss=4.5225  grad=2.672  S_E=1.000 S_U=0.000
step  5300  loss=4.1898  grad=3.062  S_E=1.000 S_U=0.000
step  5350  loss=4.0530  grad=3.297  S_E=1.000 S_U=0.000
step  5400  loss=4.8364  grad=2.562  S_E=1.000 S_U=0.000
step  5450  loss=4.3297  grad=3.078  S_E=1.000 S_U=0.000
step  5500  loss=4.0958  grad=2.859  S_E=1.000 S_U=0.000

  step  5500  val_ppl=18.93  dom=?
          val_ppl=18.93
step  5550  loss=4.4417  grad=2.875  S_E=1.000 S_U=0.000
step  5600  loss=4.2561  grad=2.656  S_E=1.000 S_U=0.000
step  5650  loss=4.5733  grad=2.641  S_E=1.000 S_U=0.000
step  5700  loss=3.5650  grad=3.703  S_E=1.000 S_U=0.000
step  5750  loss=4.5709  grad=2.859  S_E=1.000 S_U=0.000
step  5800  loss=4.4173  grad=3.344  S_E=1.000 S_U=0.000
step  5850  loss=4.0543  grad=3.031  S_E=1.000 S_U=0.000
step  5900  loss=4.4777  grad=2.656  S_E=1.000 S_U=0.000
step  5950  loss=4.4046  grad=3.281  S_E=1.000 S_U=0.000
step  6000  loss=4.5413  grad=2.969  S_E=1.000 S_U=0.000

  step  6000  val_ppl=18.79  dom=?
          val_ppl=18.79
step  6050  loss=4.4350  grad=2.922  S_E=1.000 S_U=0.000
step  6100  loss=4.9262  grad=3.000  S_E=1.000 S_U=0.000
step  6150  loss=4.4979  grad=3.219  S_E=1.000 S_U=0.000
step  6200  loss=4.5521  grad=2.547  S_E=1.000 S_U=0.000
step  6250  loss=4.5371  grad=2.531  S_E=1.000 S_U=0.000
step  6300  loss=4.2919  grad=2.344  S_E=1.000 S_U=0.000
step  6350  loss=4.2011  grad=3.203  S_E=1.000 S_U=0.000
step  6400  loss=4.1026  grad=2.734  S_E=1.000 S_U=0.000
step  6450  loss=4.1378  grad=2.891  S_E=1.000 S_U=0.000
step  6500  loss=4.4255  grad=2.953  S_E=1.000 S_U=0.000

  step  6500  val_ppl=18.84  dom=?
          val_ppl=18.84
step  6550  loss=4.6123  grad=3.156  S_E=1.000 S_U=0.000
step  6600  loss=4.8859  grad=2.859  S_E=1.000 S_U=0.000
step  6650  loss=4.0762  grad=2.859  S_E=1.000 S_U=0.000
step  6700  loss=4.4288  grad=3.453  S_E=1.000 S_U=0.000
step  6750  loss=4.2607  grad=2.625  S_E=1.000 S_U=0.000
step  6800  loss=4.3029  grad=2.750  S_E=1.000 S_U=0.000
step  6850  loss=4.0393  grad=2.656  S_E=1.000 S_U=0.000
step  6900  loss=4.1386  grad=2.844  S_E=1.000 S_U=0.000
step  6950  loss=4.8216  grad=2.438  S_E=1.000 S_U=0.000
step  7000  loss=4.2055  grad=2.453  S_E=1.000 S_U=0.000

  step  7000  val_ppl=18.74  dom=?
          val_ppl=18.74
step  7050  loss=3.6215  grad=2.922  S_E=1.000 S_U=0.000
step  7100  loss=4.6236  grad=3.344  S_E=1.000 S_U=0.000
step  7150  loss=3.6918  grad=3.328  S_E=1.000 S_U=0.000
step  7200  loss=4.4088  grad=3.078  S_E=1.000 S_U=0.000
step  7250  loss=3.9204  grad=2.969  S_E=1.000 S_U=0.000
step  7300  loss=4.4274  grad=3.141  S_E=1.000 S_U=0.000
step  7350  loss=4.0870  grad=2.844  S_E=1.000 S_U=0.000
step  7400  loss=4.0039  grad=3.531  S_E=1.000 S_U=0.000
step  7450  loss=4.6726  grad=3.031  S_E=1.000 S_U=0.000
step  7500  loss=4.1131  grad=2.547  S_E=1.000 S_U=0.000

  step  7500  val_ppl=18.63  dom=?
          val_ppl=18.63
step  7550  loss=3.8984  grad=2.531  S_E=1.000 S_U=0.000
step  7600  loss=4.2283  grad=2.719  S_E=1.000 S_U=0.000
step  7650  loss=3.9718  grad=2.594  S_E=1.000 S_U=0.000
step  7700  loss=4.6114  grad=2.672  S_E=1.000 S_U=0.000
step  7750  loss=4.5445  grad=2.797  S_E=1.000 S_U=0.000
step  7800  loss=3.7295  grad=2.906  S_E=1.000 S_U=0.000
step  7850  loss=3.8503  grad=2.688  S_E=1.000 S_U=0.000
step  7900  loss=4.8974  grad=3.438  S_E=1.000 S_U=0.000
step  7950  loss=4.8573  grad=3.406  S_E=1.000 S_U=0.000
step  8000  loss=4.5420  grad=2.781  S_E=1.000 S_U=0.000

  step  8000  val_ppl=18.62  dom=?
          val_ppl=18.62
step  8050  loss=3.8560  grad=3.047  S_E=1.000 S_U=0.000
step  8100  loss=3.9389  grad=3.047  S_E=1.000 S_U=0.000
step  8150  loss=4.4001  grad=3.344  S_E=1.000 S_U=0.000
step  8200  loss=4.5226  grad=3.016  S_E=1.000 S_U=0.000
step  8250  loss=3.6314  grad=2.719  S_E=1.000 S_U=0.000
step  8300  loss=4.6339  grad=2.703  S_E=1.000 S_U=0.000
step  8350  loss=4.2474  grad=2.688  S_E=1.000 S_U=0.000
step  8400  loss=4.2611  grad=3.094  S_E=1.000 S_U=0.000
step  8450  loss=4.0746  grad=2.828  S_E=1.000 S_U=0.000
step  8500  loss=4.7282  grad=2.547  S_E=1.000 S_U=0.000

  step  8500  val_ppl=18.63  dom=?
          val_ppl=18.63
step  8550  loss=4.7246  grad=3.391  S_E=1.000 S_U=0.000
step  8600  loss=4.5319  grad=2.656  S_E=1.000 S_U=0.000
step  8650  loss=4.6263  grad=2.969  S_E=1.000 S_U=0.000
step  8700  loss=3.7434  grad=2.812  S_E=1.000 S_U=0.000
step  8750  loss=4.1223  grad=3.000  S_E=1.000 S_U=0.000
step  8800  loss=4.4957  grad=2.859  S_E=1.000 S_U=0.000
step  8850  loss=4.1432  grad=3.016  S_E=1.000 S_U=0.000
step  8900  loss=4.4244  grad=2.531  S_E=1.000 S_U=0.000
step  8950  loss=4.6723  grad=2.984  S_E=1.000 S_U=0.000
step  9000  loss=4.0496  grad=2.875  S_E=1.000 S_U=0.000

  step  9000  val_ppl=18.50  dom=?
          val_ppl=18.50
step  9050  loss=4.0561  grad=3.250  S_E=1.000 S_U=0.000
step  9100  loss=4.5137  grad=3.000  S_E=1.000 S_U=0.000
step  9150  loss=3.9180  grad=2.938  S_E=1.000 S_U=0.000
step  9200  loss=3.9168  grad=3.484  S_E=1.000 S_U=0.000
step  9250  loss=4.4073  grad=2.578  S_E=1.000 S_U=0.000
step  9300  loss=4.6359  grad=3.078  S_E=1.000 S_U=0.000
step  9350  loss=4.6722  grad=3.016  S_E=1.000 S_U=0.000
step  9400  loss=4.5676  grad=2.656  S_E=1.000 S_U=0.000
step  9450  loss=3.9601  grad=3.688  S_E=1.000 S_U=0.000
step  9500  loss=4.7582  grad=2.562  S_E=1.000 S_U=0.000

  step  9500  val_ppl=18.55  dom=?
          val_ppl=18.55
step  9550  loss=4.6844  grad=2.656  S_E=1.000 S_U=0.000
step  9600  loss=5.1412  grad=2.859  S_E=1.000 S_U=0.000
step  9650  loss=4.4106  grad=2.906  S_E=1.000 S_U=0.000
step  9700  loss=4.1666  grad=2.625  S_E=1.000 S_U=0.000
step  9750  loss=3.9632  grad=3.125  S_E=1.000 S_U=0.000
step  9800  loss=4.5073  grad=2.766  S_E=1.000 S_U=0.000
step  9850  loss=4.5523  grad=3.375  S_E=1.000 S_U=0.000
step  9900  loss=4.4149  grad=2.594  S_E=1.000 S_U=0.000
step  9950  loss=4.4375  grad=2.641  S_E=1.000 S_U=0.000
step 10000  loss=4.1016  grad=2.719  S_E=1.000 S_U=0.000

  step 10000  val_ppl=18.47  dom=?
          val_ppl=18.47
step 10050  loss=4.0749  grad=3.031  S_E=1.000 S_U=0.000
step 10100  loss=3.9530  grad=3.031  S_E=1.000 S_U=0.000
step 10150  loss=4.4609  grad=2.672  S_E=1.000 S_U=0.000
step 10200  loss=4.3573  grad=3.172  S_E=1.000 S_U=0.000
step 10250  loss=4.7676  grad=2.891  S_E=1.000 S_U=0.000
step 10300  loss=4.8533  grad=2.938  S_E=1.000 S_U=0.000
step 10350  loss=4.1251  grad=2.938  S_E=1.000 S_U=0.000
step 10400  loss=4.3141  grad=2.781  S_E=1.000 S_U=0.000
step 10450  loss=4.1323  grad=2.844  S_E=1.000 S_U=0.000
step 10500  loss=4.9045  grad=3.078  S_E=1.000 S_U=0.000

  step 10500  val_ppl=18.43  dom=?
          val_ppl=18.43
step 10550  loss=4.3976  grad=2.531  S_E=1.000 S_U=0.000
step 10600  loss=4.2430  grad=3.172  S_E=1.000 S_U=0.000
step 10650  loss=4.6268  grad=3.062  S_E=1.000 S_U=0.000
step 10700  loss=4.6272  grad=3.141  S_E=1.000 S_U=0.000
step 10750  loss=3.6567  grad=2.891  S_E=1.000 S_U=0.000
step 10800  loss=4.6714  grad=2.938  S_E=1.000 S_U=0.000
step 10850  loss=4.0624  grad=3.359  S_E=1.000 S_U=0.000
step 10900  loss=4.4925  grad=2.625  S_E=1.000 S_U=0.000
step 10950  loss=4.4843  grad=2.797  S_E=1.000 S_U=0.000
step 11000  loss=4.4793  grad=3.266  S_E=1.000 S_U=0.000

  step 11000  val_ppl=18.39  dom=?
          val_ppl=18.39
step 11050  loss=4.0288  grad=2.797  S_E=1.000 S_U=0.000
step 11100  loss=4.2667  grad=2.828  S_E=1.000 S_U=0.000
step 11150  loss=4.1023  grad=3.062  S_E=1.000 S_U=0.000
step 11200  loss=4.1496  grad=3.125  S_E=1.000 S_U=0.000
step 11250  loss=3.9751  grad=3.406  S_E=1.000 S_U=0.000
step 11300  loss=4.4482  grad=3.703  S_E=1.000 S_U=0.000
step 11350  loss=4.0709  grad=2.844  S_E=1.000 S_U=0.000
step 11400  loss=3.7981  grad=3.562  S_E=1.000 S_U=0.000
step 11450  loss=4.1475  grad=2.844  S_E=1.000 S_U=0.000
step 11500  loss=4.4545  grad=3.328  S_E=1.000 S_U=0.000

  step 11500  val_ppl=18.34  dom=?
          val_ppl=18.34
step 11550  loss=4.2897  grad=3.578  S_E=1.000 S_U=0.000
step 11600  loss=4.5623  grad=2.906  S_E=1.000 S_U=0.000
step 11650  loss=4.1639  grad=2.391  S_E=1.000 S_U=0.000
step 11700  loss=3.6989  grad=2.766  S_E=1.000 S_U=0.000
step 11750  loss=3.8157  grad=2.875  S_E=1.000 S_U=0.000
step 11800  loss=3.6459  grad=3.109  S_E=1.000 S_U=0.000
step 11850  loss=3.9388  grad=2.672  S_E=1.000 S_U=0.000
step 11900  loss=3.9405  grad=2.594  S_E=1.000 S_U=0.000
step 11950  loss=4.8249  grad=3.047  S_E=1.000 S_U=0.000
step 12000  loss=4.9112  grad=3.141  S_E=1.000 S_U=0.000

  step 12000  val_ppl=18.34  dom=?
          val_ppl=18.34
step 12050  loss=3.7320  grad=3.266  S_E=1.000 S_U=0.000
step 12100  loss=3.5011  grad=3.109  S_E=1.000 S_U=0.000
step 12150  loss=4.0344  grad=3.531  S_E=1.000 S_U=0.000
step 12200  loss=4.3210  grad=2.828  S_E=1.000 S_U=0.000
step 12250  loss=4.3525  grad=2.844  S_E=1.000 S_U=0.000
step 12300  loss=3.9810  grad=3.062  S_E=1.000 S_U=0.000
step 12350  loss=3.8646  grad=3.172  S_E=1.000 S_U=0.000
step 12400  loss=4.5266  grad=2.875  S_E=1.000 S_U=0.000
step 12450  loss=4.0504  grad=3.516  S_E=1.000 S_U=0.000
step 12500  loss=3.8939  grad=3.312  S_E=1.000 S_U=0.000

  step 12500  val_ppl=18.33  dom=?
          val_ppl=18.33
step 12550  loss=3.8150  grad=2.969  S_E=1.000 S_U=0.000
step 12600  loss=4.1699  grad=3.172  S_E=1.000 S_U=0.000
step 12650  loss=4.8933  grad=3.422  S_E=1.000 S_U=0.000
step 12700  loss=4.0200  grad=3.141  S_E=1.000 S_U=0.000
step 12750  loss=4.3028  grad=3.438  S_E=1.000 S_U=0.000
step 12800  loss=3.7497  grad=2.719  S_E=1.000 S_U=0.000
step 12850  loss=4.4877  grad=3.516  S_E=1.000 S_U=0.000
step 12900  loss=4.2092  grad=2.922  S_E=1.000 S_U=0.000
step 12950  loss=4.0455  grad=2.969  S_E=1.000 S_U=0.000
step 13000  loss=3.6583  grad=2.672  S_E=1.000 S_U=0.000

  step 13000  val_ppl=18.25  dom=?
          val_ppl=18.25
step 13050  loss=4.5052  grad=3.000  S_E=1.000 S_U=0.000
step 13100  loss=3.8566  grad=2.891  S_E=1.000 S_U=0.000
step 13150  loss=3.8409  grad=2.672  S_E=1.000 S_U=0.000
step 13200  loss=4.4004  grad=2.734  S_E=1.000 S_U=0.000
step 13250  loss=4.9365  grad=3.000  S_E=1.000 S_U=0.000
step 13300  loss=4.0547  grad=2.625  S_E=1.000 S_U=0.000
step 13350  loss=4.4740  grad=2.922  S_E=1.000 S_U=0.000
step 13400  loss=4.3355  grad=2.938  S_E=1.000 S_U=0.000
step 13450  loss=3.6239  grad=2.781  S_E=1.000 S_U=0.000
step 13500  loss=4.4590  grad=2.828  S_E=1.000 S_U=0.000

  step 13500  val_ppl=18.27  dom=?
          val_ppl=18.27
step 13550  loss=4.3528  grad=3.281  S_E=1.000 S_U=0.000
step 13600  loss=4.3225  grad=2.828  S_E=1.000 S_U=0.000
step 13650  loss=4.1313  grad=2.953  S_E=1.000 S_U=0.000
step 13700  loss=3.6447  grad=3.000  S_E=1.000 S_U=0.000
step 13750  loss=3.7343  grad=3.219  S_E=1.000 S_U=0.000
step 13800  loss=4.1050  grad=2.703  S_E=1.000 S_U=0.000
step 13850  loss=3.5011  grad=3.016  S_E=1.000 S_U=0.000
step 13900  loss=4.4525  grad=2.672  S_E=1.000 S_U=0.000
step 13950  loss=4.5505  grad=3.578  S_E=1.000 S_U=0.000
step 14000  loss=4.7448  grad=2.969  S_E=1.000 S_U=0.000

  step 14000  val_ppl=18.23  dom=?
          val_ppl=18.23
step 14050  loss=4.5154  grad=3.203  S_E=1.000 S_U=0.000
step 14100  loss=4.3633  grad=3.484  S_E=1.000 S_U=0.000
step 14150  loss=4.1993  grad=3.125  S_E=1.000 S_U=0.000
step 14200  loss=4.4786  grad=2.812  S_E=1.000 S_U=0.000
step 14250  loss=3.9827  grad=3.188  S_E=1.000 S_U=0.000
step 14300  loss=4.0495  grad=2.938  S_E=1.000 S_U=0.000
step 14350  loss=4.3872  grad=2.812  S_E=1.000 S_U=0.000
step 14400  loss=4.1909  grad=3.422  S_E=1.000 S_U=0.000
step 14450  loss=3.8154  grad=3.156  S_E=1.000 S_U=0.000
step 14500  loss=4.1703  grad=3.031  S_E=1.000 S_U=0.000

  step 14500  val_ppl=18.22  dom=?
          val_ppl=18.22
step 14550  loss=3.9380  grad=3.188  S_E=1.000 S_U=0.000
step 14600  loss=4.1134  grad=2.797  S_E=1.000 S_U=0.000
step 14650  loss=3.7730  grad=2.938  S_E=1.000 S_U=0.000
step 14700  loss=4.2614  grad=3.234  S_E=1.000 S_U=0.000
step 14750  loss=3.7177  grad=3.734  S_E=1.000 S_U=0.000
step 14800  loss=4.7177  grad=3.203  S_E=1.000 S_U=0.000
step 14850  loss=4.1134  grad=3.094  S_E=1.000 S_U=0.000
step 14900  loss=4.5124  grad=2.922  S_E=1.000 S_U=0.000
step 14950  loss=4.4463  grad=3.234  S_E=1.000 S_U=0.000
step 15000  loss=4.1821  grad=3.000  S_E=1.000 S_U=0.000

  step 15000  val_ppl=18.18  dom=?
          val_ppl=18.18
step 15050  loss=4.6143  grad=2.766  S_E=1.000 S_U=0.000
step 15100  loss=3.9010  grad=2.812  S_E=1.000 S_U=0.000
step 15150  loss=4.1897  grad=3.172  S_E=1.000 S_U=0.000
step 15200  loss=4.5628  grad=2.688  S_E=1.000 S_U=0.000
step 15250  loss=4.1885  grad=2.500  S_E=1.000 S_U=0.000
step 15300  loss=4.4905  grad=3.000  S_E=1.000 S_U=0.000
step 15350  loss=3.5413  grad=3.172  S_E=1.000 S_U=0.000
step 15400  loss=4.1011  grad=3.344  S_E=1.000 S_U=0.000
step 15450  loss=4.4787  grad=3.844  S_E=1.000 S_U=0.000
step 15500  loss=3.7001  grad=3.188  S_E=1.000 S_U=0.000

  step 15500  val_ppl=18.17  dom=?
          val_ppl=18.17
step 15550  loss=4.1562  grad=3.422  S_E=1.000 S_U=0.000
step 15600  loss=3.8775  grad=2.984  S_E=1.000 S_U=0.000
step 15650  loss=4.4475  grad=3.406  S_E=1.000 S_U=0.000
step 15700  loss=4.4516  grad=2.750  S_E=1.000 S_U=0.000
step 15750  loss=4.2642  grad=3.578  S_E=1.000 S_U=0.000
step 15800  loss=3.7055  grad=3.078  S_E=1.000 S_U=0.000
step 15850  loss=4.3790  grad=2.719  S_E=1.000 S_U=0.000
step 15900  loss=3.9228  grad=2.797  S_E=1.000 S_U=0.000
step 15950  loss=4.1363  grad=2.938  S_E=1.000 S_U=0.000
step 16000  loss=3.9300  grad=2.875  S_E=1.000 S_U=0.000

  step 16000  val_ppl=18.20  dom=?
          val_ppl=18.20
step 16050  loss=4.0489  grad=3.562  S_E=1.000 S_U=0.000
step 16100  loss=4.1568  grad=3.016  S_E=1.000 S_U=0.000
step 16150  loss=4.4903  grad=3.297  S_E=1.000 S_U=0.000
step 16200  loss=3.8320  grad=3.172  S_E=1.000 S_U=0.000
step 16250  loss=4.0033  grad=2.906  S_E=1.000 S_U=0.000
step 16300  loss=4.7381  grad=2.969  S_E=1.000 S_U=0.000
step 16350  loss=3.8572  grad=4.000  S_E=1.000 S_U=0.000
step 16400  loss=4.2872  grad=3.500  S_E=1.000 S_U=0.000
step 16450  loss=3.8786  grad=2.734  S_E=1.000 S_U=0.000
step 16500  loss=4.0603  grad=3.016  S_E=1.000 S_U=0.000

  step 16500  val_ppl=18.18  dom=?
          val_ppl=18.18
step 16550  loss=3.7341  grad=3.250  S_E=1.000 S_U=0.000
step 16600  loss=4.3469  grad=3.062  S_E=1.000 S_U=0.000
step 16650  loss=3.9810  grad=3.172  S_E=1.000 S_U=0.000
step 16700  loss=4.7747  grad=3.125  S_E=1.000 S_U=0.000
step 16750  loss=4.5557  grad=3.109  S_E=1.000 S_U=0.000
step 16800  loss=4.1520  grad=2.906  S_E=1.000 S_U=0.000
step 16850  loss=4.7524  grad=3.312  S_E=1.000 S_U=0.000
step 16900  loss=4.2383  grad=2.938  S_E=1.000 S_U=0.000
step 16950  loss=4.1797  grad=3.156  S_E=1.000 S_U=0.000
step 17000  loss=4.1315  grad=3.016  S_E=1.000 S_U=0.000

  step 17000  val_ppl=18.10  dom=?
          val_ppl=18.10
step 17050  loss=4.0474  grad=2.969  S_E=1.000 S_U=0.000
step 17100  loss=3.4684  grad=3.359  S_E=1.000 S_U=0.000
step 17150  loss=3.7039  grad=3.516  S_E=1.000 S_U=0.000
step 17200  loss=3.6749  grad=3.391  S_E=1.000 S_U=0.000
step 17250  loss=3.7108  grad=3.078  S_E=1.000 S_U=0.000
step 17300  loss=4.0892  grad=3.078  S_E=1.000 S_U=0.000
step 17350  loss=4.3794  grad=3.516  S_E=1.000 S_U=0.000
step 17400  loss=4.2691  grad=2.625  S_E=1.000 S_U=0.000
step 17450  loss=4.0616  grad=3.031  S_E=1.000 S_U=0.000
step 17500  loss=3.5070  grad=2.828  S_E=1.000 S_U=0.000

  step 17500  val_ppl=18.12  dom=?
          val_ppl=18.12
step 17550  loss=3.9877  grad=2.781  S_E=1.000 S_U=0.000
step 17600  loss=4.0033  grad=3.250  S_E=1.000 S_U=0.000
step 17650  loss=3.8831  grad=3.531  S_E=1.000 S_U=0.000
step 17700  loss=4.3387  grad=2.625  S_E=1.000 S_U=0.000
step 17750  loss=4.4026  grad=3.078  S_E=1.000 S_U=0.000
step 17800  loss=4.2086  grad=2.984  S_E=1.000 S_U=0.000
step 17850  loss=4.1535  grad=3.109  S_E=1.000 S_U=0.000
step 17900  loss=4.1423  grad=3.156  S_E=1.000 S_U=0.000
step 17950  loss=3.9786  grad=3.328  S_E=1.000 S_U=0.000
step 18000  loss=4.4598  grad=3.422  S_E=1.000 S_U=0.000

  step 18000  val_ppl=18.11  dom=?
          val_ppl=18.11
step 18050  loss=4.6400  grad=3.172  S_E=1.000 S_U=0.000
step 18100  loss=3.4345  grad=2.797  S_E=1.000 S_U=0.000
step 18150  loss=4.0452  grad=2.703  S_E=1.000 S_U=0.000
step 18200  loss=4.8444  grad=2.891  S_E=1.000 S_U=0.000
step 18250  loss=3.6831  grad=3.266  S_E=1.000 S_U=0.000
step 18300  loss=4.0045  grad=3.016  S_E=1.000 S_U=0.000
step 18350  loss=4.8902  grad=3.391  S_E=1.000 S_U=0.000
step 18400  loss=3.9515  grad=3.047  S_E=1.000 S_U=0.000
step 18450  loss=4.7403  grad=3.000  S_E=1.000 S_U=0.000
step 18500  loss=4.2115  grad=3.141  S_E=1.000 S_U=0.000

  step 18500  val_ppl=18.04  dom=?
          val_ppl=18.04
step 18550  loss=4.4164  grad=3.156  S_E=1.000 S_U=0.000
step 18600  loss=5.0654  grad=2.938  S_E=1.000 S_U=0.000
step 18650  loss=4.8889  grad=3.609  S_E=1.000 S_U=0.000
step 18700  loss=4.8672  grad=3.203  S_E=1.000 S_U=0.000
step 18750  loss=4.7601  grad=2.984  S_E=1.000 S_U=0.000
step 18800  loss=4.0575  grad=3.297  S_E=1.000 S_U=0.000
step 18850  loss=3.9389  grad=3.172  S_E=1.000 S_U=0.000
step 18900  loss=4.5604  grad=3.016  S_E=1.000 S_U=0.000
step 18950  loss=4.1527  grad=3.062  S_E=1.000 S_U=0.000
step 19000  loss=4.5749  grad=3.344  S_E=1.000 S_U=0.000

  step 19000  val_ppl=18.07  dom=?
          val_ppl=18.07
step 19050  loss=4.0883  grad=3.391  S_E=1.000 S_U=0.000
step 19100  loss=4.3559  grad=3.094  S_E=1.000 S_U=0.000
step 19150  loss=4.2161  grad=2.953  S_E=1.000 S_U=0.000
step 19200  loss=3.9351  grad=2.984  S_E=1.000 S_U=0.000
step 19250  loss=4.2770  grad=2.391  S_E=1.000 S_U=0.000
step 19300  loss=4.3557  grad=3.016  S_E=1.000 S_U=0.000
step 19350  loss=4.1288  grad=3.297  S_E=1.000 S_U=0.000
step 19400  loss=3.7759  grad=3.562  S_E=1.000 S_U=0.000
step 19450  loss=4.1477  grad=2.953  S_E=1.000 S_U=0.000
step 19500  loss=4.6579  grad=3.484  S_E=1.000 S_U=0.000

  step 19500  val_ppl=18.04  dom=?
          val_ppl=18.04
step 19550  loss=4.5478  grad=4.219  S_E=1.000 S_U=0.000
step 19600  loss=3.6151  grad=3.156  S_E=1.000 S_U=0.000
step 19650  loss=5.2772  grad=2.859  S_E=1.000 S_U=0.000
step 19700  loss=4.2220  grad=2.828  S_E=1.000 S_U=0.000
step 19750  loss=3.9220  grad=3.969  S_E=1.000 S_U=0.000
step 19800  loss=4.0783  grad=2.828  S_E=1.000 S_U=0.000
step 19850  loss=3.8956  grad=3.266  S_E=1.000 S_U=0.000
step 19900  loss=4.8484  grad=3.828  S_E=1.000 S_U=0.000
step 19950  loss=3.8857  grad=3.109  S_E=1.000 S_U=0.000
  [final] val_ppl=18.09
          val_ppl=18.09

── Timing breakdown ─────────────────────────────────
  component    ms/step   % total   calls
  ────────── ─────────  ────────  ──────
  data           33.31     46.6%   20000
  bandit          0.00      0.0%   20000
  fwd             6.08      8.5%   20400
  score           0.31      0.4%     400
  bwd            31.73     44.4%   20000
  ────────── ─────────  ────────  ──────
  TOTAL          71.43    100.0%

  Rescore steps:          400/20000 (2.0% of steps)
  Cost per rescore:       15.53 ms
  Amortised scorer:       0.311 ms/step (0.43% of total)
  Paper claims ~1%:       ✓ within paper claim
────────────────────────────────────────────────────

Final val PPL (rho1): 18.09
Scorer overhead: 0.43% of total wall time
✓ Within paper's ~1% claim
