backend=cuda  dtype=torch.bfloat16  seed=44
[data] train: 950.0M tokens
[data] val: 50.0M tokens
[liger] Not enabled: cannot import name 'apply_liger_kernel_to_gpt2' from 'liger_kernel.transformers' (/lustre/fsn1/projects/rech/sum/ufj45ra/venvs/sieve/lib/python3.12/site-packages/liger_kernel/transformers/__init__.py)
step     0  loss=5.0394  grad=7.375  S_E=1.000 S_U=0.000
step    50  loss=4.5816  grad=4.188  S_E=1.000 S_U=0.000
step   100  loss=4.7479  grad=4.031  S_E=1.000 S_U=0.000
step   150  loss=5.6120  grad=19.000  S_E=1.000 S_U=0.000
step   200  loss=4.7769  grad=3.844  S_E=1.000 S_U=0.000
step   250  loss=4.7302  grad=3.547  S_E=1.000 S_U=0.000
step   300  loss=4.5474  grad=3.469  S_E=1.000 S_U=0.000
step   350  loss=4.1301  grad=2.828  S_E=1.000 S_U=0.000
step   400  loss=4.3005  grad=4.188  S_E=1.000 S_U=0.000
step   450  loss=4.5602  grad=2.875  S_E=1.000 S_U=0.000
step   500  loss=5.0778  grad=3.062  S_E=1.000 S_U=0.000

  step   500  val_ppl=21.08  dom=?
          val_ppl=21.08
step   550  loss=4.7883  grad=2.859  S_E=1.000 S_U=0.000
step   600  loss=4.6678  grad=3.266  S_E=1.000 S_U=0.000
step   650  loss=4.0451  grad=2.672  S_E=1.000 S_U=0.000
step   700  loss=4.0600  grad=2.828  S_E=1.000 S_U=0.000
step   750  loss=4.4957  grad=2.625  S_E=1.000 S_U=0.000
step   800  loss=4.6254  grad=2.812  S_E=1.000 S_U=0.000
step   850  loss=3.9721  grad=2.641  S_E=1.000 S_U=0.000
step   900  loss=4.6592  grad=3.094  S_E=1.000 S_U=0.000
step   950  loss=4.1972  grad=2.562  S_E=1.000 S_U=0.000
step  1000  loss=4.6266  grad=2.578  S_E=1.000 S_U=0.000

  step  1000  val_ppl=20.69  dom=?
          val_ppl=20.69
step  1050  loss=4.5727  grad=2.672  S_E=1.000 S_U=0.000
step  1100  loss=4.8463  grad=2.391  S_E=1.000 S_U=0.000
step  1150  loss=4.1862  grad=2.656  S_E=1.000 S_U=0.000
step  1200  loss=4.4081  grad=2.453  S_E=1.000 S_U=0.000
step  1250  loss=4.8148  grad=2.516  S_E=1.000 S_U=0.000
step  1300  loss=4.6203  grad=2.656  S_E=1.000 S_U=0.000
step  1350  loss=4.6639  grad=2.578  S_E=1.000 S_U=0.000
step  1400  loss=4.5458  grad=2.500  S_E=1.000 S_U=0.000
step  1450  loss=3.8650  grad=2.812  S_E=1.000 S_U=0.000
step  1500  loss=4.7689  grad=2.609  S_E=1.000 S_U=0.000

  step  1500  val_ppl=20.28  dom=?
          val_ppl=20.28
step  1550  loss=4.4143  grad=3.500  S_E=1.000 S_U=0.000
step  1600  loss=4.3506  grad=3.422  S_E=1.000 S_U=0.000
step  1650  loss=4.4518  grad=2.719  S_E=1.000 S_U=0.000
step  1700  loss=4.3220  grad=2.500  S_E=1.000 S_U=0.000
step  1750  loss=4.0178  grad=2.922  S_E=1.000 S_U=0.000
step  1800  loss=4.6468  grad=2.750  S_E=1.000 S_U=0.000
step  1850  loss=3.6926  grad=2.500  S_E=1.000 S_U=0.000
step  1900  loss=4.7393  grad=2.547  S_E=1.000 S_U=0.000
step  1950  loss=4.3285  grad=2.703  S_E=1.000 S_U=0.000
step  2000  loss=4.5686  grad=2.469  S_E=1.000 S_U=0.000

  step  2000  val_ppl=19.88  dom=?
          val_ppl=19.88
step  2050  loss=4.3412  grad=2.766  S_E=1.000 S_U=0.000
step  2100  loss=4.7976  grad=2.422  S_E=1.000 S_U=0.000
step  2150  loss=4.2267  grad=2.609  S_E=1.000 S_U=0.000
step  2200  loss=3.7714  grad=2.344  S_E=1.000 S_U=0.000
step  2250  loss=4.2596  grad=2.688  S_E=1.000 S_U=0.000
step  2300  loss=4.6640  grad=2.453  S_E=1.000 S_U=0.000
step  2350  loss=4.2755  grad=2.453  S_E=1.000 S_U=0.000
step  2400  loss=4.0053  grad=2.672  S_E=1.000 S_U=0.000
step  2450  loss=4.3427  grad=2.625  S_E=1.000 S_U=0.000
step  2500  loss=4.2176  grad=2.828  S_E=1.000 S_U=0.000

  step  2500  val_ppl=19.66  dom=?
          val_ppl=19.66
step  2550  loss=3.9253  grad=2.766  S_E=1.000 S_U=0.000
step  2600  loss=4.2628  grad=2.672  S_E=1.000 S_U=0.000
step  2650  loss=4.0532  grad=2.500  S_E=1.000 S_U=0.000
step  2700  loss=4.1550  grad=2.672  S_E=1.000 S_U=0.000
step  2750  loss=4.8888  grad=3.156  S_E=1.000 S_U=0.000
step  2800  loss=4.3506  grad=2.516  S_E=1.000 S_U=0.000
step  2850  loss=4.0064  grad=2.703  S_E=1.000 S_U=0.000
step  2900  loss=4.2917  grad=2.719  S_E=1.000 S_U=0.000
step  2950  loss=4.6598  grad=2.609  S_E=1.000 S_U=0.000
step  3000  loss=4.3404  grad=2.922  S_E=1.000 S_U=0.000

  step  3000  val_ppl=19.54  dom=?
          val_ppl=19.54
step  3050  loss=4.4716  grad=3.016  S_E=1.000 S_U=0.000
step  3100  loss=4.0697  grad=2.828  S_E=1.000 S_U=0.000
step  3150  loss=4.2157  grad=3.141  S_E=1.000 S_U=0.000
step  3200  loss=4.7588  grad=3.078  S_E=1.000 S_U=0.000
step  3250  loss=4.6743  grad=2.656  S_E=1.000 S_U=0.000
step  3300  loss=3.3067  grad=2.875  S_E=1.000 S_U=0.000
step  3350  loss=4.4812  grad=2.688  S_E=1.000 S_U=0.000
step  3400  loss=4.5055  grad=2.344  S_E=1.000 S_U=0.000
step  3450  loss=3.9026  grad=3.188  S_E=1.000 S_U=0.000
step  3500  loss=4.6311  grad=2.766  S_E=1.000 S_U=0.000

  step  3500  val_ppl=19.48  dom=?
          val_ppl=19.48
step  3550  loss=4.0891  grad=2.500  S_E=1.000 S_U=0.000
step  3600  loss=4.5964  grad=2.875  S_E=1.000 S_U=0.000
step  3650  loss=3.9929  grad=2.500  S_E=1.000 S_U=0.000
step  3700  loss=5.0315  grad=2.719  S_E=1.000 S_U=0.000
step  3750  loss=3.9813  grad=2.828  S_E=1.000 S_U=0.000
step  3800  loss=4.1981  grad=2.891  S_E=1.000 S_U=0.000
step  3850  loss=4.8231  grad=3.047  S_E=1.000 S_U=0.000
step  3900  loss=4.1380  grad=2.906  S_E=1.000 S_U=0.000
step  3950  loss=4.8923  grad=3.203  S_E=1.000 S_U=0.000
step  4000  loss=4.0674  grad=2.594  S_E=1.000 S_U=0.000

  step  4000  val_ppl=19.29  dom=?
          val_ppl=19.29
step  4050  loss=4.3859  grad=2.703  S_E=1.000 S_U=0.000
step  4100  loss=4.5680  grad=2.641  S_E=1.000 S_U=0.000
step  4150  loss=4.5486  grad=2.625  S_E=1.000 S_U=0.000
step  4200  loss=4.8392  grad=2.781  S_E=1.000 S_U=0.000
step  4250  loss=4.4289  grad=2.734  S_E=1.000 S_U=0.000
step  4300  loss=4.2425  grad=2.734  S_E=1.000 S_U=0.000
step  4350  loss=4.3166  grad=2.516  S_E=1.000 S_U=0.000
step  4400  loss=4.0157  grad=2.969  S_E=1.000 S_U=0.000
step  4450  loss=4.3910  grad=3.047  S_E=1.000 S_U=0.000
step  4500  loss=3.9507  grad=2.234  S_E=1.000 S_U=0.000

  step  4500  val_ppl=19.16  dom=?
          val_ppl=19.16
step  4550  loss=4.6935  grad=2.594  S_E=1.000 S_U=0.000
step  4600  loss=4.3983  grad=3.031  S_E=1.000 S_U=0.000
step  4650  loss=4.3694  grad=2.672  S_E=1.000 S_U=0.000
step  4700  loss=4.3971  grad=3.281  S_E=1.000 S_U=0.000
step  4750  loss=3.7967  grad=2.891  S_E=1.000 S_U=0.000
step  4800  loss=4.2460  grad=2.891  S_E=1.000 S_U=0.000
step  4850  loss=4.2287  grad=2.922  S_E=1.000 S_U=0.000
step  4900  loss=4.3675  grad=2.734  S_E=1.000 S_U=0.000
step  4950  loss=4.0811  grad=2.984  S_E=1.000 S_U=0.000
step  5000  loss=4.3592  grad=3.016  S_E=1.000 S_U=0.000

  step  5000  val_ppl=18.96  dom=?
          val_ppl=18.96
step  5050  loss=4.0174  grad=3.516  S_E=1.000 S_U=0.000
step  5100  loss=4.1945  grad=3.172  S_E=1.000 S_U=0.000
step  5150  loss=4.9228  grad=2.719  S_E=1.000 S_U=0.000
step  5200  loss=4.5839  grad=3.078  S_E=1.000 S_U=0.000
step  5250  loss=4.4209  grad=2.469  S_E=1.000 S_U=0.000
step  5300  loss=4.5023  grad=2.703  S_E=1.000 S_U=0.000
step  5350  loss=4.2408  grad=2.734  S_E=1.000 S_U=0.000
step  5400  loss=3.9186  grad=2.688  S_E=1.000 S_U=0.000
step  5450  loss=4.5291  grad=3.188  S_E=1.000 S_U=0.000
step  5500  loss=4.7541  grad=2.812  S_E=1.000 S_U=0.000

  step  5500  val_ppl=18.95  dom=?
          val_ppl=18.95
step  5550  loss=4.3788  grad=2.828  S_E=1.000 S_U=0.000
step  5600  loss=4.7527  grad=2.516  S_E=1.000 S_U=0.000
step  5650  loss=4.5021  grad=2.500  S_E=1.000 S_U=0.000
step  5700  loss=4.2263  grad=2.750  S_E=1.000 S_U=0.000
step  5750  loss=4.7861  grad=3.359  S_E=1.000 S_U=0.000
step  5800  loss=4.3448  grad=2.891  S_E=1.000 S_U=0.000
step  5850  loss=4.3508  grad=3.031  S_E=1.000 S_U=0.000
step  5900  loss=4.0502  grad=2.484  S_E=1.000 S_U=0.000
step  5950  loss=4.1694  grad=3.328  S_E=1.000 S_U=0.000
step  6000  loss=4.2189  grad=2.344  S_E=1.000 S_U=0.000

  step  6000  val_ppl=18.91  dom=?
          val_ppl=18.91
step  6050  loss=5.0445  grad=3.312  S_E=1.000 S_U=0.000
step  6100  loss=3.8503  grad=3.047  S_E=1.000 S_U=0.000
step  6150  loss=4.6369  grad=2.547  S_E=1.000 S_U=0.000
step  6200  loss=3.6086  grad=3.484  S_E=1.000 S_U=0.000
step  6250  loss=3.8840  grad=3.500  S_E=1.000 S_U=0.000
step  6300  loss=4.0621  grad=2.469  S_E=1.000 S_U=0.000
step  6350  loss=3.3128  grad=2.766  S_E=1.000 S_U=0.000
step  6400  loss=4.4220  grad=2.625  S_E=1.000 S_U=0.000
step  6450  loss=4.7100  grad=2.766  S_E=1.000 S_U=0.000
step  6500  loss=4.3121  grad=2.812  S_E=1.000 S_U=0.000

  step  6500  val_ppl=18.80  dom=?
          val_ppl=18.80
step  6550  loss=3.6165  grad=3.234  S_E=1.000 S_U=0.000
step  6600  loss=4.4554  grad=3.141  S_E=1.000 S_U=0.000
step  6650  loss=4.4910  grad=2.891  S_E=1.000 S_U=0.000
step  6700  loss=4.2288  grad=2.734  S_E=1.000 S_U=0.000
step  6750  loss=4.3454  grad=2.734  S_E=1.000 S_U=0.000
step  6800  loss=4.4250  grad=3.328  S_E=1.000 S_U=0.000
step  6850  loss=3.9942  grad=2.703  S_E=1.000 S_U=0.000
step  6900  loss=4.2093  grad=3.297  S_E=1.000 S_U=0.000
step  6950  loss=4.4823  grad=2.750  S_E=1.000 S_U=0.000
step  7000  loss=4.5297  grad=2.719  S_E=1.000 S_U=0.000

  step  7000  val_ppl=18.75  dom=?
          val_ppl=18.75
step  7050  loss=4.0378  grad=3.016  S_E=1.000 S_U=0.000
step  7100  loss=4.3206  grad=2.734  S_E=1.000 S_U=0.000
step  7150  loss=4.6652  grad=2.766  S_E=1.000 S_U=0.000
step  7200  loss=4.7793  grad=2.750  S_E=1.000 S_U=0.000
step  7250  loss=4.1558  grad=3.031  S_E=1.000 S_U=0.000
step  7300  loss=4.0183  grad=2.891  S_E=1.000 S_U=0.000
step  7350  loss=4.6688  grad=2.750  S_E=1.000 S_U=0.000
step  7400  loss=4.0602  grad=3.109  S_E=1.000 S_U=0.000
step  7450  loss=4.2803  grad=2.969  S_E=1.000 S_U=0.000
step  7500  loss=3.7894  grad=2.375  S_E=1.000 S_U=0.000

  step  7500  val_ppl=18.73  dom=?
          val_ppl=18.73
step  7550  loss=4.6192  grad=2.625  S_E=1.000 S_U=0.000
step  7600  loss=4.3794  grad=3.031  S_E=1.000 S_U=0.000
step  7650  loss=3.7920  grad=2.750  S_E=1.000 S_U=0.000
step  7700  loss=3.7990  grad=2.828  S_E=1.000 S_U=0.000
step  7750  loss=3.9496  grad=3.328  S_E=1.000 S_U=0.000
step  7800  loss=4.1241  grad=2.594  S_E=1.000 S_U=0.000
step  7850  loss=4.1272  grad=4.375  S_E=1.000 S_U=0.000
step  7900  loss=4.7533  grad=3.000  S_E=1.000 S_U=0.000
step  7950  loss=4.0585  grad=3.078  S_E=1.000 S_U=0.000
step  8000  loss=4.2043  grad=2.578  S_E=1.000 S_U=0.000

  step  8000  val_ppl=18.65  dom=?
          val_ppl=18.65
step  8050  loss=3.8324  grad=2.609  S_E=1.000 S_U=0.000
step  8100  loss=4.5692  grad=3.172  S_E=1.000 S_U=0.000
step  8150  loss=4.9443  grad=2.875  S_E=1.000 S_U=0.000
step  8200  loss=4.6187  grad=2.906  S_E=1.000 S_U=0.000
step  8250  loss=4.4240  grad=2.953  S_E=1.000 S_U=0.000
step  8300  loss=4.6619  grad=2.984  S_E=1.000 S_U=0.000
step  8350  loss=4.6968  grad=3.234  S_E=1.000 S_U=0.000
step  8400  loss=4.2893  grad=2.547  S_E=1.000 S_U=0.000
step  8450  loss=3.4435  grad=2.516  S_E=1.000 S_U=0.000
step  8500  loss=4.8470  grad=3.094  S_E=1.000 S_U=0.000

  step  8500  val_ppl=18.62  dom=?
          val_ppl=18.62
step  8550  loss=4.0295  grad=3.406  S_E=1.000 S_U=0.000
step  8600  loss=4.7599  grad=3.203  S_E=1.000 S_U=0.000
step  8650  loss=4.0273  grad=3.109  S_E=1.000 S_U=0.000
step  8700  loss=4.1448  grad=2.672  S_E=1.000 S_U=0.000
step  8750  loss=4.4904  grad=2.531  S_E=1.000 S_U=0.000
step  8800  loss=4.5487  grad=2.578  S_E=1.000 S_U=0.000
step  8850  loss=4.0954  grad=2.922  S_E=1.000 S_U=0.000
step  8900  loss=4.3669  grad=2.844  S_E=1.000 S_U=0.000
step  8950  loss=4.9497  grad=3.203  S_E=1.000 S_U=0.000
step  9000  loss=4.4569  grad=2.938  S_E=1.000 S_U=0.000

  step  9000  val_ppl=18.57  dom=?
          val_ppl=18.57
step  9050  loss=3.7699  grad=3.453  S_E=1.000 S_U=0.000
step  9100  loss=4.1916  grad=3.062  S_E=1.000 S_U=0.000
step  9150  loss=4.3473  grad=3.047  S_E=1.000 S_U=0.000
step  9200  loss=4.1104  grad=2.734  S_E=1.000 S_U=0.000
step  9250  loss=4.0911  grad=2.906  S_E=1.000 S_U=0.000
step  9300  loss=4.6551  grad=2.812  S_E=1.000 S_U=0.000
step  9350  loss=4.4045  grad=2.859  S_E=1.000 S_U=0.000
step  9400  loss=3.8951  grad=3.344  S_E=1.000 S_U=0.000
step  9450  loss=4.9084  grad=2.797  S_E=1.000 S_U=0.000
step  9500  loss=4.2779  grad=2.969  S_E=1.000 S_U=0.000

  step  9500  val_ppl=18.54  dom=?
          val_ppl=18.54
step  9550  loss=4.1248  grad=3.141  S_E=1.000 S_U=0.000
step  9600  loss=4.1715  grad=2.844  S_E=1.000 S_U=0.000
step  9650  loss=4.0341  grad=2.859  S_E=1.000 S_U=0.000
step  9700  loss=4.4951  grad=2.891  S_E=1.000 S_U=0.000
step  9750  loss=4.2644  grad=2.859  S_E=1.000 S_U=0.000
step  9800  loss=4.0909  grad=3.312  S_E=1.000 S_U=0.000
step  9850  loss=4.4861  grad=2.828  S_E=1.000 S_U=0.000
step  9900  loss=3.9384  grad=2.938  S_E=1.000 S_U=0.000
step  9950  loss=3.6905  grad=2.891  S_E=1.000 S_U=0.000
step 10000  loss=4.3017  grad=3.234  S_E=1.000 S_U=0.000

  step 10000  val_ppl=18.56  dom=?
          val_ppl=18.56
step 10050  loss=3.9092  grad=3.125  S_E=1.000 S_U=0.000
step 10100  loss=4.7826  grad=3.391  S_E=1.000 S_U=0.000
step 10150  loss=3.5556  grad=2.656  S_E=1.000 S_U=0.000
step 10200  loss=4.5252  grad=3.062  S_E=1.000 S_U=0.000
step 10250  loss=4.7025  grad=3.109  S_E=1.000 S_U=0.000
step 10300  loss=3.9171  grad=3.250  S_E=1.000 S_U=0.000
step 10350  loss=4.2776  grad=2.953  S_E=1.000 S_U=0.000
step 10400  loss=4.1986  grad=2.734  S_E=1.000 S_U=0.000
step 10450  loss=4.4620  grad=2.906  S_E=1.000 S_U=0.000
step 10500  loss=4.0705  grad=2.844  S_E=1.000 S_U=0.000

  step 10500  val_ppl=18.52  dom=?
          val_ppl=18.52
step 10550  loss=4.2981  grad=3.688  S_E=1.000 S_U=0.000
step 10600  loss=3.8414  grad=3.328  S_E=1.000 S_U=0.000
step 10650  loss=4.2167  grad=2.859  S_E=1.000 S_U=0.000
step 10700  loss=4.0609  grad=2.641  S_E=1.000 S_U=0.000
step 10750  loss=4.3090  grad=3.031  S_E=1.000 S_U=0.000
step 10800  loss=4.3024  grad=2.578  S_E=1.000 S_U=0.000
step 10850  loss=4.2090  grad=3.031  S_E=1.000 S_U=0.000
step 10900  loss=4.0802  grad=2.781  S_E=1.000 S_U=0.000
step 10950  loss=5.2775  grad=3.031  S_E=1.000 S_U=0.000
step 11000  loss=4.5393  grad=3.047  S_E=1.000 S_U=0.000

  step 11000  val_ppl=18.41  dom=?
          val_ppl=18.41
step 11050  loss=3.9878  grad=2.844  S_E=1.000 S_U=0.000
step 11100  loss=4.1899  grad=3.641  S_E=1.000 S_U=0.000
step 11150  loss=4.5916  grad=2.719  S_E=1.000 S_U=0.000
step 11200  loss=4.2260  grad=3.000  S_E=1.000 S_U=0.000
step 11250  loss=4.1498  grad=2.922  S_E=1.000 S_U=0.000
step 11300  loss=4.3369  grad=3.469  S_E=1.000 S_U=0.000
step 11350  loss=4.2248  grad=3.328  S_E=1.000 S_U=0.000
step 11400  loss=3.8334  grad=2.812  S_E=1.000 S_U=0.000
step 11450  loss=4.0544  grad=2.781  S_E=1.000 S_U=0.000
step 11500  loss=4.4036  grad=3.109  S_E=1.000 S_U=0.000

  step 11500  val_ppl=18.37  dom=?
          val_ppl=18.37
step 11550  loss=4.6979  grad=3.031  S_E=1.000 S_U=0.000
step 11600  loss=4.3402  grad=2.969  S_E=1.000 S_U=0.000
step 11650  loss=3.9329  grad=3.172  S_E=1.000 S_U=0.000
step 11700  loss=4.0318  grad=2.906  S_E=1.000 S_U=0.000
step 11750  loss=4.7625  grad=3.172  S_E=1.000 S_U=0.000
step 11800  loss=4.5202  grad=2.984  S_E=1.000 S_U=0.000
step 11850  loss=4.4832  grad=3.141  S_E=1.000 S_U=0.000
step 11900  loss=3.8200  grad=2.672  S_E=1.000 S_U=0.000
step 11950  loss=4.0073  grad=2.922  S_E=1.000 S_U=0.000
step 12000  loss=4.4840  grad=3.125  S_E=1.000 S_U=0.000

  step 12000  val_ppl=18.36  dom=?
          val_ppl=18.36
step 12050  loss=4.4805  grad=2.812  S_E=1.000 S_U=0.000
step 12100  loss=4.2757  grad=2.875  S_E=1.000 S_U=0.000
step 12150  loss=4.1278  grad=3.078  S_E=1.000 S_U=0.000
step 12200  loss=4.6813  grad=2.891  S_E=1.000 S_U=0.000
step 12250  loss=4.6025  grad=3.141  S_E=1.000 S_U=0.000
step 12300  loss=4.7587  grad=3.188  S_E=1.000 S_U=0.000
step 12350  loss=4.3009  grad=3.344  S_E=1.000 S_U=0.000
step 12400  loss=4.1572  grad=2.984  S_E=1.000 S_U=0.000
step 12450  loss=4.8923  grad=2.969  S_E=1.000 S_U=0.000
step 12500  loss=4.3821  grad=2.812  S_E=1.000 S_U=0.000

  step 12500  val_ppl=18.37  dom=?
          val_ppl=18.37
step 12550  loss=3.9405  grad=2.828  S_E=1.000 S_U=0.000
step 12600  loss=3.7353  grad=2.562  S_E=1.000 S_U=0.000
step 12650  loss=4.2680  grad=3.281  S_E=1.000 S_U=0.000
step 12700  loss=3.9733  grad=3.062  S_E=1.000 S_U=0.000
step 12750  loss=4.1699  grad=3.203  S_E=1.000 S_U=0.000
step 12800  loss=4.5107  grad=3.125  S_E=1.000 S_U=0.000
step 12850  loss=3.9433  grad=3.516  S_E=1.000 S_U=0.000
step 12900  loss=4.4445  grad=2.875  S_E=1.000 S_U=0.000
step 12950  loss=3.5657  grad=2.688  S_E=1.000 S_U=0.000
step 13000  loss=4.5008  grad=3.203  S_E=1.000 S_U=0.000

  step 13000  val_ppl=18.33  dom=?
          val_ppl=18.33
step 13050  loss=4.8747  grad=2.641  S_E=1.000 S_U=0.000
step 13100  loss=4.1396  grad=3.078  S_E=1.000 S_U=0.000
step 13150  loss=4.2595  grad=3.219  S_E=1.000 S_U=0.000
step 13200  loss=4.1092  grad=2.781  S_E=1.000 S_U=0.000
step 13250  loss=3.4293  grad=2.828  S_E=1.000 S_U=0.000
step 13300  loss=4.6905  grad=3.219  S_E=1.000 S_U=0.000
step 13350  loss=4.7420  grad=3.469  S_E=1.000 S_U=0.000
step 13400  loss=4.1584  grad=3.625  S_E=1.000 S_U=0.000
step 13450  loss=4.3462  grad=2.906  S_E=1.000 S_U=0.000
step 13500  loss=4.7060  grad=3.578  S_E=1.000 S_U=0.000

  step 13500  val_ppl=18.29  dom=?
          val_ppl=18.29
step 13550  loss=4.4658  grad=3.281  S_E=1.000 S_U=0.000
step 13600  loss=4.6331  grad=2.844  S_E=1.000 S_U=0.000
step 13650  loss=3.4886  grad=3.375  S_E=1.000 S_U=0.000
step 13700  loss=4.1781  grad=2.891  S_E=1.000 S_U=0.000
step 13750  loss=4.7311  grad=3.062  S_E=1.000 S_U=0.000
step 13800  loss=4.4578  grad=3.047  S_E=1.000 S_U=0.000
step 13850  loss=3.9457  grad=3.000  S_E=1.000 S_U=0.000
step 13900  loss=4.9179  grad=2.625  S_E=1.000 S_U=0.000
step 13950  loss=4.1750  grad=2.766  S_E=1.000 S_U=0.000
step 14000  loss=4.0079  grad=2.797  S_E=1.000 S_U=0.000

  step 14000  val_ppl=18.26  dom=?
          val_ppl=18.26
step 14050  loss=4.8784  grad=3.109  S_E=1.000 S_U=0.000
step 14100  loss=4.3093  grad=2.719  S_E=1.000 S_U=0.000
step 14150  loss=4.3019  grad=3.031  S_E=1.000 S_U=0.000
step 14200  loss=4.8660  grad=3.500  S_E=1.000 S_U=0.000
step 14250  loss=4.2571  grad=3.156  S_E=1.000 S_U=0.000
step 14300  loss=4.3504  grad=2.781  S_E=1.000 S_U=0.000
step 14350  loss=4.1448  grad=3.250  S_E=1.000 S_U=0.000
step 14400  loss=4.2703  grad=2.938  S_E=1.000 S_U=0.000
step 14450  loss=4.4035  grad=3.203  S_E=1.000 S_U=0.000
step 14500  loss=3.8278  grad=2.812  S_E=1.000 S_U=0.000

  step 14500  val_ppl=18.21  dom=?
          val_ppl=18.21
step 14550  loss=4.0471  grad=2.891  S_E=1.000 S_U=0.000
step 14600  loss=4.0073  grad=3.438  S_E=1.000 S_U=0.000
step 14650  loss=4.3737  grad=3.391  S_E=1.000 S_U=0.000
step 14700  loss=3.6810  grad=3.016  S_E=1.000 S_U=0.000
step 14750  loss=4.3456  grad=2.844  S_E=1.000 S_U=0.000
step 14800  loss=4.8307  grad=3.203  S_E=1.000 S_U=0.000
step 14850  loss=4.3255  grad=3.000  S_E=1.000 S_U=0.000
step 14900  loss=5.0138  grad=2.641  S_E=1.000 S_U=0.000
step 14950  loss=4.0397  grad=2.828  S_E=1.000 S_U=0.000
step 15000  loss=3.9491  grad=2.984  S_E=1.000 S_U=0.000

  step 15000  val_ppl=18.21  dom=?
          val_ppl=18.21
step 15050  loss=4.5449  grad=3.078  S_E=1.000 S_U=0.000
step 15100  loss=4.3799  grad=3.094  S_E=1.000 S_U=0.000
step 15150  loss=4.1460  grad=3.734  S_E=1.000 S_U=0.000
step 15200  loss=4.2678  grad=3.453  S_E=1.000 S_U=0.000
step 15250  loss=4.1555  grad=3.281  S_E=1.000 S_U=0.000
step 15300  loss=4.7895  grad=3.047  S_E=1.000 S_U=0.000
step 15350  loss=4.1454  grad=3.297  S_E=1.000 S_U=0.000
step 15400  loss=3.9656  grad=3.594  S_E=1.000 S_U=0.000
step 15450  loss=4.4636  grad=2.969  S_E=1.000 S_U=0.000
step 15500  loss=4.4970  grad=2.891  S_E=1.000 S_U=0.000

  step 15500  val_ppl=18.20  dom=?
          val_ppl=18.20
step 15550  loss=4.2950  grad=2.750  S_E=1.000 S_U=0.000
step 15600  loss=4.6575  grad=2.891  S_E=1.000 S_U=0.000
step 15650  loss=4.5450  grad=2.859  S_E=1.000 S_U=0.000
step 15700  loss=4.1667  grad=3.109  S_E=1.000 S_U=0.000
step 15750  loss=4.1498  grad=3.000  S_E=1.000 S_U=0.000
step 15800  loss=4.3646  grad=3.125  S_E=1.000 S_U=0.000
step 15850  loss=4.4260  grad=3.000  S_E=1.000 S_U=0.000
step 15900  loss=4.0983  grad=2.906  S_E=1.000 S_U=0.000
step 15950  loss=4.4039  grad=3.125  S_E=1.000 S_U=0.000
step 16000  loss=4.3048  grad=3.031  S_E=1.000 S_U=0.000

  step 16000  val_ppl=18.21  dom=?
          val_ppl=18.21
step 16050  loss=4.5523  grad=2.953  S_E=1.000 S_U=0.000
step 16100  loss=3.4357  grad=3.219  S_E=1.000 S_U=0.000
step 16150  loss=4.2654  grad=2.938  S_E=1.000 S_U=0.000
step 16200  loss=4.1858  grad=3.125  S_E=1.000 S_U=0.000
step 16250  loss=3.8914  grad=2.938  S_E=1.000 S_U=0.000
step 16300  loss=4.1581  grad=3.344  S_E=1.000 S_U=0.000
step 16350  loss=4.3018  grad=3.062  S_E=1.000 S_U=0.000
step 16400  loss=4.4843  grad=3.047  S_E=1.000 S_U=0.000
step 16450  loss=3.6353  grad=2.859  S_E=1.000 S_U=0.000
step 16500  loss=3.8198  grad=2.750  S_E=1.000 S_U=0.000

  step 16500  val_ppl=18.18  dom=?
          val_ppl=18.18
step 16550  loss=4.6447  grad=2.969  S_E=1.000 S_U=0.000
step 16600  loss=4.6167  grad=3.906  S_E=1.000 S_U=0.000
step 16650  loss=4.4334  grad=3.359  S_E=1.000 S_U=0.000
step 16700  loss=4.3653  grad=3.031  S_E=1.000 S_U=0.000
step 16750  loss=4.2562  grad=3.406  S_E=1.000 S_U=0.000
step 16800  loss=4.7019  grad=2.859  S_E=1.000 S_U=0.000
step 16850  loss=4.5803  grad=3.203  S_E=1.000 S_U=0.000
step 16900  loss=4.0501  grad=3.078  S_E=1.000 S_U=0.000
step 16950  loss=3.9924  grad=3.016  S_E=1.000 S_U=0.000
step 17000  loss=4.0258  grad=2.828  S_E=1.000 S_U=0.000

  step 17000  val_ppl=18.15  dom=?
          val_ppl=18.15
step 17050  loss=4.6607  grad=3.188  S_E=1.000 S_U=0.000
step 17100  loss=4.2303  grad=3.203  S_E=1.000 S_U=0.000
step 17150  loss=4.0107  grad=3.359  S_E=1.000 S_U=0.000
step 17200  loss=4.2949  grad=2.938  S_E=1.000 S_U=0.000
step 17250  loss=4.1185  grad=3.031  S_E=1.000 S_U=0.000
step 17300  loss=4.4430  grad=3.703  S_E=1.000 S_U=0.000
step 17350  loss=4.3456  grad=3.312  S_E=1.000 S_U=0.000
step 17400  loss=4.3073  grad=3.094  S_E=1.000 S_U=0.000
step 17450  loss=4.1545  grad=2.953  S_E=1.000 S_U=0.000
step 17500  loss=4.0999  grad=3.047  S_E=1.000 S_U=0.000

  step 17500  val_ppl=18.17  dom=?
          val_ppl=18.17
step 17550  loss=4.9537  grad=3.219  S_E=1.000 S_U=0.000
step 17600  loss=4.1735  grad=3.219  S_E=1.000 S_U=0.000
step 17650  loss=3.8454  grad=4.500  S_E=1.000 S_U=0.000
step 17700  loss=4.5014  grad=2.547  S_E=1.000 S_U=0.000
step 17750  loss=4.0270  grad=2.828  S_E=1.000 S_U=0.000
step 17800  loss=4.4211  grad=3.312  S_E=1.000 S_U=0.000
step 17850  loss=3.6123  grad=3.297  S_E=1.000 S_U=0.000
step 17900  loss=4.1681  grad=3.578  S_E=1.000 S_U=0.000
step 17950  loss=4.3265  grad=3.016  S_E=1.000 S_U=0.000
step 18000  loss=4.2004  grad=2.578  S_E=1.000 S_U=0.000

  step 18000  val_ppl=18.11  dom=?
          val_ppl=18.11
step 18050  loss=4.0266  grad=2.844  S_E=1.000 S_U=0.000
step 18100  loss=4.3263  grad=3.266  S_E=1.000 S_U=0.000
step 18150  loss=3.8257  grad=3.312  S_E=1.000 S_U=0.000
step 18200  loss=4.2590  grad=3.547  S_E=1.000 S_U=0.000
step 18250  loss=4.1489  grad=2.672  S_E=1.000 S_U=0.000
step 18300  loss=4.1890  grad=3.484  S_E=1.000 S_U=0.000
step 18350  loss=4.3378  grad=2.719  S_E=1.000 S_U=0.000
step 18400  loss=4.5455  grad=3.812  S_E=1.000 S_U=0.000
step 18450  loss=4.5128  grad=3.391  S_E=1.000 S_U=0.000
step 18500  loss=4.6993  grad=3.109  S_E=1.000 S_U=0.000

  step 18500  val_ppl=18.11  dom=?
          val_ppl=18.11
step 18550  loss=3.5474  grad=3.203  S_E=1.000 S_U=0.000
step 18600  loss=4.1593  grad=3.250  S_E=1.000 S_U=0.000
step 18650  loss=3.9921  grad=3.312  S_E=1.000 S_U=0.000
step 18700  loss=4.4320  grad=3.641  S_E=1.000 S_U=0.000
step 18750  loss=4.6871  grad=2.672  S_E=1.000 S_U=0.000
step 18800  loss=4.2422  grad=3.234  S_E=1.000 S_U=0.000
step 18850  loss=4.7352  grad=3.000  S_E=1.000 S_U=0.000
step 18900  loss=4.0348  grad=3.344  S_E=1.000 S_U=0.000
step 18950  loss=4.3806  grad=3.406  S_E=1.000 S_U=0.000
step 19000  loss=4.5641  grad=3.422  S_E=1.000 S_U=0.000

  step 19000  val_ppl=18.10  dom=?
          val_ppl=18.10
step 19050  loss=4.1916  grad=3.031  S_E=1.000 S_U=0.000
step 19100  loss=4.4647  grad=3.625  S_E=1.000 S_U=0.000
step 19150  loss=3.9583  grad=2.766  S_E=1.000 S_U=0.000
step 19200  loss=4.5547  grad=3.172  S_E=1.000 S_U=0.000
step 19250  loss=4.2247  grad=2.859  S_E=1.000 S_U=0.000
step 19300  loss=3.8862  grad=3.391  S_E=1.000 S_U=0.000
step 19350  loss=3.9808  grad=3.500  S_E=1.000 S_U=0.000
step 19400  loss=4.0467  grad=3.328  S_E=1.000 S_U=0.000
step 19450  loss=3.9427  grad=2.781  S_E=1.000 S_U=0.000
step 19500  loss=3.8882  grad=2.906  S_E=1.000 S_U=0.000

  step 19500  val_ppl=18.11  dom=?
          val_ppl=18.11
step 19550  loss=4.3929  grad=2.875  S_E=1.000 S_U=0.000
step 19600  loss=4.2489  grad=4.625  S_E=1.000 S_U=0.000
step 19650  loss=4.6502  grad=2.703  S_E=1.000 S_U=0.000
step 19700  loss=4.0769  grad=3.828  S_E=1.000 S_U=0.000
step 19750  loss=3.3787  grad=3.188  S_E=1.000 S_U=0.000
step 19800  loss=3.8404  grad=3.219  S_E=1.000 S_U=0.000
step 19850  loss=4.3004  grad=3.328  S_E=1.000 S_U=0.000
step 19900  loss=4.0254  grad=3.438  S_E=1.000 S_U=0.000
step 19950  loss=4.7051  grad=3.453  S_E=1.000 S_U=0.000
  [final] val_ppl=18.03
          val_ppl=18.03

── Timing breakdown ─────────────────────────────────
  component    ms/step   % total   calls
  ────────── ─────────  ────────  ──────
  data           31.29     45.0%   20000
  bandit          0.00      0.0%   20000
  fwd             6.65      9.6%   20400
  score           0.29      0.4%     400
  bwd            31.24     45.0%   20000
  ────────── ─────────  ────────  ──────
  TOTAL          69.46    100.0%

  Rescore steps:          400/20000 (2.0% of steps)
  Cost per rescore:       14.75 ms
  Amortised scorer:       0.295 ms/step (0.42% of total)
  Paper claims ~1%:       ✓ within paper claim
────────────────────────────────────────────────────

Final val PPL (rho1): 18.03
Scorer overhead: 0.42% of total wall time
✓ Within paper's ~1% claim
