backend=cuda  dtype=torch.bfloat16  seed=44
[data] train: 950.0M tokens
[data] val: 50.0M tokens
[liger] Not enabled: cannot import name 'apply_liger_kernel_to_gpt2' from 'liger_kernel.transformers' (/lustre/fsn1/projects/rech/sum/ufj45ra/venvs/sieve/lib/python3.12/site-packages/liger_kernel/transformers/__init__.py)
step     0  loss=4.9147  grad=7.156  S_E=1.000 S_U=0.000
step    50  loss=4.4409  grad=3.344  S_E=1.000 S_U=0.000
step   100  loss=4.2773  grad=4.219  S_E=1.000 S_U=0.000
step   150  loss=4.9503  grad=13.000  S_E=1.000 S_U=0.000
step   200  loss=4.3093  grad=3.500  S_E=1.000 S_U=0.000
step   250  loss=4.4704  grad=4.156  S_E=1.000 S_U=0.000
step   300  loss=4.4478  grad=4.656  S_E=1.000 S_U=0.000
step   350  loss=4.2524  grad=3.531  S_E=1.000 S_U=0.000
step   400  loss=4.4371  grad=3.516  S_E=1.000 S_U=0.000
step   450  loss=4.7073  grad=3.828  S_E=1.000 S_U=0.000
step   500  loss=4.0272  grad=3.734  S_E=1.000 S_U=0.000

  step   500  val_ppl=18.37
          val_ppl=18.37
step   550  loss=3.9258  grad=4.344  S_E=1.000 S_U=0.000
step   600  loss=4.2733  grad=4.562  S_E=1.000 S_U=0.000
step   650  loss=4.2329  grad=3.750  S_E=1.000 S_U=0.000
step   700  loss=4.3737  grad=3.625  S_E=1.000 S_U=0.000
step   750  loss=3.9909  grad=3.828  S_E=1.000 S_U=0.000
step   800  loss=4.6970  grad=5.219  S_E=1.000 S_U=0.000
step   850  loss=4.5493  grad=4.938  S_E=1.000 S_U=0.000
step   900  loss=4.3401  grad=4.188  S_E=1.000 S_U=0.000
step   950  loss=4.0119  grad=3.859  S_E=1.000 S_U=0.000
step  1000  loss=4.2496  grad=4.469  S_E=1.000 S_U=0.000

  step  1000  val_ppl=18.10
          val_ppl=18.10
step  1050  loss=4.7082  grad=5.469  S_E=1.000 S_U=0.000
step  1100  loss=4.1909  grad=3.969  S_E=1.000 S_U=0.000
step  1150  loss=4.8149  grad=5.219  S_E=1.000 S_U=0.000
step  1200  loss=4.1832  grad=4.156  S_E=1.000 S_U=0.000
step  1250  loss=4.2718  grad=4.094  S_E=1.000 S_U=0.000
step  1300  loss=4.2173  grad=4.844  S_E=1.000 S_U=0.000
step  1350  loss=4.0506  grad=4.031  S_E=1.000 S_U=0.000
step  1400  loss=4.8377  grad=4.406  S_E=1.000 S_U=0.000
step  1450  loss=3.9944  grad=4.188  S_E=1.000 S_U=0.000
step  1500  loss=4.3025  grad=4.500  S_E=1.000 S_U=0.000

  step  1500  val_ppl=17.79
          val_ppl=17.79
step  1550  loss=4.1234  grad=4.812  S_E=1.000 S_U=0.000
step  1600  loss=3.5937  grad=4.406  S_E=1.000 S_U=0.000
step  1650  loss=3.4149  grad=3.609  S_E=1.000 S_U=0.000
step  1700  loss=4.3262  grad=4.719  S_E=1.000 S_U=0.000
step  1750  loss=4.2869  grad=4.219  S_E=1.000 S_U=0.000
step  1800  loss=4.5507  grad=4.219  S_E=1.000 S_U=0.000
step  1850  loss=4.2349  grad=4.062  S_E=1.000 S_U=0.000
step  1900  loss=4.3796  grad=4.906  S_E=1.000 S_U=0.000
step  1950  loss=4.3731  grad=4.719  S_E=1.000 S_U=0.000
step  2000  loss=3.8859  grad=3.625  S_E=1.000 S_U=0.000

  step  2000  val_ppl=17.62
          val_ppl=17.62
step  2050  loss=4.1233  grad=5.312  S_E=1.000 S_U=0.000
step  2100  loss=3.9685  grad=4.375  S_E=1.000 S_U=0.000
step  2150  loss=4.2800  grad=4.562  S_E=1.000 S_U=0.000
step  2200  loss=4.1693  grad=4.750  S_E=1.000 S_U=0.000
step  2250  loss=4.3719  grad=4.531  S_E=1.000 S_U=0.000
step  2300  loss=4.5767  grad=4.500  S_E=1.000 S_U=0.000
step  2350  loss=4.1322  grad=4.062  S_E=1.000 S_U=0.000
step  2400  loss=4.0001  grad=4.812  S_E=1.000 S_U=0.000
step  2450  loss=3.9746  grad=4.344  S_E=1.000 S_U=0.000
step  2500  loss=4.1754  grad=4.562  S_E=1.000 S_U=0.000

  step  2500  val_ppl=17.45
          val_ppl=17.45
step  2550  loss=4.1656  grad=3.969  S_E=1.000 S_U=0.000
step  2600  loss=3.9138  grad=4.125  S_E=1.000 S_U=0.000
step  2650  loss=4.3473  grad=3.750  S_E=1.000 S_U=0.000
step  2700  loss=4.6767  grad=4.156  S_E=1.000 S_U=0.000
step  2750  loss=4.8468  grad=5.094  S_E=1.000 S_U=0.000
step  2800  loss=3.7217  grad=3.656  S_E=1.000 S_U=0.000
step  2850  loss=3.2506  grad=3.234  S_E=1.000 S_U=0.000
step  2900  loss=3.4673  grad=3.812  S_E=1.000 S_U=0.000
step  2950  loss=3.2537  grad=3.281  S_E=1.000 S_U=0.000
step  3000  loss=4.5844  grad=4.625  S_E=1.000 S_U=0.000

  step  3000  val_ppl=17.34
          val_ppl=17.34
step  3050  loss=4.0192  grad=4.281  S_E=1.000 S_U=0.000
step  3100  loss=3.9972  grad=3.781  S_E=1.000 S_U=0.000
step  3150  loss=3.7913  grad=3.844  S_E=1.000 S_U=0.000
step  3200  loss=4.4708  grad=5.625  S_E=1.000 S_U=0.000
step  3250  loss=4.3542  grad=3.875  S_E=1.000 S_U=0.000
step  3300  loss=3.8652  grad=4.469  S_E=1.000 S_U=0.000
step  3350  loss=4.2147  grad=4.750  S_E=1.000 S_U=0.000
step  3400  loss=3.9875  grad=3.828  S_E=1.000 S_U=0.000
step  3450  loss=4.3176  grad=4.438  S_E=1.000 S_U=0.000
step  3500  loss=4.3180  grad=5.031  S_E=1.000 S_U=0.000

  step  3500  val_ppl=17.20
          val_ppl=17.20
step  3550  loss=3.9841  grad=4.125  S_E=1.000 S_U=0.000
step  3600  loss=4.4499  grad=4.688  S_E=1.000 S_U=0.000
step  3650  loss=4.7595  grad=4.562  S_E=1.000 S_U=0.000
step  3700  loss=4.7157  grad=5.094  S_E=1.000 S_U=0.000
step  3750  loss=4.0186  grad=4.281  S_E=1.000 S_U=0.000
step  3800  loss=4.3528  grad=5.969  S_E=1.000 S_U=0.000
step  3850  loss=4.2244  grad=3.875  S_E=1.000 S_U=0.000
step  3900  loss=3.8122  grad=3.891  S_E=1.000 S_U=0.000
step  3950  loss=3.9349  grad=3.688  S_E=1.000 S_U=0.000
step  4000  loss=4.1467  grad=3.828  S_E=1.000 S_U=0.000

  step  4000  val_ppl=17.15
          val_ppl=17.15
step  4050  loss=3.9347  grad=4.156  S_E=1.000 S_U=0.000
step  4100  loss=4.1007  grad=4.562  S_E=1.000 S_U=0.000
step  4150  loss=3.4020  grad=4.000  S_E=1.000 S_U=0.000
step  4200  loss=4.1455  grad=4.469  S_E=1.000 S_U=0.000
step  4250  loss=4.3536  grad=4.531  S_E=1.000 S_U=0.000
step  4300  loss=3.8667  grad=3.625  S_E=1.000 S_U=0.000
step  4350  loss=3.7060  grad=4.000  S_E=1.000 S_U=0.000
step  4400  loss=4.2527  grad=4.625  S_E=1.000 S_U=0.000
step  4450  loss=3.9571  grad=3.906  S_E=1.000 S_U=0.000
step  4500  loss=3.7197  grad=4.219  S_E=1.000 S_U=0.000

  step  4500  val_ppl=17.01
          val_ppl=17.01
step  4550  loss=3.8086  grad=3.812  S_E=1.000 S_U=0.000
step  4600  loss=3.9937  grad=4.875  S_E=1.000 S_U=0.000
step  4650  loss=4.2336  grad=4.250  S_E=1.000 S_U=0.000
step  4700  loss=4.2058  grad=4.188  S_E=1.000 S_U=0.000
step  4750  loss=3.6837  grad=4.094  S_E=1.000 S_U=0.000
step  4800  loss=3.7930  grad=6.969  S_E=1.000 S_U=0.000
step  4850  loss=3.6876  grad=4.406  S_E=1.000 S_U=0.000
step  4900  loss=4.6253  grad=5.031  S_E=1.000 S_U=0.000
step  4950  loss=4.0340  grad=4.125  S_E=1.000 S_U=0.000
step  5000  loss=4.1184  grad=4.781  S_E=1.000 S_U=0.000

  step  5000  val_ppl=16.98
          val_ppl=16.98
step  5050  loss=3.5434  grad=3.766  S_E=1.000 S_U=0.000
step  5100  loss=4.4095  grad=4.562  S_E=1.000 S_U=0.000
step  5150  loss=3.9679  grad=4.500  S_E=1.000 S_U=0.000
step  5200  loss=4.2364  grad=5.594  S_E=1.000 S_U=0.000
step  5250  loss=4.1659  grad=4.219  S_E=1.000 S_U=0.000
step  5300  loss=4.2964  grad=4.688  S_E=1.000 S_U=0.000
step  5350  loss=3.8365  grad=3.750  S_E=1.000 S_U=0.000
step  5400  loss=4.0799  grad=4.594  S_E=1.000 S_U=0.000
step  5450  loss=4.3367  grad=4.844  S_E=1.000 S_U=0.000
step  5500  loss=4.3478  grad=4.281  S_E=1.000 S_U=0.000

  step  5500  val_ppl=16.94
          val_ppl=16.94
step  5550  loss=4.4178  grad=5.875  S_E=1.000 S_U=0.000
step  5600  loss=4.4051  grad=4.188  S_E=1.000 S_U=0.000
step  5650  loss=3.9468  grad=4.375  S_E=1.000 S_U=0.000
step  5700  loss=4.4306  grad=4.969  S_E=1.000 S_U=0.000
step  5750  loss=4.3755  grad=5.125  S_E=1.000 S_U=0.000
step  5800  loss=3.7595  grad=3.422  S_E=1.000 S_U=0.000
step  5850  loss=4.1009  grad=4.500  S_E=1.000 S_U=0.000
step  5900  loss=3.9026  grad=4.375  S_E=1.000 S_U=0.000
step  5950  loss=4.4945  grad=4.750  S_E=1.000 S_U=0.000
step  6000  loss=4.6984  grad=5.031  S_E=1.000 S_U=0.000

  step  6000  val_ppl=16.84
          val_ppl=16.84
step  6050  loss=4.5220  grad=4.469  S_E=1.000 S_U=0.000
step  6100  loss=3.4094  grad=3.656  S_E=1.000 S_U=0.000
step  6150  loss=4.3250  grad=4.938  S_E=1.000 S_U=0.000
step  6200  loss=4.0883  grad=4.125  S_E=1.000 S_U=0.000
step  6250  loss=3.5994  grad=3.828  S_E=1.000 S_U=0.000
step  6300  loss=4.1468  grad=3.953  S_E=1.000 S_U=0.000
step  6350  loss=3.8078  grad=4.125  S_E=1.000 S_U=0.000
step  6400  loss=4.6016  grad=4.844  S_E=1.000 S_U=0.000
step  6450  loss=4.5403  grad=4.594  S_E=1.000 S_U=0.000
step  6500  loss=4.4064  grad=4.531  S_E=1.000 S_U=0.000

  step  6500  val_ppl=16.81
          val_ppl=16.81
step  6550  loss=3.8632  grad=5.812  S_E=1.000 S_U=0.000
step  6600  loss=4.3843  grad=5.031  S_E=1.000 S_U=0.000
step  6650  loss=4.0492  grad=5.406  S_E=1.000 S_U=0.000
step  6700  loss=4.4664  grad=5.312  S_E=1.000 S_U=0.000
step  6750  loss=4.0462  grad=4.438  S_E=1.000 S_U=0.000
step  6800  loss=4.2218  grad=4.281  S_E=1.000 S_U=0.000
step  6850  loss=4.2196  grad=21.875  S_E=1.000 S_U=0.000
step  6900  loss=3.6872  grad=3.547  S_E=1.000 S_U=0.000
step  6950  loss=3.6323  grad=4.094  S_E=1.000 S_U=0.000
step  7000  loss=3.3198  grad=3.578  S_E=1.000 S_U=0.000

  step  7000  val_ppl=16.77
          val_ppl=16.77
step  7050  loss=4.1513  grad=4.938  S_E=1.000 S_U=0.000
step  7100  loss=4.2958  grad=4.531  S_E=1.000 S_U=0.000
step  7150  loss=3.9969  grad=4.562  S_E=1.000 S_U=0.000
step  7200  loss=3.8900  grad=4.281  S_E=1.000 S_U=0.000
step  7250  loss=4.2267  grad=4.781  S_E=1.000 S_U=0.000
step  7300  loss=4.1198  grad=4.312  S_E=1.000 S_U=0.000
step  7350  loss=3.8439  grad=4.156  S_E=1.000 S_U=0.000
step  7400  loss=3.8758  grad=4.375  S_E=1.000 S_U=0.000
step  7450  loss=3.5913  grad=4.344  S_E=1.000 S_U=0.000
step  7500  loss=4.2070  grad=4.938  S_E=1.000 S_U=0.000

  step  7500  val_ppl=16.74
          val_ppl=16.74
step  7550  loss=3.7634  grad=3.750  S_E=1.000 S_U=0.000
step  7600  loss=4.4638  grad=4.469  S_E=1.000 S_U=0.000
step  7650  loss=3.5475  grad=3.719  S_E=1.000 S_U=0.000
step  7700  loss=3.6293  grad=5.031  S_E=1.000 S_U=0.000
step  7750  loss=4.0205  grad=4.812  S_E=1.000 S_U=0.000
step  7800  loss=4.2303  grad=4.656  S_E=1.000 S_U=0.000
step  7850  loss=4.0310  grad=4.062  S_E=1.000 S_U=0.000
step  7900  loss=4.0127  grad=4.344  S_E=1.000 S_U=0.000
step  7950  loss=4.0698  grad=4.625  S_E=1.000 S_U=0.000
step  8000  loss=4.1279  grad=4.500  S_E=1.000 S_U=0.000

  step  8000  val_ppl=16.68
          val_ppl=16.68
step  8050  loss=4.2991  grad=5.344  S_E=1.000 S_U=0.000
step  8100  loss=3.8088  grad=3.922  S_E=1.000 S_U=0.000
step  8150  loss=4.3449  grad=5.375  S_E=1.000 S_U=0.000
step  8200  loss=4.1681  grad=4.750  S_E=1.000 S_U=0.000
step  8250  loss=3.6633  grad=4.000  S_E=1.000 S_U=0.000
step  8300  loss=3.6783  grad=3.984  S_E=1.000 S_U=0.000
step  8350  loss=3.9453  grad=5.688  S_E=1.000 S_U=0.000
step  8400  loss=4.1485  grad=4.250  S_E=1.000 S_U=0.000
step  8450  loss=3.8859  grad=4.219  S_E=1.000 S_U=0.000
step  8500  loss=4.4365  grad=4.656  S_E=1.000 S_U=0.000

  step  8500  val_ppl=16.66
          val_ppl=16.66
step  8550  loss=3.8119  grad=3.891  S_E=1.000 S_U=0.000
step  8600  loss=4.1404  grad=4.531  S_E=1.000 S_U=0.000
step  8650  loss=4.2651  grad=4.844  S_E=1.000 S_U=0.000
step  8700  loss=4.2577  grad=4.906  S_E=1.000 S_U=0.000
step  8750  loss=3.5781  grad=4.031  S_E=1.000 S_U=0.000
step  8800  loss=4.0475  grad=3.719  S_E=1.000 S_U=0.000
step  8850  loss=4.3260  grad=4.656  S_E=1.000 S_U=0.000
step  8900  loss=3.7353  grad=4.312  S_E=1.000 S_U=0.000
step  8950  loss=4.4200  grad=4.531  S_E=1.000 S_U=0.000
step  9000  loss=3.8914  grad=4.625  S_E=1.000 S_U=0.000

  step  9000  val_ppl=16.61
          val_ppl=16.61
step  9050  loss=4.1722  grad=4.562  S_E=1.000 S_U=0.000
step  9100  loss=4.0018  grad=5.125  S_E=1.000 S_U=0.000
step  9150  loss=4.2035  grad=5.375  S_E=1.000 S_U=0.000
step  9200  loss=4.6917  grad=6.531  S_E=1.000 S_U=0.000
step  9250  loss=3.4752  grad=3.719  S_E=1.000 S_U=0.000
step  9300  loss=4.2737  grad=4.250  S_E=1.000 S_U=0.000
step  9350  loss=4.2969  grad=4.312  S_E=1.000 S_U=0.000
step  9400  loss=4.0586  grad=4.031  S_E=1.000 S_U=0.000
step  9450  loss=4.0101  grad=4.844  S_E=1.000 S_U=0.000
step  9500  loss=4.2380  grad=4.906  S_E=1.000 S_U=0.000

  step  9500  val_ppl=16.61
          val_ppl=16.61
step  9550  loss=3.6456  grad=4.438  S_E=1.000 S_U=0.000
step  9600  loss=4.6297  grad=4.562  S_E=1.000 S_U=0.000
step  9650  loss=3.9988  grad=4.156  S_E=1.000 S_U=0.000
step  9700  loss=4.2244  grad=4.031  S_E=1.000 S_U=0.000
step  9750  loss=3.8558  grad=4.094  S_E=1.000 S_U=0.000
step  9800  loss=4.6156  grad=4.344  S_E=1.000 S_U=0.000
step  9850  loss=4.1413  grad=5.062  S_E=1.000 S_U=0.000
step  9900  loss=3.9545  grad=4.281  S_E=1.000 S_U=0.000
step  9950  loss=3.8470  grad=4.438  S_E=1.000 S_U=0.000
step 10000  loss=4.4933  grad=5.375  S_E=1.000 S_U=0.000

  step 10000  val_ppl=16.56
          val_ppl=16.56
step 10050  loss=4.0554  grad=4.281  S_E=1.000 S_U=0.000
step 10100  loss=3.6794  grad=3.766  S_E=1.000 S_U=0.000
step 10150  loss=4.1317  grad=3.906  S_E=1.000 S_U=0.000
step 10200  loss=3.5808  grad=3.781  S_E=1.000 S_U=0.000
step 10250  loss=4.3182  grad=4.594  S_E=1.000 S_U=0.000
step 10300  loss=3.9096  grad=4.875  S_E=1.000 S_U=0.000
step 10350  loss=4.2716  grad=5.344  S_E=1.000 S_U=0.000
step 10400  loss=3.7788  grad=3.922  S_E=1.000 S_U=0.000
step 10450  loss=3.4659  grad=4.375  S_E=1.000 S_U=0.000
step 10500  loss=4.4686  grad=5.156  S_E=1.000 S_U=0.000

  step 10500  val_ppl=16.55
          val_ppl=16.55
step 10550  loss=3.8099  grad=3.969  S_E=1.000 S_U=0.000
step 10600  loss=3.4024  grad=3.906  S_E=1.000 S_U=0.000
step 10650  loss=4.4203  grad=4.688  S_E=1.000 S_U=0.000
step 10700  loss=4.5153  grad=4.562  S_E=1.000 S_U=0.000
step 10750  loss=4.5066  grad=4.844  S_E=1.000 S_U=0.000
step 10800  loss=3.8075  grad=4.094  S_E=1.000 S_U=0.000
step 10850  loss=4.4899  grad=5.531  S_E=1.000 S_U=0.000
step 10900  loss=4.0935  grad=4.812  S_E=1.000 S_U=0.000
step 10950  loss=4.1280  grad=5.500  S_E=1.000 S_U=0.000
step 11000  loss=4.1922  grad=4.250  S_E=1.000 S_U=0.000

  step 11000  val_ppl=16.49
          val_ppl=16.49
step 11050  loss=4.9106  grad=5.344  S_E=1.000 S_U=0.000
step 11100  loss=4.0150  grad=4.438  S_E=1.000 S_U=0.000
step 11150  loss=4.3819  grad=5.031  S_E=1.000 S_U=0.000
step 11200  loss=4.2989  grad=4.281  S_E=1.000 S_U=0.000
step 11250  loss=4.2983  grad=5.000  S_E=1.000 S_U=0.000
step 11300  loss=4.2224  grad=4.531  S_E=1.000 S_U=0.000
step 11350  loss=4.8566  grad=5.875  S_E=1.000 S_U=0.000
step 11400  loss=4.2484  grad=4.594  S_E=1.000 S_U=0.000
step 11450  loss=3.8507  grad=4.875  S_E=1.000 S_U=0.000
step 11500  loss=4.1742  grad=4.719  S_E=1.000 S_U=0.000

  step 11500  val_ppl=16.47
          val_ppl=16.47
step 11550  loss=3.9991  grad=3.984  S_E=1.000 S_U=0.000
step 11600  loss=4.2878  grad=4.312  S_E=1.000 S_U=0.000
step 11650  loss=4.4797  grad=5.188  S_E=1.000 S_U=0.000
step 11700  loss=4.3744  grad=5.031  S_E=1.000 S_U=0.000
step 11750  loss=4.1357  grad=4.188  S_E=1.000 S_U=0.000
step 11800  loss=4.5460  grad=5.812  S_E=1.000 S_U=0.000
step 11850  loss=3.6640  grad=4.188  S_E=1.000 S_U=0.000
step 11900  loss=3.7901  grad=4.062  S_E=1.000 S_U=0.000
step 11950  loss=4.0492  grad=4.031  S_E=1.000 S_U=0.000
step 12000  loss=4.3484  grad=6.156  S_E=1.000 S_U=0.000

  step 12000  val_ppl=16.45
          val_ppl=16.45
step 12050  loss=3.8469  grad=3.844  S_E=1.000 S_U=0.000
step 12100  loss=4.4014  grad=5.719  S_E=1.000 S_U=0.000
step 12150  loss=3.8410  grad=5.219  S_E=1.000 S_U=0.000
step 12200  loss=4.3069  grad=4.656  S_E=1.000 S_U=0.000
step 12250  loss=4.7361  grad=5.125  S_E=1.000 S_U=0.000
step 12300  loss=3.8190  grad=4.000  S_E=1.000 S_U=0.000
step 12350  loss=3.7774  grad=4.062  S_E=1.000 S_U=0.000
step 12400  loss=3.6654  grad=3.984  S_E=1.000 S_U=0.000
step 12450  loss=4.6035  grad=5.938  S_E=1.000 S_U=0.000
step 12500  loss=3.7732  grad=4.938  S_E=1.000 S_U=0.000

  step 12500  val_ppl=16.41
          val_ppl=16.41
step 12550  loss=3.1618  grad=3.953  S_E=1.000 S_U=0.000
step 12600  loss=4.0206  grad=4.844  S_E=1.000 S_U=0.000
step 12650  loss=3.7751  grad=4.250  S_E=1.000 S_U=0.000
step 12700  loss=3.7658  grad=4.750  S_E=1.000 S_U=0.000
step 12750  loss=3.7787  grad=4.250  S_E=1.000 S_U=0.000
step 12800  loss=3.7803  grad=4.062  S_E=1.000 S_U=0.000
step 12850  loss=4.1370  grad=4.250  S_E=1.000 S_U=0.000
step 12900  loss=4.4752  grad=4.969  S_E=1.000 S_U=0.000
step 12950  loss=4.5502  grad=5.812  S_E=1.000 S_U=0.000
step 13000  loss=3.6995  grad=4.781  S_E=1.000 S_U=0.000

  step 13000  val_ppl=16.41
          val_ppl=16.41
step 13050  loss=4.4354  grad=5.156  S_E=1.000 S_U=0.000
step 13100  loss=4.8906  grad=5.281  S_E=1.000 S_U=0.000
step 13150  loss=4.3957  grad=5.250  S_E=1.000 S_U=0.000
step 13200  loss=4.2373  grad=4.719  S_E=1.000 S_U=0.000
step 13250  loss=3.7916  grad=4.000  S_E=1.000 S_U=0.000
step 13300  loss=4.0093  grad=3.828  S_E=1.000 S_U=0.000
step 13350  loss=4.4358  grad=5.000  S_E=1.000 S_U=0.000
step 13400  loss=4.0601  grad=4.562  S_E=1.000 S_U=0.000
step 13450  loss=3.7975  grad=4.938  S_E=1.000 S_U=0.000
step 13500  loss=4.0898  grad=4.844  S_E=1.000 S_U=0.000

  step 13500  val_ppl=16.42
          val_ppl=16.42
step 13550  loss=4.0256  grad=4.562  S_E=1.000 S_U=0.000
step 13600  loss=3.7874  grad=4.906  S_E=1.000 S_U=0.000
step 13650  loss=4.0162  grad=4.906  S_E=1.000 S_U=0.000
step 13700  loss=3.3945  grad=4.281  S_E=1.000 S_U=0.000
step 13750  loss=3.7895  grad=4.094  S_E=1.000 S_U=0.000
step 13800  loss=3.5892  grad=4.500  S_E=1.000 S_U=0.000
step 13850  loss=4.1707  grad=4.094  S_E=1.000 S_U=0.000
step 13900  loss=4.5336  grad=5.281  S_E=1.000 S_U=0.000
step 13950  loss=4.1117  grad=5.062  S_E=1.000 S_U=0.000
step 14000  loss=4.0280  grad=5.469  S_E=1.000 S_U=0.000

  step 14000  val_ppl=16.36
          val_ppl=16.36
step 14050  loss=3.8038  grad=3.969  S_E=1.000 S_U=0.000
step 14100  loss=4.4507  grad=4.719  S_E=1.000 S_U=0.000
step 14150  loss=4.2482  grad=5.125  S_E=1.000 S_U=0.000
step 14200  loss=3.9503  grad=4.625  S_E=1.000 S_U=0.000
step 14250  loss=3.3002  grad=4.625  S_E=1.000 S_U=0.000
step 14300  loss=3.7613  grad=4.406  S_E=1.000 S_U=0.000
step 14350  loss=3.9639  grad=4.531  S_E=1.000 S_U=0.000
step 14400  loss=3.8426  grad=4.469  S_E=1.000 S_U=0.000
step 14450  loss=3.3360  grad=4.344  S_E=1.000 S_U=0.000
step 14500  loss=3.8741  grad=4.094  S_E=1.000 S_U=0.000

  step 14500  val_ppl=16.37
          val_ppl=16.37
step 14550  loss=3.7927  grad=3.859  S_E=1.000 S_U=0.000
step 14600  loss=4.0340  grad=4.500  S_E=1.000 S_U=0.000
step 14650  loss=3.9211  grad=3.609  S_E=1.000 S_U=0.000
step 14700  loss=3.9899  grad=5.188  S_E=1.000 S_U=0.000
step 14750  loss=4.5208  grad=5.000  S_E=1.000 S_U=0.000
step 14800  loss=4.1283  grad=4.812  S_E=1.000 S_U=0.000
step 14850  loss=4.2677  grad=4.875  S_E=1.000 S_U=0.000
step 14900  loss=4.1982  grad=4.875  S_E=1.000 S_U=0.000
step 14950  loss=4.2195  grad=4.688  S_E=1.000 S_U=0.000
step 15000  loss=4.4098  grad=4.812  S_E=1.000 S_U=0.000

  step 15000  val_ppl=16.30
          val_ppl=16.30
step 15050  loss=3.7371  grad=4.156  S_E=1.000 S_U=0.000
step 15100  loss=3.9394  grad=4.688  S_E=1.000 S_U=0.000
step 15150  loss=3.3366  grad=3.891  S_E=1.000 S_U=0.000
step 15200  loss=4.1672  grad=4.594  S_E=1.000 S_U=0.000
step 15250  loss=4.5873  grad=5.688  S_E=1.000 S_U=0.000
step 15300  loss=3.9989  grad=4.969  S_E=1.000 S_U=0.000
step 15350  loss=4.6613  grad=5.281  S_E=1.000 S_U=0.000
step 15400  loss=4.3687  grad=4.969  S_E=1.000 S_U=0.000
step 15450  loss=3.9790  grad=4.969  S_E=1.000 S_U=0.000
step 15500  loss=3.7813  grad=5.125  S_E=1.000 S_U=0.000

  step 15500  val_ppl=16.36
          val_ppl=16.36
step 15550  loss=4.2196  grad=4.438  S_E=1.000 S_U=0.000
step 15600  loss=4.3467  grad=6.094  S_E=1.000 S_U=0.000
step 15650  loss=3.5820  grad=4.656  S_E=1.000 S_U=0.000
step 15700  loss=4.1089  grad=4.375  S_E=1.000 S_U=0.000
step 15750  loss=3.9364  grad=5.156  S_E=1.000 S_U=0.000
step 15800  loss=4.0133  grad=3.891  S_E=1.000 S_U=0.000
step 15850  loss=3.9499  grad=4.531  S_E=1.000 S_U=0.000
step 15900  loss=3.5023  grad=4.062  S_E=1.000 S_U=0.000
step 15950  loss=3.9384  grad=4.156  S_E=1.000 S_U=0.000
step 16000  loss=4.2426  grad=4.875  S_E=1.000 S_U=0.000

  step 16000  val_ppl=16.32
          val_ppl=16.32
step 16050  loss=4.2635  grad=4.500  S_E=1.000 S_U=0.000
step 16100  loss=4.1533  grad=4.375  S_E=1.000 S_U=0.000
step 16150  loss=3.7153  grad=3.656  S_E=1.000 S_U=0.000
step 16200  loss=3.8675  grad=4.812  S_E=1.000 S_U=0.000
step 16250  loss=4.5963  grad=5.469  S_E=1.000 S_U=0.000
step 16300  loss=4.1985  grad=4.531  S_E=1.000 S_U=0.000
step 16350  loss=4.2496  grad=5.344  S_E=1.000 S_U=0.000
step 16400  loss=4.0329  grad=4.969  S_E=1.000 S_U=0.000
step 16450  loss=4.4510  grad=5.594  S_E=1.000 S_U=0.000
step 16500  loss=3.8275  grad=4.250  S_E=1.000 S_U=0.000

  step 16500  val_ppl=16.35
          val_ppl=16.35
step 16550  loss=4.6593  grad=4.906  S_E=1.000 S_U=0.000
step 16600  loss=4.3595  grad=5.312  S_E=1.000 S_U=0.000
step 16650  loss=4.3126  grad=4.562  S_E=1.000 S_U=0.000
step 16700  loss=4.6304  grad=5.281  S_E=1.000 S_U=0.000
step 16750  loss=3.9796  grad=4.844  S_E=1.000 S_U=0.000
step 16800  loss=4.1920  grad=3.859  S_E=1.000 S_U=0.000
step 16850  loss=4.1814  grad=5.312  S_E=1.000 S_U=0.000
step 16900  loss=4.1405  grad=5.000  S_E=1.000 S_U=0.000
step 16950  loss=4.4623  grad=4.938  S_E=1.000 S_U=0.000
step 17000  loss=3.6068  grad=3.844  S_E=1.000 S_U=0.000

  step 17000  val_ppl=16.32
          val_ppl=16.32
step 17050  loss=4.4738  grad=4.906  S_E=1.000 S_U=0.000
step 17100  loss=3.5281  grad=4.406  S_E=1.000 S_U=0.000
step 17150  loss=4.0561  grad=4.281  S_E=1.000 S_U=0.000
step 17200  loss=4.2570  grad=5.281  S_E=1.000 S_U=0.000
step 17250  loss=4.0713  grad=4.250  S_E=1.000 S_U=0.000
step 17300  loss=4.0109  grad=5.375  S_E=1.000 S_U=0.000
step 17350  loss=3.9990  grad=4.156  S_E=1.000 S_U=0.000
step 17400  loss=3.8760  grad=4.500  S_E=1.000 S_U=0.000
step 17450  loss=4.5562  grad=6.531  S_E=1.000 S_U=0.000
step 17500  loss=4.2070  grad=4.625  S_E=1.000 S_U=0.000

  step 17500  val_ppl=16.31
          val_ppl=16.31
step 17550  loss=4.0505  grad=5.312  S_E=1.000 S_U=0.000
step 17600  loss=4.0054  grad=4.062  S_E=1.000 S_U=0.000
step 17650  loss=3.4817  grad=4.875  S_E=1.000 S_U=0.000
step 17700  loss=4.2492  grad=4.156  S_E=1.000 S_U=0.000
step 17750  loss=4.1203  grad=4.688  S_E=1.000 S_U=0.000
step 17800  loss=3.8468  grad=4.344  S_E=1.000 S_U=0.000
step 17850  loss=3.8891  grad=3.922  S_E=1.000 S_U=0.000
step 17900  loss=3.8925  grad=4.812  S_E=1.000 S_U=0.000
step 17950  loss=4.2673  grad=4.438  S_E=1.000 S_U=0.000
step 18000  loss=4.6474  grad=4.875  S_E=1.000 S_U=0.000

  step 18000  val_ppl=16.32
          val_ppl=16.32
step 18050  loss=3.6048  grad=4.719  S_E=1.000 S_U=0.000
step 18100  loss=3.9802  grad=4.562  S_E=1.000 S_U=0.000
step 18150  loss=3.7637  grad=3.812  S_E=1.000 S_U=0.000
step 18200  loss=4.2415  grad=5.062  S_E=1.000 S_U=0.000
step 18250  loss=3.7506  grad=4.375  S_E=1.000 S_U=0.000
step 18300  loss=3.9668  grad=4.281  S_E=1.000 S_U=0.000
step 18350  loss=4.2143  grad=5.750  S_E=1.000 S_U=0.000
step 18400  loss=4.1891  grad=4.156  S_E=1.000 S_U=0.000
step 18450  loss=3.6916  grad=4.156  S_E=1.000 S_U=0.000
step 18500  loss=3.5476  grad=4.562  S_E=1.000 S_U=0.000

  step 18500  val_ppl=16.27
          val_ppl=16.27
step 18550  loss=3.9187  grad=4.531  S_E=1.000 S_U=0.000
step 18600  loss=4.3765  grad=4.875  S_E=1.000 S_U=0.000
step 18650  loss=3.8132  grad=4.938  S_E=1.000 S_U=0.000
step 18700  loss=4.2001  grad=4.875  S_E=1.000 S_U=0.000
step 18750  loss=4.2764  grad=4.344  S_E=1.000 S_U=0.000
step 18800  loss=3.4762  grad=4.000  S_E=1.000 S_U=0.000
step 18850  loss=4.1399  grad=5.094  S_E=1.000 S_U=0.000
step 18900  loss=3.9581  grad=4.344  S_E=1.000 S_U=0.000
step 18950  loss=4.3032  grad=4.406  S_E=1.000 S_U=0.000
step 19000  loss=3.9732  grad=5.094  S_E=1.000 S_U=0.000

  step 19000  val_ppl=16.26
          val_ppl=16.26
step 19050  loss=4.3683  grad=5.219  S_E=1.000 S_U=0.000
step 19100  loss=3.9696  grad=4.062  S_E=1.000 S_U=0.000
step 19150  loss=3.7557  grad=3.859  S_E=1.000 S_U=0.000
step 19200  loss=4.4810  grad=5.000  S_E=1.000 S_U=0.000
step 19250  loss=4.1217  grad=4.656  S_E=1.000 S_U=0.000
step 19300  loss=3.8282  grad=4.938  S_E=1.000 S_U=0.000
step 19350  loss=4.2380  grad=5.406  S_E=1.000 S_U=0.000
step 19400  loss=4.2410  grad=5.062  S_E=1.000 S_U=0.000
step 19450  loss=3.9053  grad=4.125  S_E=1.000 S_U=0.000
step 19500  loss=3.8459  grad=4.062  S_E=1.000 S_U=0.000

  step 19500  val_ppl=16.27
          val_ppl=16.27
step 19550  loss=4.1926  grad=4.656  S_E=1.000 S_U=0.000
step 19600  loss=3.5875  grad=4.000  S_E=1.000 S_U=0.000
step 19650  loss=3.8169  grad=4.625  S_E=1.000 S_U=0.000
step 19700  loss=3.7275  grad=4.344  S_E=1.000 S_U=0.000
step 19750  loss=3.9244  grad=4.469  S_E=1.000 S_U=0.000
step 19800  loss=4.1228  grad=4.281  S_E=1.000 S_U=0.000
step 19850  loss=4.0482  grad=4.156  S_E=1.000 S_U=0.000
step 19900  loss=4.2725  grad=4.938  S_E=1.000 S_U=0.000
step 19950  loss=3.9587  grad=4.906  S_E=1.000 S_U=0.000
  [final] val_ppl=16.24
          val_ppl=16.24

── Timing breakdown ─────────────────────────────────
  component    ms/step   % total   calls
  ────────── ─────────  ────────  ──────
  data           22.83     24.5%   20000
  bandit          0.00      0.0%   20000
  fwd             6.53      7.0%   20400
  score           0.65      0.7%     400
  bwd            63.32     67.9%   20000
  ────────── ─────────  ────────  ──────
  TOTAL          93.33    100.0%

  Rescore steps:          400/20000 (2.0% of steps)
  Cost per rescore:       32.26 ms
  Amortised scorer:       0.645 ms/step (0.69% of total)
  Paper claims ~1%:       ✓ within paper claim
────────────────────────────────────────────────────

Final val PPL (rho1): 16.24
Scorer overhead: 0.69% of total wall time
✓ Within paper's ~1% claim
