backend=cuda  dtype=torch.bfloat16  seed=45
[data] train: 950.0M tokens
[data] val: 50.0M tokens
[liger] Not enabled: cannot import name 'apply_liger_kernel_to_gpt2' from 'liger_kernel.transformers' (/lustre/fsn1/projects/rech/sum/ufj45ra/venvs/sieve/lib/python3.12/site-packages/liger_kernel/transformers/__init__.py)
step     0  loss=4.4973  grad=6.156  S_E=1.000 S_U=0.000
step    50  loss=4.2133  grad=3.062  S_E=1.000 S_U=0.000
step   100  loss=4.3420  grad=3.016  S_E=1.000 S_U=0.000
step   150  loss=4.9124  grad=3.438  S_E=1.000 S_U=0.000
step   200  loss=4.7339  grad=3.344  S_E=1.000 S_U=0.000
step   250  loss=4.4687  grad=3.422  S_E=1.000 S_U=0.000
step   300  loss=5.2133  grad=7.438  S_E=1.000 S_U=0.000
step   350  loss=3.9158  grad=3.328  S_E=1.000 S_U=0.000
step   400  loss=4.6349  grad=4.562  S_E=1.000 S_U=0.000
step   450  loss=3.9533  grad=4.031  S_E=1.000 S_U=0.000
step   500  loss=4.4469  grad=4.188  S_E=1.000 S_U=0.000

  step   500  val_ppl=18.45
          val_ppl=18.45
step   550  loss=4.5123  grad=4.562  S_E=1.000 S_U=0.000
step   600  loss=4.8689  grad=3.688  S_E=1.000 S_U=0.000
step   650  loss=4.0042  grad=4.688  S_E=1.000 S_U=0.000
step   700  loss=3.7860  grad=3.297  S_E=1.000 S_U=0.000
step   750  loss=4.0088  grad=3.547  S_E=1.000 S_U=0.000
step   800  loss=4.2455  grad=3.906  S_E=1.000 S_U=0.000
step   850  loss=4.4163  grad=4.250  S_E=1.000 S_U=0.000
step   900  loss=4.1999  grad=4.188  S_E=1.000 S_U=0.000
step   950  loss=4.2034  grad=4.125  S_E=1.000 S_U=0.000
step  1000  loss=4.2500  grad=4.594  S_E=1.000 S_U=0.000

  step  1000  val_ppl=18.10
          val_ppl=18.10
step  1050  loss=4.4454  grad=4.000  S_E=1.000 S_U=0.000
step  1100  loss=3.6646  grad=3.547  S_E=1.000 S_U=0.000
step  1150  loss=4.6686  grad=5.156  S_E=1.000 S_U=0.000
step  1200  loss=4.4241  grad=4.188  S_E=1.000 S_U=0.000
step  1250  loss=4.0304  grad=4.281  S_E=1.000 S_U=0.000
step  1300  loss=4.7349  grad=4.906  S_E=1.000 S_U=0.000
step  1350  loss=4.2621  grad=4.219  S_E=1.000 S_U=0.000
step  1400  loss=3.7438  grad=4.938  S_E=1.000 S_U=0.000
step  1450  loss=3.6109  grad=3.969  S_E=1.000 S_U=0.000
step  1500  loss=4.8529  grad=5.375  S_E=1.000 S_U=0.000

  step  1500  val_ppl=17.90
          val_ppl=17.90
step  1550  loss=4.3406  grad=3.922  S_E=1.000 S_U=0.000
step  1600  loss=3.9909  grad=4.156  S_E=1.000 S_U=0.000
step  1650  loss=4.5290  grad=4.156  S_E=1.000 S_U=0.000
step  1700  loss=3.9257  grad=3.938  S_E=1.000 S_U=0.000
step  1750  loss=3.9925  grad=3.969  S_E=1.000 S_U=0.000
step  1800  loss=4.0032  grad=4.969  S_E=1.000 S_U=0.000
step  1850  loss=4.1935  grad=4.000  S_E=1.000 S_U=0.000
step  1900  loss=4.3259  grad=4.562  S_E=1.000 S_U=0.000
step  1950  loss=4.1257  grad=3.938  S_E=1.000 S_U=0.000
step  2000  loss=4.4992  grad=3.844  S_E=1.000 S_U=0.000

  step  2000  val_ppl=17.62
          val_ppl=17.62
step  2050  loss=3.9821  grad=3.656  S_E=1.000 S_U=0.000
step  2100  loss=3.8508  grad=3.734  S_E=1.000 S_U=0.000
step  2150  loss=4.4946  grad=4.938  S_E=1.000 S_U=0.000
step  2200  loss=4.6044  grad=4.094  S_E=1.000 S_U=0.000
step  2250  loss=4.1824  grad=4.188  S_E=1.000 S_U=0.000
step  2300  loss=4.2708  grad=4.438  S_E=1.000 S_U=0.000
step  2350  loss=4.0837  grad=4.312  S_E=1.000 S_U=0.000
step  2400  loss=4.3461  grad=4.281  S_E=1.000 S_U=0.000
step  2450  loss=4.4047  grad=5.094  S_E=1.000 S_U=0.000
step  2500  loss=3.5442  grad=3.719  S_E=1.000 S_U=0.000

  step  2500  val_ppl=17.49
          val_ppl=17.49
step  2550  loss=4.1472  grad=4.000  S_E=1.000 S_U=0.000
step  2600  loss=4.1888  grad=3.656  S_E=1.000 S_U=0.000
step  2650  loss=4.2612  grad=4.906  S_E=1.000 S_U=0.000
step  2700  loss=3.9289  grad=4.562  S_E=1.000 S_U=0.000
step  2750  loss=4.3011  grad=5.344  S_E=1.000 S_U=0.000
step  2800  loss=4.0839  grad=4.062  S_E=1.000 S_U=0.000
step  2850  loss=4.5752  grad=5.219  S_E=1.000 S_U=0.000
step  2900  loss=4.2504  grad=4.125  S_E=1.000 S_U=0.000
step  2950  loss=4.1754  grad=3.984  S_E=1.000 S_U=0.000
step  3000  loss=4.6675  grad=4.312  S_E=1.000 S_U=0.000

  step  3000  val_ppl=17.35
          val_ppl=17.35
step  3050  loss=4.3041  grad=4.250  S_E=1.000 S_U=0.000
step  3100  loss=4.3385  grad=4.375  S_E=1.000 S_U=0.000
step  3150  loss=4.0353  grad=4.438  S_E=1.000 S_U=0.000
step  3200  loss=4.4218  grad=4.656  S_E=1.000 S_U=0.000
step  3250  loss=4.0979  grad=4.344  S_E=1.000 S_U=0.000
step  3300  loss=4.8486  grad=6.250  S_E=1.000 S_U=0.000
step  3350  loss=4.5398  grad=4.906  S_E=1.000 S_U=0.000
step  3400  loss=3.9774  grad=4.031  S_E=1.000 S_U=0.000
step  3450  loss=4.1391  grad=3.656  S_E=1.000 S_U=0.000
step  3500  loss=4.2628  grad=4.719  S_E=1.000 S_U=0.000

  step  3500  val_ppl=17.21
          val_ppl=17.21
step  3550  loss=4.3199  grad=4.844  S_E=1.000 S_U=0.000
step  3600  loss=3.2085  grad=3.500  S_E=1.000 S_U=0.000
step  3650  loss=4.3988  grad=4.406  S_E=1.000 S_U=0.000
step  3700  loss=4.0540  grad=3.812  S_E=1.000 S_U=0.000
step  3750  loss=4.1885  grad=4.000  S_E=1.000 S_U=0.000
step  3800  loss=3.8889  grad=3.812  S_E=1.000 S_U=0.000
step  3850  loss=3.7231  grad=3.953  S_E=1.000 S_U=0.000
step  3900  loss=4.2673  grad=4.781  S_E=1.000 S_U=0.000
step  3950  loss=3.8651  grad=4.188  S_E=1.000 S_U=0.000
step  4000  loss=3.4613  grad=4.031  S_E=1.000 S_U=0.000

  step  4000  val_ppl=17.11
          val_ppl=17.11
step  4050  loss=4.1606  grad=4.156  S_E=1.000 S_U=0.000
step  4100  loss=4.6130  grad=4.531  S_E=1.000 S_U=0.000
step  4150  loss=3.5746  grad=3.812  S_E=1.000 S_U=0.000
step  4200  loss=4.4140  grad=4.594  S_E=1.000 S_U=0.000
step  4250  loss=4.0777  grad=5.344  S_E=1.000 S_U=0.000
step  4300  loss=3.7916  grad=4.500  S_E=1.000 S_U=0.000
step  4350  loss=3.9392  grad=4.469  S_E=1.000 S_U=0.000
step  4400  loss=4.4758  grad=5.281  S_E=1.000 S_U=0.000
step  4450  loss=4.4454  grad=4.469  S_E=1.000 S_U=0.000
step  4500  loss=4.0351  grad=4.312  S_E=1.000 S_U=0.000

  step  4500  val_ppl=17.04
          val_ppl=17.04
step  4550  loss=4.5682  grad=5.750  S_E=1.000 S_U=0.000
step  4600  loss=3.1165  grad=4.062  S_E=1.000 S_U=0.000
step  4650  loss=3.8102  grad=4.531  S_E=1.000 S_U=0.000
step  4700  loss=3.8058  grad=4.156  S_E=1.000 S_U=0.000
step  4750  loss=4.1026  grad=4.812  S_E=1.000 S_U=0.000
step  4800  loss=4.1182  grad=4.094  S_E=1.000 S_U=0.000
step  4850  loss=4.1480  grad=5.812  S_E=1.000 S_U=0.000
step  4900  loss=4.3285  grad=4.938  S_E=1.000 S_U=0.000
step  4950  loss=4.1783  grad=4.906  S_E=1.000 S_U=0.000
step  5000  loss=4.4442  grad=4.938  S_E=1.000 S_U=0.000

  step  5000  val_ppl=16.97
          val_ppl=16.97
step  5050  loss=4.3891  grad=5.219  S_E=1.000 S_U=0.000
step  5100  loss=3.6385  grad=4.969  S_E=1.000 S_U=0.000
step  5150  loss=4.1663  grad=4.062  S_E=1.000 S_U=0.000
step  5200  loss=3.7845  grad=4.281  S_E=1.000 S_U=0.000
step  5250  loss=3.8504  grad=3.656  S_E=1.000 S_U=0.000
step  5300  loss=4.7448  grad=5.188  S_E=1.000 S_U=0.000
step  5350  loss=4.3806  grad=5.125  S_E=1.000 S_U=0.000
step  5400  loss=4.3806  grad=4.375  S_E=1.000 S_U=0.000
step  5450  loss=3.8542  grad=4.469  S_E=1.000 S_U=0.000
step  5500  loss=3.9830  grad=4.375  S_E=1.000 S_U=0.000

  step  5500  val_ppl=16.96
          val_ppl=16.96
step  5550  loss=4.1440  grad=4.562  S_E=1.000 S_U=0.000
step  5600  loss=4.6310  grad=5.094  S_E=1.000 S_U=0.000
step  5650  loss=4.0820  grad=4.344  S_E=1.000 S_U=0.000
step  5700  loss=4.0848  grad=3.875  S_E=1.000 S_U=0.000
step  5750  loss=3.8774  grad=4.062  S_E=1.000 S_U=0.000
step  5800  loss=4.2816  grad=3.969  S_E=1.000 S_U=0.000
step  5850  loss=4.0165  grad=3.828  S_E=1.000 S_U=0.000
step  5900  loss=4.3912  grad=4.469  S_E=1.000 S_U=0.000
step  5950  loss=4.0756  grad=4.312  S_E=1.000 S_U=0.000
step  6000  loss=4.1517  grad=4.312  S_E=1.000 S_U=0.000

  step  6000  val_ppl=16.87
          val_ppl=16.87
step  6050  loss=4.2437  grad=4.500  S_E=1.000 S_U=0.000
step  6100  loss=4.1899  grad=4.406  S_E=1.000 S_U=0.000
step  6150  loss=4.3773  grad=4.594  S_E=1.000 S_U=0.000
step  6200  loss=4.4329  grad=4.812  S_E=1.000 S_U=0.000
step  6250  loss=4.1358  grad=5.156  S_E=1.000 S_U=0.000
step  6300  loss=3.8814  grad=4.406  S_E=1.000 S_U=0.000
step  6350  loss=3.9224  grad=4.375  S_E=1.000 S_U=0.000
step  6400  loss=4.0497  grad=4.406  S_E=1.000 S_U=0.000
step  6450  loss=3.9001  grad=4.531  S_E=1.000 S_U=0.000
step  6500  loss=4.1558  grad=4.594  S_E=1.000 S_U=0.000

  step  6500  val_ppl=16.84
          val_ppl=16.84
step  6550  loss=3.9487  grad=4.750  S_E=1.000 S_U=0.000
step  6600  loss=3.8816  grad=4.750  S_E=1.000 S_U=0.000
step  6650  loss=4.3930  grad=4.812  S_E=1.000 S_U=0.000
step  6700  loss=3.7747  grad=4.125  S_E=1.000 S_U=0.000
step  6750  loss=4.2939  grad=4.438  S_E=1.000 S_U=0.000
step  6800  loss=3.8739  grad=4.562  S_E=1.000 S_U=0.000
step  6850  loss=4.5689  grad=4.938  S_E=1.000 S_U=0.000
step  6900  loss=3.6329  grad=3.953  S_E=1.000 S_U=0.000
step  6950  loss=4.5065  grad=4.969  S_E=1.000 S_U=0.000
step  7000  loss=3.6014  grad=4.062  S_E=1.000 S_U=0.000

  step  7000  val_ppl=16.74
          val_ppl=16.74
step  7050  loss=4.0836  grad=4.219  S_E=1.000 S_U=0.000
step  7100  loss=3.9405  grad=3.891  S_E=1.000 S_U=0.000
step  7150  loss=4.5699  grad=4.938  S_E=1.000 S_U=0.000
step  7200  loss=4.1890  grad=5.062  S_E=1.000 S_U=0.000
step  7250  loss=3.7743  grad=3.766  S_E=1.000 S_U=0.000
step  7300  loss=3.5508  grad=3.766  S_E=1.000 S_U=0.000
step  7350  loss=4.2171  grad=4.250  S_E=1.000 S_U=0.000
step  7400  loss=4.5079  grad=4.625  S_E=1.000 S_U=0.000
step  7450  loss=4.0560  grad=4.438  S_E=1.000 S_U=0.000
step  7500  loss=4.4368  grad=4.344  S_E=1.000 S_U=0.000

  step  7500  val_ppl=16.70
          val_ppl=16.70
step  7550  loss=4.2462  grad=4.844  S_E=1.000 S_U=0.000
step  7600  loss=4.1745  grad=4.844  S_E=1.000 S_U=0.000
step  7650  loss=3.4616  grad=4.688  S_E=1.000 S_U=0.000
step  7700  loss=4.4517  grad=4.938  S_E=1.000 S_U=0.000
step  7750  loss=4.4885  grad=4.344  S_E=1.000 S_U=0.000
step  7800  loss=4.1765  grad=4.094  S_E=1.000 S_U=0.000
step  7850  loss=4.3832  grad=5.312  S_E=1.000 S_U=0.000
step  7900  loss=4.6529  grad=5.188  S_E=1.000 S_U=0.000
step  7950  loss=3.8128  grad=4.438  S_E=1.000 S_U=0.000
step  8000  loss=4.4721  grad=5.562  S_E=1.000 S_U=0.000

  step  8000  val_ppl=16.69
          val_ppl=16.69
step  8050  loss=4.2861  grad=4.469  S_E=1.000 S_U=0.000
step  8100  loss=4.2626  grad=3.922  S_E=1.000 S_U=0.000
step  8150  loss=3.4034  grad=4.125  S_E=1.000 S_U=0.000
step  8200  loss=3.9527  grad=4.469  S_E=1.000 S_U=0.000
step  8250  loss=3.9503  grad=4.469  S_E=1.000 S_U=0.000
step  8300  loss=3.9326  grad=4.406  S_E=1.000 S_U=0.000
step  8350  loss=4.3817  grad=4.562  S_E=1.000 S_U=0.000
step  8400  loss=4.6154  grad=5.406  S_E=1.000 S_U=0.000
step  8450  loss=4.0863  grad=4.219  S_E=1.000 S_U=0.000
step  8500  loss=4.1922  grad=4.094  S_E=1.000 S_U=0.000

  step  8500  val_ppl=16.67
          val_ppl=16.67
step  8550  loss=4.6159  grad=4.844  S_E=1.000 S_U=0.000
step  8600  loss=4.4313  grad=5.219  S_E=1.000 S_U=0.000
step  8650  loss=4.2055  grad=4.281  S_E=1.000 S_U=0.000
step  8700  loss=4.2629  grad=4.812  S_E=1.000 S_U=0.000
step  8750  loss=3.8758  grad=4.000  S_E=1.000 S_U=0.000
step  8800  loss=4.2950  grad=4.156  S_E=1.000 S_U=0.000
step  8850  loss=3.8700  grad=4.594  S_E=1.000 S_U=0.000
step  8900  loss=4.6014  grad=5.531  S_E=1.000 S_U=0.000
step  8950  loss=3.9991  grad=4.562  S_E=1.000 S_U=0.000
step  9000  loss=4.7178  grad=6.062  S_E=1.000 S_U=0.000

  step  9000  val_ppl=16.64
          val_ppl=16.64
step  9050  loss=4.0347  grad=5.000  S_E=1.000 S_U=0.000
step  9100  loss=4.1980  grad=4.781  S_E=1.000 S_U=0.000
step  9150  loss=4.0295  grad=5.812  S_E=1.000 S_U=0.000
step  9200  loss=3.8105  grad=3.906  S_E=1.000 S_U=0.000
step  9250  loss=4.3040  grad=4.219  S_E=1.000 S_U=0.000
step  9300  loss=3.8719  grad=3.859  S_E=1.000 S_U=0.000
step  9350  loss=4.3453  grad=5.500  S_E=1.000 S_U=0.000
step  9400  loss=4.3135  grad=4.844  S_E=1.000 S_U=0.000
step  9450  loss=3.5653  grad=3.812  S_E=1.000 S_U=0.000
step  9500  loss=3.7550  grad=4.250  S_E=1.000 S_U=0.000

  step  9500  val_ppl=16.63
          val_ppl=16.63
step  9550  loss=3.5232  grad=4.312  S_E=1.000 S_U=0.000
step  9600  loss=4.4818  grad=5.531  S_E=1.000 S_U=0.000
step  9650  loss=4.1805  grad=4.562  S_E=1.000 S_U=0.000
step  9700  loss=4.3753  grad=4.656  S_E=1.000 S_U=0.000
step  9750  loss=4.1903  grad=4.781  S_E=1.000 S_U=0.000
step  9800  loss=4.4165  grad=4.812  S_E=1.000 S_U=0.000
step  9850  loss=4.3391  grad=5.406  S_E=1.000 S_U=0.000
step  9900  loss=4.1388  grad=4.250  S_E=1.000 S_U=0.000
step  9950  loss=4.1271  grad=4.719  S_E=1.000 S_U=0.000
step 10000  loss=4.0814  grad=3.938  S_E=1.000 S_U=0.000

  step 10000  val_ppl=16.58
          val_ppl=16.58
step 10050  loss=3.9479  grad=3.922  S_E=1.000 S_U=0.000
step 10100  loss=4.1259  grad=5.500  S_E=1.000 S_U=0.000
step 10150  loss=4.2502  grad=4.125  S_E=1.000 S_U=0.000
step 10200  loss=4.6546  grad=5.062  S_E=1.000 S_U=0.000
step 10250  loss=3.5648  grad=3.891  S_E=1.000 S_U=0.000
step 10300  loss=4.0372  grad=4.219  S_E=1.000 S_U=0.000
step 10350  loss=4.2804  grad=4.844  S_E=1.000 S_U=0.000
step 10400  loss=4.5395  grad=4.719  S_E=1.000 S_U=0.000
step 10450  loss=3.5212  grad=4.500  S_E=1.000 S_U=0.000
step 10500  loss=4.6453  grad=5.594  S_E=1.000 S_U=0.000

  step 10500  val_ppl=16.57
          val_ppl=16.57
step 10550  loss=3.7958  grad=4.000  S_E=1.000 S_U=0.000
step 10600  loss=4.0636  grad=4.406  S_E=1.000 S_U=0.000
step 10650  loss=3.9103  grad=4.469  S_E=1.000 S_U=0.000
step 10700  loss=4.5308  grad=4.781  S_E=1.000 S_U=0.000
step 10750  loss=3.9594  grad=4.344  S_E=1.000 S_U=0.000
step 10800  loss=4.0086  grad=4.656  S_E=1.000 S_U=0.000
step 10850  loss=3.8341  grad=3.891  S_E=1.000 S_U=0.000
step 10900  loss=3.9444  grad=4.062  S_E=1.000 S_U=0.000
step 10950  loss=3.9673  grad=4.375  S_E=1.000 S_U=0.000
step 11000  loss=3.7536  grad=4.219  S_E=1.000 S_U=0.000

  step 11000  val_ppl=16.54
          val_ppl=16.54
step 11050  loss=3.6700  grad=4.406  S_E=1.000 S_U=0.000
step 11100  loss=4.1788  grad=4.406  S_E=1.000 S_U=0.000
step 11150  loss=4.0586  grad=4.000  S_E=1.000 S_U=0.000
step 11200  loss=4.5220  grad=5.000  S_E=1.000 S_U=0.000
step 11250  loss=4.1254  grad=4.594  S_E=1.000 S_U=0.000
step 11300  loss=4.1355  grad=5.125  S_E=1.000 S_U=0.000
step 11350  loss=3.8721  grad=4.094  S_E=1.000 S_U=0.000
step 11400  loss=3.9210  grad=4.469  S_E=1.000 S_U=0.000
step 11450  loss=3.8467  grad=3.984  S_E=1.000 S_U=0.000
step 11500  loss=4.4847  grad=5.250  S_E=1.000 S_U=0.000

  step 11500  val_ppl=16.48
          val_ppl=16.48
step 11550  loss=4.6364  grad=6.188  S_E=1.000 S_U=0.000
step 11600  loss=3.1822  grad=3.344  S_E=1.000 S_U=0.000
step 11650  loss=4.2471  grad=4.656  S_E=1.000 S_U=0.000
step 11700  loss=3.8206  grad=4.562  S_E=1.000 S_U=0.000
step 11750  loss=4.3100  grad=4.625  S_E=1.000 S_U=0.000
step 11800  loss=3.8748  grad=4.156  S_E=1.000 S_U=0.000
step 11850  loss=3.3177  grad=3.750  S_E=1.000 S_U=0.000
step 11900  loss=4.2314  grad=4.438  S_E=1.000 S_U=0.000
step 11950  loss=3.5063  grad=3.672  S_E=1.000 S_U=0.000
step 12000  loss=3.9577  grad=4.531  S_E=1.000 S_U=0.000

  step 12000  val_ppl=16.46
          val_ppl=16.46
step 12050  loss=3.8358  grad=3.781  S_E=1.000 S_U=0.000
step 12100  loss=3.4164  grad=3.984  S_E=1.000 S_U=0.000
step 12150  loss=4.3454  grad=4.500  S_E=1.000 S_U=0.000
step 12200  loss=4.4262  grad=5.781  S_E=1.000 S_U=0.000
step 12250  loss=3.8874  grad=4.469  S_E=1.000 S_U=0.000
step 12300  loss=3.8759  grad=4.094  S_E=1.000 S_U=0.000
step 12350  loss=4.0399  grad=4.250  S_E=1.000 S_U=0.000
step 12400  loss=4.6731  grad=5.531  S_E=1.000 S_U=0.000
step 12450  loss=3.9224  grad=4.906  S_E=1.000 S_U=0.000
step 12500  loss=3.6573  grad=4.469  S_E=1.000 S_U=0.000

  step 12500  val_ppl=16.45
          val_ppl=16.45
step 12550  loss=3.5538  grad=4.906  S_E=1.000 S_U=0.000
step 12600  loss=4.0665  grad=4.562  S_E=1.000 S_U=0.000
step 12650  loss=4.4882  grad=5.094  S_E=1.000 S_U=0.000
step 12700  loss=3.9942  grad=4.156  S_E=1.000 S_U=0.000
step 12750  loss=3.8796  grad=4.062  S_E=1.000 S_U=0.000
step 12800  loss=3.6979  grad=4.094  S_E=1.000 S_U=0.000
step 12850  loss=4.2972  grad=5.312  S_E=1.000 S_U=0.000
step 12900  loss=3.9951  grad=4.656  S_E=1.000 S_U=0.000
step 12950  loss=4.1669  grad=5.062  S_E=1.000 S_U=0.000
step 13000  loss=4.2332  grad=4.812  S_E=1.000 S_U=0.000

  step 13000  val_ppl=16.45
          val_ppl=16.45
step 13050  loss=3.7401  grad=4.281  S_E=1.000 S_U=0.000
step 13100  loss=4.0795  grad=4.281  S_E=1.000 S_U=0.000
step 13150  loss=4.3198  grad=5.000  S_E=1.000 S_U=0.000
step 13200  loss=3.8882  grad=4.375  S_E=1.000 S_U=0.000
step 13250  loss=3.8856  grad=4.156  S_E=1.000 S_U=0.000
step 13300  loss=4.0248  grad=4.656  S_E=1.000 S_U=0.000
step 13350  loss=4.4743  grad=5.781  S_E=1.000 S_U=0.000
step 13400  loss=4.3909  grad=4.594  S_E=1.000 S_U=0.000
step 13450  loss=3.7979  grad=4.531  S_E=1.000 S_U=0.000
step 13500  loss=3.9277  grad=4.188  S_E=1.000 S_U=0.000

  step 13500  val_ppl=16.41
          val_ppl=16.41
step 13550  loss=4.4342  grad=4.812  S_E=1.000 S_U=0.000
step 13600  loss=4.4777  grad=6.094  S_E=1.000 S_U=0.000
step 13650  loss=4.4308  grad=5.062  S_E=1.000 S_U=0.000
step 13700  loss=4.3336  grad=4.312  S_E=1.000 S_U=0.000
step 13750  loss=3.9664  grad=4.344  S_E=1.000 S_U=0.000
step 13800  loss=3.5305  grad=4.062  S_E=1.000 S_U=0.000
step 13850  loss=3.6345  grad=4.062  S_E=1.000 S_U=0.000
step 13900  loss=3.7659  grad=3.625  S_E=1.000 S_U=0.000
step 13950  loss=4.3217  grad=4.500  S_E=1.000 S_U=0.000
step 14000  loss=3.6789  grad=4.125  S_E=1.000 S_U=0.000

  step 14000  val_ppl=16.42
          val_ppl=16.42
step 14050  loss=4.1874  grad=4.344  S_E=1.000 S_U=0.000
step 14100  loss=4.5571  grad=4.750  S_E=1.000 S_U=0.000
step 14150  loss=4.0747  grad=4.500  S_E=1.000 S_U=0.000
step 14200  loss=4.5878  grad=5.344  S_E=1.000 S_U=0.000
step 14250  loss=3.9250  grad=4.406  S_E=1.000 S_U=0.000
step 14300  loss=4.5867  grad=4.906  S_E=1.000 S_U=0.000
step 14350  loss=4.0474  grad=4.281  S_E=1.000 S_U=0.000
step 14400  loss=4.1218  grad=4.875  S_E=1.000 S_U=0.000
step 14450  loss=3.8454  grad=4.781  S_E=1.000 S_U=0.000
step 14500  loss=4.0793  grad=4.719  S_E=1.000 S_U=0.000

  step 14500  val_ppl=16.39
          val_ppl=16.39
step 14550  loss=4.4715  grad=4.906  S_E=1.000 S_U=0.000
step 14600  loss=4.0249  grad=5.219  S_E=1.000 S_U=0.000
step 14650  loss=4.2721  grad=5.594  S_E=1.000 S_U=0.000
step 14700  loss=3.1803  grad=3.656  S_E=1.000 S_U=0.000
step 14750  loss=4.0141  grad=5.000  S_E=1.000 S_U=0.000
step 14800  loss=4.1905  grad=4.625  S_E=1.000 S_U=0.000
step 14850  loss=3.7411  grad=4.281  S_E=1.000 S_U=0.000
step 14900  loss=4.0393  grad=4.250  S_E=1.000 S_U=0.000
step 14950  loss=3.9749  grad=4.219  S_E=1.000 S_U=0.000
step 15000  loss=4.4961  grad=5.406  S_E=1.000 S_U=0.000

  step 15000  val_ppl=16.39
          val_ppl=16.39
step 15050  loss=4.8215  grad=4.625  S_E=1.000 S_U=0.000
step 15100  loss=3.4963  grad=5.062  S_E=1.000 S_U=0.000
step 15150  loss=4.2197  grad=4.344  S_E=1.000 S_U=0.000
step 15200  loss=3.8067  grad=4.094  S_E=1.000 S_U=0.000
step 15250  loss=4.1358  grad=5.094  S_E=1.000 S_U=0.000
step 15300  loss=4.2360  grad=4.812  S_E=1.000 S_U=0.000
step 15350  loss=4.2260  grad=4.625  S_E=1.000 S_U=0.000
step 15400  loss=4.3141  grad=5.719  S_E=1.000 S_U=0.000
step 15450  loss=3.9425  grad=4.094  S_E=1.000 S_U=0.000
step 15500  loss=3.7314  grad=3.984  S_E=1.000 S_U=0.000

  step 15500  val_ppl=16.36
          val_ppl=16.36
step 15550  loss=4.5445  grad=6.000  S_E=1.000 S_U=0.000
step 15600  loss=4.0633  grad=4.625  S_E=1.000 S_U=0.000
step 15650  loss=4.5159  grad=4.906  S_E=1.000 S_U=0.000
step 15700  loss=4.3167  grad=4.844  S_E=1.000 S_U=0.000
step 15750  loss=4.0446  grad=4.500  S_E=1.000 S_U=0.000
step 15800  loss=4.4212  grad=5.156  S_E=1.000 S_U=0.000
step 15850  loss=4.2670  grad=4.438  S_E=1.000 S_U=0.000
step 15900  loss=4.3056  grad=4.812  S_E=1.000 S_U=0.000
step 15950  loss=4.3664  grad=4.812  S_E=1.000 S_U=0.000
step 16000  loss=3.9549  grad=4.250  S_E=1.000 S_U=0.000

  step 16000  val_ppl=16.31
          val_ppl=16.31
step 16050  loss=4.6046  grad=6.781  S_E=1.000 S_U=0.000
step 16100  loss=4.3333  grad=4.469  S_E=1.000 S_U=0.000
step 16150  loss=4.5886  grad=4.469  S_E=1.000 S_U=0.000
step 16200  loss=4.1085  grad=5.438  S_E=1.000 S_U=0.000
step 16250  loss=3.9852  grad=4.375  S_E=1.000 S_U=0.000
step 16300  loss=3.4576  grad=9.062  S_E=1.000 S_U=0.000
step 16350  loss=4.2109  grad=4.500  S_E=1.000 S_U=0.000
step 16400  loss=4.6259  grad=5.250  S_E=1.000 S_U=0.000
step 16450  loss=4.2145  grad=4.438  S_E=1.000 S_U=0.000
step 16500  loss=3.2022  grad=3.406  S_E=1.000 S_U=0.000

  step 16500  val_ppl=16.36
          val_ppl=16.36
step 16550  loss=4.8279  grad=5.312  S_E=1.000 S_U=0.000
step 16600  loss=4.1326  grad=4.188  S_E=1.000 S_U=0.000
step 16650  loss=3.6811  grad=4.406  S_E=1.000 S_U=0.000
step 16700  loss=3.3314  grad=3.469  S_E=1.000 S_U=0.000
step 16750  loss=3.8847  grad=4.406  S_E=1.000 S_U=0.000
step 16800  loss=4.1718  grad=4.625  S_E=1.000 S_U=0.000
step 16850  loss=3.8075  grad=4.500  S_E=1.000 S_U=0.000
step 16900  loss=4.2226  grad=4.656  S_E=1.000 S_U=0.000
step 16950  loss=3.9977  grad=4.719  S_E=1.000 S_U=0.000
step 17000  loss=4.0014  grad=4.500  S_E=1.000 S_U=0.000

  step 17000  val_ppl=16.30
          val_ppl=16.30
step 17050  loss=4.3659  grad=4.125  S_E=1.000 S_U=0.000
step 17100  loss=4.0775  grad=4.469  S_E=1.000 S_U=0.000
step 17150  loss=3.9648  grad=4.906  S_E=1.000 S_U=0.000
step 17200  loss=4.3569  grad=4.438  S_E=1.000 S_U=0.000
step 17250  loss=3.9876  grad=4.719  S_E=1.000 S_U=0.000
step 17300  loss=3.6074  grad=3.984  S_E=1.000 S_U=0.000
step 17350  loss=4.4348  grad=5.625  S_E=1.000 S_U=0.000
step 17400  loss=4.3584  grad=5.438  S_E=1.000 S_U=0.000
step 17450  loss=3.9493  grad=4.312  S_E=1.000 S_U=0.000
step 17500  loss=4.4405  grad=4.844  S_E=1.000 S_U=0.000

  step 17500  val_ppl=16.32
          val_ppl=16.32
step 17550  loss=3.5157  grad=3.844  S_E=1.000 S_U=0.000
step 17600  loss=3.9611  grad=5.344  S_E=1.000 S_U=0.000
step 17650  loss=4.4211  grad=5.250  S_E=1.000 S_U=0.000
step 17700  loss=4.0397  grad=4.281  S_E=1.000 S_U=0.000
step 17750  loss=4.1950  grad=4.969  S_E=1.000 S_U=0.000
step 17800  loss=3.8356  grad=4.281  S_E=1.000 S_U=0.000
step 17850  loss=4.1068  grad=4.781  S_E=1.000 S_U=0.000
step 17900  loss=4.0334  grad=4.188  S_E=1.000 S_U=0.000
step 17950  loss=4.0752  grad=5.344  S_E=1.000 S_U=0.000
step 18000  loss=4.3217  grad=4.688  S_E=1.000 S_U=0.000

  step 18000  val_ppl=16.32
          val_ppl=16.32
step 18050  loss=3.8767  grad=4.406  S_E=1.000 S_U=0.000
step 18100  loss=3.7177  grad=4.219  S_E=1.000 S_U=0.000
step 18150  loss=3.7225  grad=4.344  S_E=1.000 S_U=0.000
step 18200  loss=4.2992  grad=5.750  S_E=1.000 S_U=0.000
step 18250  loss=4.0201  grad=4.469  S_E=1.000 S_U=0.000
step 18300  loss=3.5185  grad=4.375  S_E=1.000 S_U=0.000
step 18350  loss=3.8917  grad=5.281  S_E=1.000 S_U=0.000
step 18400  loss=4.0984  grad=5.812  S_E=1.000 S_U=0.000
step 18450  loss=4.1593  grad=4.656  S_E=1.000 S_U=0.000
step 18500  loss=4.2028  grad=4.375  S_E=1.000 S_U=0.000

  step 18500  val_ppl=16.29
          val_ppl=16.29
step 18550  loss=4.1855  grad=4.656  S_E=1.000 S_U=0.000
step 18600  loss=4.5031  grad=4.656  S_E=1.000 S_U=0.000
step 18650  loss=3.6472  grad=4.156  S_E=1.000 S_U=0.000
step 18700  loss=3.6102  grad=3.984  S_E=1.000 S_U=0.000
step 18750  loss=3.5580  grad=3.953  S_E=1.000 S_U=0.000
step 18800  loss=4.0781  grad=4.281  S_E=1.000 S_U=0.000
step 18850  loss=4.0516  grad=4.656  S_E=1.000 S_U=0.000
step 18900  loss=4.0410  grad=4.344  S_E=1.000 S_U=0.000
step 18950  loss=4.1586  grad=4.188  S_E=1.000 S_U=0.000
step 19000  loss=3.9939  grad=4.000  S_E=1.000 S_U=0.000

  step 19000  val_ppl=16.26
          val_ppl=16.26
step 19050  loss=3.8984  grad=4.344  S_E=1.000 S_U=0.000
step 19100  loss=4.4350  grad=4.781  S_E=1.000 S_U=0.000
step 19150  loss=4.1336  grad=4.562  S_E=1.000 S_U=0.000
step 19200  loss=3.6209  grad=4.469  S_E=1.000 S_U=0.000
step 19250  loss=4.6192  grad=5.812  S_E=1.000 S_U=0.000
step 19300  loss=3.8850  grad=4.594  S_E=1.000 S_U=0.000
step 19350  loss=3.7491  grad=4.375  S_E=1.000 S_U=0.000
step 19400  loss=3.9969  grad=5.094  S_E=1.000 S_U=0.000
step 19450  loss=4.0745  grad=4.844  S_E=1.000 S_U=0.000
step 19500  loss=3.6918  grad=4.344  S_E=1.000 S_U=0.000

  step 19500  val_ppl=16.24
          val_ppl=16.24
step 19550  loss=4.3184  grad=5.531  S_E=1.000 S_U=0.000
step 19600  loss=3.8570  grad=4.094  S_E=1.000 S_U=0.000
step 19650  loss=4.2933  grad=5.312  S_E=1.000 S_U=0.000
step 19700  loss=4.0891  grad=5.000  S_E=1.000 S_U=0.000
step 19750  loss=3.6477  grad=4.906  S_E=1.000 S_U=0.000
step 19800  loss=4.4464  grad=4.156  S_E=1.000 S_U=0.000
step 19850  loss=4.2169  grad=4.875  S_E=1.000 S_U=0.000
step 19900  loss=4.1940  grad=4.781  S_E=1.000 S_U=0.000
step 19950  loss=4.6922  grad=5.438  S_E=1.000 S_U=0.000
  [final] val_ppl=16.24
          val_ppl=16.24

── Timing breakdown ─────────────────────────────────
  component    ms/step   % total   calls
  ────────── ─────────  ────────  ──────
  data           22.60     24.2%   20000
  bandit          0.00      0.0%   20000
  fwd             6.95      7.4%   20400
  score           0.64      0.7%     400
  bwd            63.21     67.7%   20000
  ────────── ─────────  ────────  ──────
  TOTAL          93.40    100.0%

  Rescore steps:          400/20000 (2.0% of steps)
  Cost per rescore:       32.25 ms
  Amortised scorer:       0.645 ms/step (0.69% of total)
  Paper claims ~1%:       ✓ within paper claim
────────────────────────────────────────────────────

Final val PPL (rho1): 16.24
Scorer overhead: 0.69% of total wall time
✓ Within paper's ~1% claim
