backend=cuda  dtype=torch.bfloat16  seed=42
[data] train: 950.0M tokens
[data] val: 50.0M tokens
[liger] Not enabled: cannot import name 'apply_liger_kernel_to_gpt2' from 'liger_kernel.transformers' (/lustre/fsn1/projects/rech/sum/ufj45ra/venvs/sieve/lib/python3.12/site-packages/liger_kernel/transformers/__init__.py)
step     0  loss=4.7677  grad=8.562  S_E=0.250 S_U=0.250
step    50  loss=4.0166  grad=5.938  S_E=0.250 S_U=0.250
step   100  loss=4.1710  grad=4.156  S_E=0.250 S_U=0.250
step   150  loss=4.4796  grad=3.828  S_E=0.250 S_U=0.250
step   200  loss=4.1377  grad=5.250  S_E=0.250 S_U=0.250
step   250  loss=4.5984  grad=5.094  S_E=0.250 S_U=0.250
step   300  loss=4.0804  grad=2.812  S_E=0.250 S_U=0.250
step   350  loss=4.4288  grad=4.906  S_E=0.250 S_U=0.250
step   400  loss=4.4885  grad=4.281  S_E=0.250 S_U=0.250
step   450  loss=4.1247  grad=3.625  S_E=0.250 S_U=0.250
step   500  loss=4.5076  grad=2.906  S_E=0.250 S_U=0.250

  step   500  val_ppl=21.02  dom=S_E
          val_ppl=21.02
step   550  loss=3.4970  grad=3.078  S_E=0.250 S_U=0.250
step   600  loss=4.3324  grad=3.859  S_E=0.250 S_U=0.250
step   650  loss=4.1368  grad=4.656  S_E=0.250 S_U=0.250
step   700  loss=3.9112  grad=2.328  S_E=0.250 S_U=0.250
step   750  loss=4.7179  grad=3.500  S_E=0.250 S_U=0.250
step   800  loss=4.2617  grad=3.953  S_E=0.250 S_U=0.250
step   850  loss=3.9266  grad=3.547  S_E=0.250 S_U=0.250
step   900  loss=4.2101  grad=3.000  S_E=0.250 S_U=0.250
step   950  loss=4.2279  grad=2.469  S_E=0.250 S_U=0.250
step  1000  loss=3.8591  grad=2.250  S_E=0.250 S_U=0.250

  step  1000  val_ppl=20.77  dom=S_E
          val_ppl=20.77
step  1050  loss=3.8539  grad=2.141  S_E=0.184 S_U=0.601
step  1100  loss=3.9205  grad=2.562  S_E=0.184 S_U=0.601
step  1150  loss=3.8086  grad=2.906  S_E=0.184 S_U=0.601
step  1200  loss=3.4021  grad=2.453  S_E=0.184 S_U=0.601
step  1250  loss=3.7475  grad=2.297  S_E=0.184 S_U=0.601
step  1300  loss=3.6614  grad=2.156  S_E=0.184 S_U=0.601
step  1350  loss=4.3352  grad=2.234  S_E=0.184 S_U=0.601
step  1400  loss=3.9024  grad=2.000  S_E=0.184 S_U=0.601
step  1450  loss=4.1606  grad=2.250  S_E=0.184 S_U=0.601
step  1500  loss=4.3885  grad=2.172  S_E=0.184 S_U=0.601

  step  1500  val_ppl=20.19  dom=S_U
          val_ppl=20.19
step  1550  loss=3.1568  grad=2.891  S_E=0.190 S_U=0.595
step  1600  loss=3.8868  grad=2.484  S_E=0.190 S_U=0.595
step  1650  loss=3.3984  grad=3.906  S_E=0.190 S_U=0.595
step  1700  loss=3.9201  grad=2.312  S_E=0.190 S_U=0.595
step  1750  loss=4.1607  grad=2.172  S_E=0.190 S_U=0.595
step  1800  loss=3.5064  grad=2.156  S_E=0.190 S_U=0.595
step  1850  loss=3.7868  grad=2.391  S_E=0.190 S_U=0.595
step  1900  loss=4.0250  grad=2.203  S_E=0.190 S_U=0.595
step  1950  loss=3.5007  grad=2.234  S_E=0.190 S_U=0.595
step  2000  loss=3.9184  grad=2.875  S_E=0.250 S_U=0.250

  step  2000  val_ppl=19.97  dom=S_E
          val_ppl=19.97
step  2050  loss=3.7861  grad=2.328  S_E=0.114 S_U=0.451
step  2100  loss=3.6389  grad=2.484  S_E=0.114 S_U=0.451
step  2150  loss=3.8031  grad=3.188  S_E=0.114 S_U=0.451
step  2200  loss=3.7623  grad=2.766  S_E=0.114 S_U=0.451
step  2250  loss=3.6424  grad=2.266  S_E=0.114 S_U=0.451
step  2300  loss=4.4043  grad=2.922  S_E=0.114 S_U=0.451
step  2350  loss=3.7917  grad=2.578  S_E=0.114 S_U=0.451
step  2400  loss=3.9580  grad=2.734  S_E=0.114 S_U=0.451
step  2450  loss=3.6551  grad=3.031  S_E=0.114 S_U=0.451
step  2500  loss=4.4413  grad=2.312  S_E=0.114 S_U=0.451

  step  2500  val_ppl=19.64  dom=S_U
          val_ppl=19.64
step  2550  loss=4.0423  grad=2.688  S_E=0.111 S_U=0.462
step  2600  loss=4.0157  grad=2.562  S_E=0.111 S_U=0.462
step  2650  loss=4.8471  grad=2.406  S_E=0.111 S_U=0.462
step  2700  loss=3.8013  grad=2.719  S_E=0.111 S_U=0.462
step  2750  loss=3.9435  grad=2.812  S_E=0.111 S_U=0.462
step  2800  loss=3.8422  grad=2.531  S_E=0.111 S_U=0.462
step  2850  loss=3.3633  grad=2.203  S_E=0.111 S_U=0.462
step  2900  loss=4.1418  grad=2.594  S_E=0.111 S_U=0.462
step  2950  loss=3.9597  grad=2.859  S_E=0.111 S_U=0.462
step  3000  loss=3.6638  grad=2.609  S_E=0.111 S_U=0.462

  step  3000  val_ppl=19.52  dom=S_U
          val_ppl=19.52
step  3050  loss=3.5372  grad=2.578  S_E=0.107 S_U=0.479
step  3100  loss=3.9577  grad=3.062  S_E=0.107 S_U=0.479
step  3150  loss=3.9398  grad=2.781  S_E=0.107 S_U=0.479
step  3200  loss=3.8700  grad=2.328  S_E=0.107 S_U=0.479
step  3250  loss=3.9215  grad=2.375  S_E=0.107 S_U=0.479
step  3300  loss=3.4989  grad=2.516  S_E=0.107 S_U=0.479
step  3350  loss=3.3693  grad=5.062  S_E=0.107 S_U=0.479
step  3400  loss=3.8731  grad=2.562  S_E=0.107 S_U=0.479
step  3450  loss=3.9670  grad=2.844  S_E=0.107 S_U=0.479
step  3500  loss=3.9548  grad=3.359  S_E=0.107 S_U=0.479

  step  3500  val_ppl=19.34  dom=S_U
          val_ppl=19.34
step  3550  loss=4.0524  grad=2.812  S_E=0.105 S_U=0.455
step  3600  loss=4.0619  grad=3.250  S_E=0.105 S_U=0.455
step  3650  loss=3.9978  grad=2.656  S_E=0.105 S_U=0.455
step  3700  loss=3.7291  grad=2.453  S_E=0.105 S_U=0.455
step  3750  loss=4.2805  grad=2.953  S_E=0.105 S_U=0.455
step  3800  loss=3.5670  grad=2.609  S_E=0.105 S_U=0.455
step  3850  loss=3.6337  grad=2.734  S_E=0.105 S_U=0.455
step  3900  loss=3.6225  grad=2.781  S_E=0.105 S_U=0.455
step  3950  loss=3.8653  grad=2.609  S_E=0.105 S_U=0.455
step  4000  loss=4.4452  grad=2.562  S_E=0.105 S_U=0.455

  step  4000  val_ppl=19.21  dom=S_U
          val_ppl=19.21
step  4050  loss=3.9659  grad=2.922  S_E=0.099 S_U=0.458
step  4100  loss=3.7379  grad=3.188  S_E=0.099 S_U=0.458
step  4150  loss=3.9054  grad=2.422  S_E=0.099 S_U=0.458
step  4200  loss=2.9965  grad=2.922  S_E=0.099 S_U=0.458
step  4250  loss=3.9119  grad=2.609  S_E=0.099 S_U=0.458
step  4300  loss=3.9621  grad=4.094  S_E=0.099 S_U=0.458
step  4350  loss=3.6932  grad=3.188  S_E=0.099 S_U=0.458
step  4400  loss=3.9919  grad=2.719  S_E=0.099 S_U=0.458
step  4450  loss=4.0004  grad=2.078  S_E=0.099 S_U=0.458
step  4500  loss=3.8145  grad=2.516  S_E=0.099 S_U=0.458

  step  4500  val_ppl=19.09  dom=S_U
          val_ppl=19.09
step  4550  loss=3.9218  grad=2.734  S_E=0.097 S_U=0.468
step  4600  loss=3.9608  grad=2.734  S_E=0.097 S_U=0.468
step  4650  loss=3.8740  grad=2.766  S_E=0.097 S_U=0.468
step  4700  loss=4.3199  grad=3.156  S_E=0.097 S_U=0.468
step  4750  loss=3.6093  grad=2.750  S_E=0.097 S_U=0.468
step  4800  loss=3.8392  grad=2.859  S_E=0.097 S_U=0.468
step  4850  loss=3.9151  grad=2.281  S_E=0.097 S_U=0.468
step  4900  loss=3.6246  grad=3.125  S_E=0.097 S_U=0.468
step  4950  loss=3.1133  grad=3.609  S_E=0.097 S_U=0.468
step  5000  loss=3.7127  grad=3.234  S_E=0.097 S_U=0.468

  step  5000  val_ppl=19.03  dom=S_U
          val_ppl=19.03
step  5050  loss=3.8674  grad=2.703  S_E=0.098 S_U=0.465
step  5100  loss=3.6949  grad=2.656  S_E=0.098 S_U=0.465
step  5150  loss=3.7697  grad=2.656  S_E=0.098 S_U=0.465
step  5200  loss=4.0308  grad=2.234  S_E=0.098 S_U=0.465
step  5250  loss=3.7224  grad=3.156  S_E=0.098 S_U=0.465
step  5300  loss=4.0691  grad=2.469  S_E=0.098 S_U=0.465
step  5350  loss=3.8928  grad=3.297  S_E=0.098 S_U=0.465
step  5400  loss=3.9386  grad=2.688  S_E=0.098 S_U=0.465
step  5450  loss=3.8312  grad=2.812  S_E=0.098 S_U=0.465
step  5500  loss=4.1151  grad=2.531  S_E=0.098 S_U=0.465

  step  5500  val_ppl=18.98  dom=S_U
          val_ppl=18.98
step  5550  loss=3.8631  grad=2.625  S_E=0.098 S_U=0.467
step  5600  loss=3.7110  grad=3.188  S_E=0.098 S_U=0.467
step  5650  loss=4.5406  grad=3.109  S_E=0.098 S_U=0.467
step  5700  loss=4.0279  grad=2.844  S_E=0.098 S_U=0.467
step  5750  loss=3.7311  grad=3.672  S_E=0.098 S_U=0.467
step  5800  loss=3.5277  grad=3.047  S_E=0.098 S_U=0.467
step  5850  loss=4.0361  grad=3.562  S_E=0.098 S_U=0.467
step  5900  loss=3.2098  grad=3.422  S_E=0.098 S_U=0.467
step  5950  loss=3.4845  grad=2.797  S_E=0.098 S_U=0.467
step  6000  loss=3.8738  grad=2.422  S_E=0.250 S_U=0.250

  step  6000  val_ppl=18.82  dom=S_E
          val_ppl=18.82
step  6050  loss=3.7959  grad=2.578  S_E=0.116 S_U=0.542
step  6100  loss=3.5053  grad=3.219  S_E=0.116 S_U=0.542
step  6150  loss=3.7957  grad=2.281  S_E=0.116 S_U=0.542
step  6200  loss=3.6348  grad=2.578  S_E=0.116 S_U=0.542
step  6250  loss=3.7791  grad=2.797  S_E=0.116 S_U=0.542
step  6300  loss=3.6157  grad=2.453  S_E=0.116 S_U=0.542
step  6350  loss=3.8938  grad=2.688  S_E=0.116 S_U=0.542
step  6400  loss=3.4928  grad=2.453  S_E=0.116 S_U=0.542
step  6450  loss=3.2368  grad=2.484  S_E=0.116 S_U=0.542
step  6500  loss=3.3180  grad=3.453  S_E=0.116 S_U=0.542

  step  6500  val_ppl=18.77  dom=S_U
          val_ppl=18.77
step  6550  loss=3.9800  grad=2.859  S_E=0.121 S_U=0.527
step  6600  loss=3.7204  grad=2.312  S_E=0.121 S_U=0.527
step  6650  loss=3.5636  grad=2.688  S_E=0.121 S_U=0.527
step  6700  loss=3.0697  grad=2.250  S_E=0.121 S_U=0.527
step  6750  loss=3.1783  grad=2.641  S_E=0.121 S_U=0.527
step  6800  loss=3.8223  grad=2.594  S_E=0.121 S_U=0.527
step  6850  loss=3.7234  grad=2.859  S_E=0.121 S_U=0.527
step  6900  loss=3.3844  grad=3.078  S_E=0.121 S_U=0.527
step  6950  loss=3.5038  grad=2.562  S_E=0.121 S_U=0.527
step  7000  loss=3.8555  grad=2.453  S_E=0.121 S_U=0.527

  step  7000  val_ppl=18.75  dom=S_U
          val_ppl=18.75
step  7050  loss=3.6366  grad=3.094  S_E=0.115 S_U=0.532
step  7100  loss=3.8021  grad=3.406  S_E=0.115 S_U=0.532
step  7150  loss=3.6645  grad=2.281  S_E=0.115 S_U=0.532
step  7200  loss=3.3719  grad=2.500  S_E=0.115 S_U=0.532
step  7250  loss=4.1596  grad=2.438  S_E=0.115 S_U=0.532
step  7300  loss=3.9011  grad=2.562  S_E=0.115 S_U=0.532
step  7350  loss=3.8273  grad=2.719  S_E=0.115 S_U=0.532
step  7400  loss=3.2314  grad=2.594  S_E=0.115 S_U=0.532
step  7450  loss=4.2502  grad=3.672  S_E=0.115 S_U=0.532
step  7500  loss=3.2517  grad=2.609  S_E=0.115 S_U=0.532

  step  7500  val_ppl=18.66  dom=S_U
          val_ppl=18.66
step  7550  loss=3.7468  grad=2.812  S_E=0.145 S_U=0.540
step  7600  loss=3.4440  grad=2.500  S_E=0.145 S_U=0.540
step  7650  loss=3.6050  grad=2.359  S_E=0.145 S_U=0.540
step  7700  loss=3.6751  grad=2.734  S_E=0.145 S_U=0.540
step  7750  loss=3.6936  grad=3.438  S_E=0.145 S_U=0.540
step  7800  loss=4.1862  grad=2.547  S_E=0.145 S_U=0.540
step  7850  loss=3.4418  grad=2.703  S_E=0.145 S_U=0.540
step  7900  loss=3.6057  grad=3.484  S_E=0.145 S_U=0.540
step  7950  loss=3.5201  grad=2.578  S_E=0.145 S_U=0.540
step  8000  loss=4.6919  grad=3.438  S_E=0.145 S_U=0.540

  step  8000  val_ppl=18.66  dom=S_U
          val_ppl=18.66
step  8050  loss=3.3402  grad=2.406  S_E=0.143 S_U=0.535
step  8100  loss=3.8173  grad=2.562  S_E=0.143 S_U=0.535
step  8150  loss=3.8198  grad=2.719  S_E=0.143 S_U=0.535
step  8200  loss=3.4133  grad=2.203  S_E=0.143 S_U=0.535
step  8250  loss=3.7635  grad=2.344  S_E=0.143 S_U=0.535
step  8300  loss=3.8758  grad=2.531  S_E=0.143 S_U=0.535
step  8350  loss=4.1473  grad=2.750  S_E=0.143 S_U=0.535
step  8400  loss=4.2232  grad=3.078  S_E=0.143 S_U=0.535
step  8450  loss=3.8758  grad=2.203  S_E=0.143 S_U=0.535
step  8500  loss=3.9717  grad=2.672  S_E=0.143 S_U=0.535

  step  8500  val_ppl=18.56  dom=S_U
          val_ppl=18.56
step  8550  loss=4.2135  grad=2.844  S_E=0.169 S_U=0.542
step  8600  loss=4.0749  grad=2.422  S_E=0.169 S_U=0.542
step  8650  loss=3.9950  grad=2.891  S_E=0.169 S_U=0.542
step  8700  loss=3.6934  grad=2.422  S_E=0.169 S_U=0.542
step  8750  loss=4.0892  grad=2.562  S_E=0.169 S_U=0.542
step  8800  loss=3.7805  grad=2.141  S_E=0.169 S_U=0.542
step  8850  loss=3.5721  grad=2.312  S_E=0.169 S_U=0.542
step  8900  loss=3.4972  grad=2.531  S_E=0.169 S_U=0.542
step  8950  loss=3.7562  grad=2.172  S_E=0.169 S_U=0.542
step  9000  loss=3.7610  grad=2.500  S_E=0.169 S_U=0.542

  step  9000  val_ppl=18.51  dom=S_U
          val_ppl=18.51
step  9050  loss=3.6484  grad=2.391  S_E=0.170 S_U=0.542
step  9100  loss=4.0360  grad=2.516  S_E=0.170 S_U=0.542
step  9150  loss=3.9651  grad=2.422  S_E=0.170 S_U=0.542
step  9200  loss=3.8206  grad=2.266  S_E=0.170 S_U=0.542
step  9250  loss=3.3802  grad=2.438  S_E=0.170 S_U=0.542
step  9300  loss=3.5040  grad=2.812  S_E=0.170 S_U=0.542
step  9350  loss=3.6192  grad=2.844  S_E=0.170 S_U=0.542
step  9400  loss=4.2435  grad=2.516  S_E=0.170 S_U=0.542
step  9450  loss=3.9453  grad=2.875  S_E=0.170 S_U=0.542
step  9500  loss=3.6570  grad=2.891  S_E=0.170 S_U=0.542

  step  9500  val_ppl=18.51  dom=S_U
          val_ppl=18.51
step  9550  loss=3.0508  grad=3.750  S_E=0.171 S_U=0.539
step  9600  loss=3.7877  grad=2.641  S_E=0.171 S_U=0.539
step  9650  loss=4.0314  grad=2.672  S_E=0.171 S_U=0.539
step  9700  loss=3.3771  grad=2.422  S_E=0.171 S_U=0.539
step  9750  loss=3.8774  grad=2.922  S_E=0.171 S_U=0.539
step  9800  loss=4.0875  grad=2.547  S_E=0.171 S_U=0.539
step  9850  loss=3.9425  grad=2.781  S_E=0.171 S_U=0.539
step  9900  loss=3.9591  grad=2.484  S_E=0.171 S_U=0.539
step  9950  loss=4.0289  grad=3.328  S_E=0.171 S_U=0.539
step 10000  loss=3.9504  grad=2.578  S_E=0.171 S_U=0.539

  step 10000  val_ppl=18.46  dom=S_U
          val_ppl=18.46
step 10050  loss=4.0358  grad=2.719  S_E=0.178 S_U=0.539
step 10100  loss=3.9589  grad=2.500  S_E=0.178 S_U=0.539
step 10150  loss=3.7014  grad=2.609  S_E=0.178 S_U=0.539
step 10200  loss=3.4856  grad=3.219  S_E=0.178 S_U=0.539
step 10250  loss=3.9716  grad=2.688  S_E=0.178 S_U=0.539
step 10300  loss=4.2964  grad=3.062  S_E=0.178 S_U=0.539
step 10350  loss=3.7415  grad=2.703  S_E=0.178 S_U=0.539
step 10400  loss=3.7923  grad=2.719  S_E=0.178 S_U=0.539
step 10450  loss=3.7651  grad=2.250  S_E=0.178 S_U=0.539
step 10500  loss=3.8208  grad=2.625  S_E=0.178 S_U=0.539

  step 10500  val_ppl=18.42  dom=S_U
          val_ppl=18.42
step 10550  loss=3.7056  grad=2.688  S_E=0.174 S_U=0.537
step 10600  loss=3.8837  grad=2.688  S_E=0.174 S_U=0.537
step 10650  loss=3.6004  grad=2.531  S_E=0.174 S_U=0.537
step 10700  loss=4.0662  grad=2.594  S_E=0.174 S_U=0.537
step 10750  loss=3.6291  grad=2.719  S_E=0.174 S_U=0.537
step 10800  loss=4.1799  grad=2.469  S_E=0.174 S_U=0.537
step 10850  loss=4.0361  grad=2.438  S_E=0.174 S_U=0.537
step 10900  loss=4.0686  grad=2.391  S_E=0.174 S_U=0.537
step 10950  loss=3.7967  grad=2.891  S_E=0.174 S_U=0.537
step 11000  loss=3.8394  grad=2.531  S_E=0.174 S_U=0.537

  step 11000  val_ppl=18.36  dom=S_U
          val_ppl=18.36
step 11050  loss=3.3082  grad=2.828  S_E=0.176 S_U=0.533
step 11100  loss=4.3466  grad=2.766  S_E=0.176 S_U=0.533
step 11150  loss=3.6901  grad=2.578  S_E=0.176 S_U=0.533
step 11200  loss=3.0753  grad=2.797  S_E=0.176 S_U=0.533
step 11250  loss=3.5304  grad=2.953  S_E=0.176 S_U=0.533
step 11300  loss=3.8691  grad=2.406  S_E=0.176 S_U=0.533
step 11350  loss=3.7870  grad=2.359  S_E=0.176 S_U=0.533
step 11400  loss=3.5495  grad=2.703  S_E=0.176 S_U=0.533
step 11450  loss=3.8024  grad=2.469  S_E=0.176 S_U=0.533
step 11500  loss=3.5687  grad=2.719  S_E=0.176 S_U=0.533

  step 11500  val_ppl=18.40  dom=S_U
          val_ppl=18.40
step 11550  loss=3.9548  grad=2.797  S_E=0.177 S_U=0.531
step 11600  loss=3.7433  grad=3.000  S_E=0.177 S_U=0.531
step 11650  loss=3.8956  grad=2.938  S_E=0.177 S_U=0.531
step 11700  loss=3.7337  grad=2.828  S_E=0.177 S_U=0.531
step 11750  loss=3.0205  grad=2.641  S_E=0.177 S_U=0.531
step 11800  loss=3.5088  grad=2.578  S_E=0.177 S_U=0.531
step 11850  loss=3.8305  grad=2.734  S_E=0.177 S_U=0.531
step 11900  loss=3.5968  grad=2.859  S_E=0.177 S_U=0.531
step 11950  loss=3.7419  grad=2.484  S_E=0.177 S_U=0.531
step 12000  loss=3.9811  grad=3.219  S_E=0.177 S_U=0.531

  step 12000  val_ppl=18.38  dom=S_U
          val_ppl=18.38
step 12050  loss=3.9288  grad=2.812  S_E=0.181 S_U=0.526
step 12100  loss=3.8714  grad=2.625  S_E=0.181 S_U=0.526
step 12150  loss=3.5748  grad=3.047  S_E=0.181 S_U=0.526
step 12200  loss=4.3150  grad=2.812  S_E=0.181 S_U=0.526
step 12250  loss=4.0319  grad=2.891  S_E=0.181 S_U=0.526
step 12300  loss=3.5923  grad=2.578  S_E=0.181 S_U=0.526
step 12350  loss=3.7206  grad=2.828  S_E=0.181 S_U=0.526
step 12400  loss=4.0856  grad=2.438  S_E=0.181 S_U=0.526
step 12450  loss=3.8039  grad=3.156  S_E=0.181 S_U=0.526
step 12500  loss=3.6352  grad=2.859  S_E=0.181 S_U=0.526

  step 12500  val_ppl=18.30  dom=S_U
          val_ppl=18.30
step 12550  loss=3.8874  grad=2.453  S_E=0.177 S_U=0.534
step 12600  loss=3.6842  grad=2.578  S_E=0.177 S_U=0.534
step 12650  loss=3.7344  grad=2.672  S_E=0.177 S_U=0.534
step 12700  loss=3.6487  grad=3.578  S_E=0.177 S_U=0.534
step 12750  loss=3.7388  grad=2.906  S_E=0.177 S_U=0.534
step 12800  loss=3.9161  grad=2.500  S_E=0.177 S_U=0.534
step 12850  loss=3.6456  grad=3.344  S_E=0.177 S_U=0.534
step 12900  loss=3.4461  grad=3.047  S_E=0.177 S_U=0.534
step 12950  loss=3.6210  grad=2.672  S_E=0.177 S_U=0.534
step 13000  loss=3.9827  grad=2.469  S_E=0.177 S_U=0.534

  step 13000  val_ppl=18.26  dom=S_U
          val_ppl=18.26
step 13050  loss=3.5938  grad=2.719  S_E=0.174 S_U=0.540
step 13100  loss=3.8117  grad=2.516  S_E=0.174 S_U=0.540
step 13150  loss=4.1176  grad=2.812  S_E=0.174 S_U=0.540
step 13200  loss=3.8790  grad=2.734  S_E=0.174 S_U=0.540
step 13250  loss=3.6430  grad=3.047  S_E=0.174 S_U=0.540
step 13300  loss=4.0140  grad=2.562  S_E=0.174 S_U=0.540
step 13350  loss=3.0139  grad=3.031  S_E=0.174 S_U=0.540
step 13400  loss=3.9884  grad=2.875  S_E=0.174 S_U=0.540
step 13450  loss=3.7645  grad=3.078  S_E=0.174 S_U=0.540
step 13500  loss=4.0778  grad=2.703  S_E=0.174 S_U=0.540

  step 13500  val_ppl=18.27  dom=S_U
          val_ppl=18.27
step 13550  loss=3.4611  grad=3.078  S_E=0.174 S_U=0.537
step 13600  loss=3.3581  grad=3.641  S_E=0.174 S_U=0.537
step 13650  loss=3.9117  grad=2.781  S_E=0.174 S_U=0.537
step 13700  loss=3.8524  grad=3.109  S_E=0.174 S_U=0.537
step 13750  loss=3.7851  grad=3.578  S_E=0.174 S_U=0.537
step 13800  loss=3.4152  grad=2.656  S_E=0.174 S_U=0.537
step 13850  loss=3.4759  grad=2.578  S_E=0.174 S_U=0.537
step 13900  loss=3.8164  grad=2.750  S_E=0.174 S_U=0.537
step 13950  loss=3.7438  grad=2.656  S_E=0.174 S_U=0.537
step 14000  loss=3.5507  grad=6.156  S_E=0.250 S_U=0.250

  step 14000  val_ppl=18.27  dom=S_E
          val_ppl=18.27
step 14050  loss=3.6375  grad=5.594  S_E=0.233 S_U=0.250
step 14100  loss=4.5003  grad=3.172  S_E=0.233 S_U=0.250
step 14150  loss=3.8188  grad=3.609  S_E=0.233 S_U=0.250
step 14200  loss=3.6380  grad=2.750  S_E=0.233 S_U=0.250
step 14250  loss=4.4302  grad=3.688  S_E=0.233 S_U=0.250
step 14300  loss=3.8835  grad=2.625  S_E=0.233 S_U=0.250
step 14350  loss=4.0275  grad=4.875  S_E=0.233 S_U=0.250
step 14400  loss=4.5570  grad=3.750  S_E=0.233 S_U=0.250
step 14450  loss=4.5490  grad=3.578  S_E=0.233 S_U=0.250
step 14500  loss=3.7971  grad=4.750  S_E=0.233 S_U=0.250

  step 14500  val_ppl=18.22  dom=S_D
          val_ppl=18.22
step 14550  loss=4.5127  grad=2.875  S_E=0.217 S_U=0.218
step 14600  loss=3.8754  grad=3.484  S_E=0.217 S_U=0.218
step 14650  loss=3.4496  grad=4.094  S_E=0.217 S_U=0.218
step 14700  loss=3.6414  grad=2.969  S_E=0.217 S_U=0.218
step 14750  loss=3.6629  grad=3.781  S_E=0.217 S_U=0.218
step 14800  loss=3.5630  grad=4.844  S_E=0.217 S_U=0.218
step 14850  loss=3.6659  grad=2.922  S_E=0.217 S_U=0.218
step 14900  loss=4.6420  grad=3.438  S_E=0.217 S_U=0.218
step 14950  loss=4.0404  grad=3.391  S_E=0.217 S_U=0.218
step 15000  loss=3.5747  grad=4.719  S_E=0.217 S_U=0.218

  step 15000  val_ppl=18.18  dom=S_D
          val_ppl=18.18
step 15050  loss=4.3328  grad=4.844  S_E=0.219 S_U=0.181
step 15100  loss=4.3640  grad=4.594  S_E=0.219 S_U=0.181
step 15150  loss=4.2478  grad=5.344  S_E=0.219 S_U=0.181
step 15200  loss=3.9594  grad=2.453  S_E=0.219 S_U=0.181
step 15250  loss=3.8871  grad=3.656  S_E=0.219 S_U=0.181
step 15300  loss=3.8562  grad=3.828  S_E=0.219 S_U=0.181
step 15350  loss=3.8003  grad=4.219  S_E=0.219 S_U=0.181
step 15400  loss=3.7115  grad=5.594  S_E=0.219 S_U=0.181
step 15450  loss=4.3463  grad=5.375  S_E=0.219 S_U=0.181
step 15500  loss=4.0880  grad=3.797  S_E=0.219 S_U=0.181

  step 15500  val_ppl=18.15  dom=S_L
          val_ppl=18.15
step 15550  loss=3.8528  grad=4.625  S_E=0.243 S_U=0.195
step 15600  loss=3.5377  grad=4.406  S_E=0.243 S_U=0.195
step 15650  loss=3.8773  grad=4.188  S_E=0.243 S_U=0.195
step 15700  loss=3.9648  grad=5.500  S_E=0.243 S_U=0.195
step 15750  loss=4.0546  grad=3.453  S_E=0.243 S_U=0.195
step 15800  loss=4.2290  grad=5.125  S_E=0.243 S_U=0.195
step 15850  loss=3.5310  grad=5.188  S_E=0.243 S_U=0.195
step 15900  loss=3.8450  grad=3.719  S_E=0.243 S_U=0.195
step 15950  loss=4.3326  grad=5.219  S_E=0.243 S_U=0.195
step 16000  loss=3.9367  grad=2.969  S_E=0.243 S_U=0.195

  step 16000  val_ppl=18.14  dom=S_D
          val_ppl=18.14
step 16050  loss=4.4407  grad=4.500  S_E=0.246 S_U=0.199
step 16100  loss=3.6843  grad=4.094  S_E=0.246 S_U=0.199
step 16150  loss=4.0561  grad=2.922  S_E=0.246 S_U=0.199
step 16200  loss=3.8663  grad=5.156  S_E=0.246 S_U=0.199
step 16250  loss=3.7661  grad=5.156  S_E=0.246 S_U=0.199
step 16300  loss=4.3121  grad=4.969  S_E=0.246 S_U=0.199
step 16350  loss=4.3569  grad=3.062  S_E=0.246 S_U=0.199
step 16400  loss=3.8541  grad=4.125  S_E=0.246 S_U=0.199
step 16450  loss=3.5470  grad=4.406  S_E=0.246 S_U=0.199
step 16500  loss=4.4528  grad=3.984  S_E=0.246 S_U=0.199

  step 16500  val_ppl=18.15  dom=S_D
          val_ppl=18.15
step 16550  loss=4.5726  grad=3.766  S_E=0.246 S_U=0.201
step 16600  loss=3.6639  grad=3.172  S_E=0.246 S_U=0.201
step 16650  loss=3.6014  grad=4.469  S_E=0.246 S_U=0.201
step 16700  loss=3.5478  grad=3.203  S_E=0.246 S_U=0.201
step 16750  loss=4.4525  grad=4.719  S_E=0.246 S_U=0.201
step 16800  loss=4.3811  grad=3.031  S_E=0.246 S_U=0.201
step 16850  loss=4.1136  grad=4.625  S_E=0.246 S_U=0.201
step 16900  loss=3.4524  grad=2.547  S_E=0.246 S_U=0.201
step 16950  loss=4.2113  grad=3.422  S_E=0.246 S_U=0.201
step 17000  loss=3.9670  grad=3.391  S_E=0.246 S_U=0.201

  step 17000  val_ppl=18.12  dom=S_D
          val_ppl=18.12
step 17050  loss=4.2850  grad=3.594  S_E=0.221 S_U=0.219
step 17100  loss=4.0327  grad=3.938  S_E=0.221 S_U=0.219
step 17150  loss=3.8647  grad=4.344  S_E=0.221 S_U=0.219
step 17200  loss=4.0088  grad=3.438  S_E=0.221 S_U=0.219
step 17250  loss=4.0682  grad=4.281  S_E=0.221 S_U=0.219
step 17300  loss=3.9775  grad=5.375  S_E=0.221 S_U=0.219
step 17350  loss=3.6228  grad=3.312  S_E=0.221 S_U=0.219
step 17400  loss=3.8878  grad=4.531  S_E=0.221 S_U=0.219
step 17450  loss=4.4818  grad=5.750  S_E=0.221 S_U=0.219
step 17500  loss=4.1256  grad=5.156  S_E=0.221 S_U=0.219

  step 17500  val_ppl=18.08  dom=S_L
          val_ppl=18.08
step 17550  loss=4.1550  grad=4.469  S_E=0.193 S_U=0.244
step 17600  loss=4.1635  grad=3.109  S_E=0.193 S_U=0.244
step 17650  loss=4.0935  grad=3.453  S_E=0.193 S_U=0.244
step 17700  loss=3.5740  grad=4.000  S_E=0.193 S_U=0.244
step 17750  loss=4.2087  grad=3.594  S_E=0.193 S_U=0.244
step 17800  loss=4.1425  grad=3.953  S_E=0.193 S_U=0.244
step 17850  loss=3.6040  grad=3.422  S_E=0.193 S_U=0.244
step 17900  loss=3.5519  grad=4.875  S_E=0.193 S_U=0.244
step 17950  loss=3.4211  grad=3.281  S_E=0.193 S_U=0.244
step 18000  loss=3.9667  grad=6.062  S_E=0.193 S_U=0.244

  step 18000  val_ppl=18.09  dom=S_D
          val_ppl=18.09
step 18050  loss=3.8299  grad=3.906  S_E=0.194 S_U=0.244
step 18100  loss=4.1479  grad=3.016  S_E=0.194 S_U=0.244
step 18150  loss=4.1575  grad=3.797  S_E=0.194 S_U=0.244
step 18200  loss=4.4788  grad=4.188  S_E=0.194 S_U=0.244
step 18250  loss=4.1756  grad=3.625  S_E=0.194 S_U=0.244
step 18300  loss=3.4074  grad=4.969  S_E=0.194 S_U=0.244
step 18350  loss=4.0902  grad=4.438  S_E=0.194 S_U=0.244
step 18400  loss=3.8957  grad=4.031  S_E=0.194 S_U=0.244
step 18450  loss=3.3218  grad=2.969  S_E=0.194 S_U=0.244
step 18500  loss=3.3263  grad=3.797  S_E=0.194 S_U=0.244

  step 18500  val_ppl=18.09  dom=S_D
          val_ppl=18.09
step 18550  loss=3.4186  grad=5.125  S_E=0.193 S_U=0.244
step 18600  loss=4.0584  grad=5.188  S_E=0.193 S_U=0.244
step 18650  loss=4.0366  grad=4.156  S_E=0.193 S_U=0.244
step 18700  loss=3.7475  grad=4.875  S_E=0.193 S_U=0.244
step 18750  loss=3.7143  grad=4.375  S_E=0.193 S_U=0.244
step 18800  loss=4.0498  grad=3.734  S_E=0.193 S_U=0.244
step 18850  loss=3.5709  grad=4.438  S_E=0.193 S_U=0.244
step 18900  loss=4.4732  grad=4.094  S_E=0.193 S_U=0.244
step 18950  loss=4.2876  grad=5.094  S_E=0.193 S_U=0.244
step 19000  loss=3.3495  grad=2.906  S_E=0.193 S_U=0.244

  step 19000  val_ppl=18.06  dom=S_D
          val_ppl=18.06
step 19050  loss=3.4888  grad=3.797  S_E=0.172 S_U=0.251
step 19100  loss=4.2154  grad=3.672  S_E=0.172 S_U=0.251
step 19150  loss=3.7559  grad=3.422  S_E=0.172 S_U=0.251
step 19200  loss=3.5166  grad=3.250  S_E=0.172 S_U=0.251
step 19250  loss=3.6582  grad=4.594  S_E=0.172 S_U=0.251
step 19300  loss=4.0866  grad=3.594  S_E=0.172 S_U=0.251
step 19350  loss=4.0028  grad=4.969  S_E=0.172 S_U=0.251
step 19400  loss=4.1681  grad=3.672  S_E=0.172 S_U=0.251
step 19450  loss=3.8482  grad=5.125  S_E=0.172 S_U=0.251
step 19500  loss=4.2245  grad=4.031  S_E=0.172 S_U=0.251

  step 19500  val_ppl=18.02  dom=S_D
          val_ppl=18.02
step 19550  loss=3.5664  grad=4.375  S_E=0.172 S_U=0.258
step 19600  loss=3.4574  grad=3.344  S_E=0.172 S_U=0.258
step 19650  loss=4.2902  grad=4.188  S_E=0.172 S_U=0.258
step 19700  loss=3.4512  grad=3.812  S_E=0.172 S_U=0.258
step 19750  loss=3.9183  grad=4.906  S_E=0.172 S_U=0.258
step 19800  loss=3.8571  grad=3.234  S_E=0.172 S_U=0.258
step 19850  loss=3.9117  grad=4.531  S_E=0.172 S_U=0.258
step 19900  loss=4.0566  grad=4.531  S_E=0.172 S_U=0.258
step 19950  loss=3.6301  grad=3.469  S_E=0.172 S_U=0.258
  [final] val_ppl=18.04
          val_ppl=18.04

── Timing breakdown ─────────────────────────────────
  component    ms/step   % total   calls
  ────────── ─────────  ────────  ──────
  data           41.08     52.0%   20000
  bandit          0.01      0.0%   20000
  fwd             6.47      8.2%   20400
  score           0.30      0.4%     400
  bwd            31.16     39.4%   20000
  ────────── ─────────  ────────  ──────
  TOTAL          79.01    100.0%

  Rescore steps:          400/20000 (2.0% of steps)
  Cost per rescore:       14.77 ms
  Amortised scorer:       0.295 ms/step (0.37% of total)
  Paper claims ~1%:       ✓ within paper claim
────────────────────────────────────────────────────

Final val PPL (sieve): 18.04
Final bandit weights: S_E=0.172  S_U=0.258  S_L=0.271  S_D=0.300
✗ Weights near-uniform (max=0.300) — check eval_interval and reward signal
Scorer overhead: 0.37% of total wall time
✓ Within paper's ~1% claim
