backend=cuda  dtype=torch.bfloat16  seed=43
[data] train: 950.0M tokens
[data] val: 50.0M tokens
[liger] Not enabled: cannot import name 'apply_liger_kernel_to_gpt2' from 'liger_kernel.transformers' (/lustre/fsn1/projects/rech/sum/ufj45ra/venvs/sieve/lib/python3.12/site-packages/liger_kernel/transformers/__init__.py)
step     0  loss=4.4342  grad=10.625  S_E=0.250 S_U=0.250
step    50  loss=4.7924  grad=4.594  S_E=0.250 S_U=0.250
step   100  loss=3.9458  grad=5.844  S_E=0.250 S_U=0.250
step   150  loss=4.5251  grad=3.266  S_E=0.250 S_U=0.250
step   200  loss=3.9172  grad=4.312  S_E=0.250 S_U=0.250
step   250  loss=4.3047  grad=3.578  S_E=0.250 S_U=0.250
step   300  loss=4.3143  grad=3.375  S_E=0.250 S_U=0.250
step   350  loss=4.4886  grad=3.344  S_E=0.250 S_U=0.250
step   400  loss=3.5271  grad=2.656  S_E=0.250 S_U=0.250
step   450  loss=4.0733  grad=2.891  S_E=0.250 S_U=0.250
step   500  loss=4.2668  grad=3.203  S_E=0.250 S_U=0.250

  step   500  val_ppl=21.19  dom=S_E
          val_ppl=21.19
step   550  loss=4.4931  grad=3.750  S_E=0.250 S_U=0.250
step   600  loss=4.2690  grad=2.891  S_E=0.250 S_U=0.250
step   650  loss=3.9919  grad=4.031  S_E=0.250 S_U=0.250
step   700  loss=4.2237  grad=4.594  S_E=0.250 S_U=0.250
step   750  loss=3.5841  grad=3.547  S_E=0.250 S_U=0.250
step   800  loss=4.2579  grad=2.688  S_E=0.250 S_U=0.250
step   850  loss=3.8767  grad=3.016  S_E=0.250 S_U=0.250
step   900  loss=4.0484  grad=2.797  S_E=0.250 S_U=0.250
step   950  loss=4.6594  grad=3.172  S_E=0.250 S_U=0.250
step  1000  loss=4.1070  grad=2.922  S_E=0.250 S_U=0.250

  step  1000  val_ppl=20.55  dom=S_E
          val_ppl=20.55
step  1050  loss=4.3241  grad=3.125  S_E=0.062 S_U=0.261
step  1100  loss=4.2062  grad=3.422  S_E=0.062 S_U=0.261
step  1150  loss=4.4604  grad=3.469  S_E=0.062 S_U=0.261
step  1200  loss=4.4086  grad=2.375  S_E=0.062 S_U=0.261
step  1250  loss=4.5732  grad=3.031  S_E=0.062 S_U=0.261
step  1300  loss=3.9596  grad=2.969  S_E=0.062 S_U=0.261
step  1350  loss=4.2617  grad=3.500  S_E=0.062 S_U=0.261
step  1400  loss=4.0287  grad=2.859  S_E=0.062 S_U=0.261
step  1450  loss=4.6392  grad=3.234  S_E=0.062 S_U=0.261
step  1500  loss=4.5705  grad=3.422  S_E=0.062 S_U=0.261

  step  1500  val_ppl=20.15  dom=S_D
          val_ppl=20.15
step  1550  loss=4.0911  grad=2.766  S_E=0.061 S_U=0.271
step  1600  loss=3.8962  grad=2.859  S_E=0.061 S_U=0.271
step  1650  loss=3.9785  grad=2.844  S_E=0.061 S_U=0.271
step  1700  loss=3.9380  grad=2.703  S_E=0.061 S_U=0.271
step  1750  loss=3.7355  grad=3.328  S_E=0.061 S_U=0.271
step  1800  loss=3.5599  grad=3.547  S_E=0.061 S_U=0.271
step  1850  loss=3.3778  grad=3.844  S_E=0.061 S_U=0.271
step  1900  loss=3.6765  grad=2.625  S_E=0.061 S_U=0.271
step  1950  loss=4.6474  grad=3.109  S_E=0.061 S_U=0.271
step  2000  loss=3.3661  grad=4.312  S_E=0.250 S_U=0.250

  step  2000  val_ppl=19.90  dom=S_E
          val_ppl=19.90
step  2050  loss=3.9062  grad=3.625  S_E=0.311 S_U=0.073
step  2100  loss=4.5133  grad=3.438  S_E=0.311 S_U=0.073
step  2150  loss=4.2950  grad=3.875  S_E=0.311 S_U=0.073
step  2200  loss=4.5425  grad=3.719  S_E=0.311 S_U=0.073
step  2250  loss=4.0799  grad=4.250  S_E=0.311 S_U=0.073
step  2300  loss=4.2735  grad=3.375  S_E=0.311 S_U=0.073
step  2350  loss=4.7802  grad=4.094  S_E=0.311 S_U=0.073
step  2400  loss=4.5045  grad=3.109  S_E=0.311 S_U=0.073
step  2450  loss=4.3568  grad=3.234  S_E=0.311 S_U=0.073
step  2500  loss=3.9947  grad=3.641  S_E=0.311 S_U=0.073

  step  2500  val_ppl=19.66  dom=S_D
          val_ppl=19.66
step  2550  loss=4.3608  grad=4.062  S_E=0.329 S_U=0.067
step  2600  loss=4.1302  grad=3.828  S_E=0.329 S_U=0.067
step  2650  loss=3.9977  grad=3.547  S_E=0.329 S_U=0.067
step  2700  loss=4.1179  grad=4.031  S_E=0.329 S_U=0.067
step  2750  loss=4.3927  grad=3.688  S_E=0.329 S_U=0.067
step  2800  loss=4.0230  grad=4.688  S_E=0.329 S_U=0.067
step  2850  loss=4.6266  grad=5.031  S_E=0.329 S_U=0.067
step  2900  loss=4.1755  grad=4.125  S_E=0.329 S_U=0.067
step  2950  loss=4.2529  grad=3.750  S_E=0.329 S_U=0.067
step  3000  loss=4.5849  grad=3.703  S_E=0.329 S_U=0.067

  step  3000  val_ppl=19.44  dom=S_D
          val_ppl=19.44
step  3050  loss=4.3742  grad=4.312  S_E=0.363 S_U=0.056
step  3100  loss=4.4263  grad=3.953  S_E=0.363 S_U=0.056
step  3150  loss=3.8089  grad=3.672  S_E=0.363 S_U=0.056
step  3200  loss=4.2540  grad=4.344  S_E=0.363 S_U=0.056
step  3250  loss=3.9563  grad=4.188  S_E=0.363 S_U=0.056
step  3300  loss=3.6896  grad=4.625  S_E=0.363 S_U=0.056
step  3350  loss=4.0907  grad=4.156  S_E=0.363 S_U=0.056
step  3400  loss=4.8071  grad=4.312  S_E=0.363 S_U=0.056
step  3450  loss=4.2573  grad=3.766  S_E=0.363 S_U=0.056
step  3500  loss=4.2887  grad=3.562  S_E=0.363 S_U=0.056

  step  3500  val_ppl=19.31  dom=S_D
          val_ppl=19.31
step  3550  loss=3.8115  grad=3.203  S_E=0.356 S_U=0.053
step  3600  loss=4.8018  grad=4.094  S_E=0.356 S_U=0.053
step  3650  loss=4.4980  grad=3.969  S_E=0.356 S_U=0.053
step  3700  loss=3.9912  grad=3.625  S_E=0.356 S_U=0.053
step  3750  loss=4.0824  grad=3.703  S_E=0.356 S_U=0.053
step  3800  loss=3.6408  grad=3.344  S_E=0.356 S_U=0.053
step  3850  loss=3.6519  grad=4.812  S_E=0.356 S_U=0.053
step  3900  loss=3.5479  grad=4.000  S_E=0.356 S_U=0.053
step  3950  loss=4.1460  grad=4.031  S_E=0.356 S_U=0.053
step  4000  loss=4.4010  grad=3.875  S_E=0.356 S_U=0.053

  step  4000  val_ppl=19.30  dom=S_D
          val_ppl=19.30
step  4050  loss=4.4795  grad=4.281  S_E=0.357 S_U=0.054
step  4100  loss=4.1527  grad=4.312  S_E=0.357 S_U=0.054
step  4150  loss=3.7712  grad=4.125  S_E=0.357 S_U=0.054
step  4200  loss=4.0485  grad=4.344  S_E=0.357 S_U=0.054
step  4250  loss=3.9526  grad=3.641  S_E=0.357 S_U=0.054
step  4300  loss=3.6870  grad=4.562  S_E=0.357 S_U=0.054
step  4350  loss=4.0608  grad=3.969  S_E=0.357 S_U=0.054
step  4400  loss=3.5341  grad=3.984  S_E=0.357 S_U=0.054
step  4450  loss=3.7318  grad=4.688  S_E=0.357 S_U=0.054
step  4500  loss=4.1643  grad=4.375  S_E=0.357 S_U=0.054

  step  4500  val_ppl=19.06  dom=S_D
          val_ppl=19.06
step  4550  loss=3.6279  grad=5.094  S_E=0.371 S_U=0.055
step  4600  loss=4.5023  grad=5.031  S_E=0.371 S_U=0.055
step  4650  loss=4.4893  grad=4.875  S_E=0.371 S_U=0.055
step  4700  loss=3.9612  grad=4.469  S_E=0.371 S_U=0.055
step  4750  loss=4.5205  grad=4.125  S_E=0.371 S_U=0.055
step  4800  loss=3.7522  grad=4.250  S_E=0.371 S_U=0.055
step  4850  loss=5.2553  grad=4.625  S_E=0.371 S_U=0.055
step  4900  loss=4.4499  grad=4.125  S_E=0.371 S_U=0.055
step  4950  loss=3.7091  grad=4.594  S_E=0.371 S_U=0.055
step  5000  loss=4.3752  grad=4.375  S_E=0.371 S_U=0.055

  step  5000  val_ppl=18.98  dom=S_D
          val_ppl=18.98
step  5050  loss=4.0147  grad=4.531  S_E=0.375 S_U=0.055
step  5100  loss=3.2181  grad=4.719  S_E=0.375 S_U=0.055
step  5150  loss=4.2231  grad=4.375  S_E=0.375 S_U=0.055
step  5200  loss=4.0071  grad=4.750  S_E=0.375 S_U=0.055
step  5250  loss=4.2617  grad=4.469  S_E=0.375 S_U=0.055
step  5300  loss=4.0211  grad=4.156  S_E=0.375 S_U=0.055
step  5350  loss=3.8148  grad=5.094  S_E=0.375 S_U=0.055
step  5400  loss=4.5655  grad=3.719  S_E=0.375 S_U=0.055
step  5450  loss=4.0576  grad=4.281  S_E=0.375 S_U=0.055
step  5500  loss=3.8203  grad=4.406  S_E=0.375 S_U=0.055

  step  5500  val_ppl=18.93  dom=S_D
          val_ppl=18.93
step  5550  loss=4.1884  grad=4.500  S_E=0.374 S_U=0.056
step  5600  loss=4.0093  grad=4.656  S_E=0.374 S_U=0.056
step  5650  loss=4.3193  grad=4.500  S_E=0.374 S_U=0.056
step  5700  loss=3.3854  grad=5.094  S_E=0.374 S_U=0.056
step  5750  loss=4.3386  grad=4.344  S_E=0.374 S_U=0.056
step  5800  loss=4.1747  grad=5.688  S_E=0.374 S_U=0.056
step  5850  loss=3.8480  grad=4.938  S_E=0.374 S_U=0.056
step  5900  loss=4.2135  grad=3.812  S_E=0.374 S_U=0.056
step  5950  loss=4.1800  grad=5.062  S_E=0.374 S_U=0.056
step  6000  loss=4.3446  grad=4.281  S_E=0.250 S_U=0.250

  step  6000  val_ppl=18.79  dom=S_E
          val_ppl=18.79
step  6050  loss=4.1212  grad=4.688  S_E=0.354 S_U=0.181
step  6100  loss=4.3959  grad=2.609  S_E=0.354 S_U=0.181
step  6150  loss=4.3504  grad=3.859  S_E=0.354 S_U=0.181
step  6200  loss=4.4034  grad=3.547  S_E=0.354 S_U=0.181
step  6250  loss=4.2890  grad=4.219  S_E=0.354 S_U=0.181
step  6300  loss=4.0709  grad=2.516  S_E=0.354 S_U=0.181
step  6350  loss=4.0315  grad=4.562  S_E=0.354 S_U=0.181
step  6400  loss=3.8134  grad=5.156  S_E=0.354 S_U=0.181
step  6450  loss=4.0536  grad=3.578  S_E=0.354 S_U=0.181
step  6500  loss=4.2236  grad=4.125  S_E=0.354 S_U=0.181

  step  6500  val_ppl=18.79  dom=S_D
          val_ppl=18.79
step  6550  loss=4.4137  grad=3.781  S_E=0.351 S_U=0.183
step  6600  loss=4.6849  grad=4.188  S_E=0.351 S_U=0.183
step  6650  loss=3.8607  grad=4.625  S_E=0.351 S_U=0.183
step  6700  loss=4.2237  grad=4.719  S_E=0.351 S_U=0.183
step  6750  loss=4.0687  grad=4.156  S_E=0.351 S_U=0.183
step  6800  loss=4.0228  grad=3.953  S_E=0.351 S_U=0.183
step  6850  loss=3.8775  grad=3.828  S_E=0.351 S_U=0.183
step  6900  loss=3.7428  grad=4.719  S_E=0.351 S_U=0.183
step  6950  loss=4.5333  grad=2.734  S_E=0.351 S_U=0.183
step  7000  loss=4.0721  grad=3.094  S_E=0.351 S_U=0.183

  step  7000  val_ppl=18.78  dom=S_D
          val_ppl=18.78
step  7050  loss=3.4180  grad=4.594  S_E=0.351 S_U=0.186
step  7100  loss=4.3115  grad=4.500  S_E=0.351 S_U=0.186
step  7150  loss=3.5712  grad=4.188  S_E=0.351 S_U=0.186
step  7200  loss=4.0772  grad=5.156  S_E=0.351 S_U=0.186
step  7250  loss=3.7082  grad=4.812  S_E=0.351 S_U=0.186
step  7300  loss=4.2548  grad=4.281  S_E=0.351 S_U=0.186
step  7350  loss=3.9227  grad=3.359  S_E=0.351 S_U=0.186
step  7400  loss=3.7842  grad=4.094  S_E=0.351 S_U=0.186
step  7450  loss=4.5452  grad=4.000  S_E=0.351 S_U=0.186
step  7500  loss=3.8783  grad=3.094  S_E=0.351 S_U=0.186

  step  7500  val_ppl=18.63  dom=S_D
          val_ppl=18.63
step  7550  loss=3.6709  grad=3.203  S_E=0.306 S_U=0.263
step  7600  loss=3.9846  grad=4.375  S_E=0.306 S_U=0.263
step  7650  loss=3.7776  grad=3.141  S_E=0.306 S_U=0.263
step  7700  loss=4.3305  grad=4.000  S_E=0.306 S_U=0.263
step  7750  loss=4.3283  grad=4.438  S_E=0.306 S_U=0.263
step  7800  loss=3.5662  grad=3.203  S_E=0.306 S_U=0.263
step  7850  loss=3.6024  grad=4.594  S_E=0.306 S_U=0.263
step  7900  loss=4.6540  grad=4.531  S_E=0.306 S_U=0.263
step  7950  loss=4.5740  grad=4.031  S_E=0.306 S_U=0.263
step  8000  loss=4.2754  grad=4.656  S_E=0.306 S_U=0.263

  step  8000  val_ppl=18.63  dom=S_D
          val_ppl=18.63
step  8050  loss=3.5644  grad=3.828  S_E=0.306 S_U=0.263
step  8100  loss=3.7549  grad=3.375  S_E=0.306 S_U=0.263
step  8150  loss=4.1906  grad=3.750  S_E=0.306 S_U=0.263
step  8200  loss=4.4024  grad=3.672  S_E=0.306 S_U=0.263
step  8250  loss=3.4755  grad=3.922  S_E=0.306 S_U=0.263
step  8300  loss=4.3858  grad=3.625  S_E=0.306 S_U=0.263
step  8350  loss=4.0461  grad=3.969  S_E=0.306 S_U=0.263
step  8400  loss=4.0768  grad=3.391  S_E=0.306 S_U=0.263
step  8450  loss=3.8051  grad=2.891  S_E=0.306 S_U=0.263
step  8500  loss=4.5229  grad=3.703  S_E=0.306 S_U=0.263

  step  8500  val_ppl=18.64  dom=S_D
          val_ppl=18.64
step  8550  loss=4.4998  grad=3.984  S_E=0.305 S_U=0.263
step  8600  loss=4.2522  grad=3.625  S_E=0.305 S_U=0.263
step  8650  loss=4.5106  grad=3.781  S_E=0.305 S_U=0.263
step  8700  loss=3.5702  grad=3.891  S_E=0.305 S_U=0.263
step  8750  loss=3.9174  grad=3.641  S_E=0.305 S_U=0.263
step  8800  loss=4.1928  grad=3.250  S_E=0.305 S_U=0.263
step  8850  loss=3.8153  grad=3.297  S_E=0.305 S_U=0.263
step  8900  loss=4.2061  grad=3.812  S_E=0.305 S_U=0.263
step  8950  loss=4.4166  grad=3.938  S_E=0.305 S_U=0.263
step  9000  loss=3.9024  grad=3.891  S_E=0.305 S_U=0.263

  step  9000  val_ppl=18.50  dom=S_D
          val_ppl=18.50
step  9050  loss=3.8007  grad=4.812  S_E=0.329 S_U=0.262
step  9100  loss=4.1626  grad=3.344  S_E=0.329 S_U=0.262
step  9150  loss=3.7386  grad=4.094  S_E=0.329 S_U=0.262
step  9200  loss=3.7530  grad=4.656  S_E=0.329 S_U=0.262
step  9250  loss=4.1676  grad=3.547  S_E=0.329 S_U=0.262
step  9300  loss=4.4390  grad=4.344  S_E=0.329 S_U=0.262
step  9350  loss=4.4792  grad=3.312  S_E=0.329 S_U=0.262
step  9400  loss=4.3670  grad=3.000  S_E=0.329 S_U=0.262
step  9450  loss=3.7885  grad=4.469  S_E=0.329 S_U=0.262
step  9500  loss=4.5593  grad=3.203  S_E=0.329 S_U=0.262

  step  9500  val_ppl=18.55  dom=S_D
          val_ppl=18.55
step  9550  loss=4.1091  grad=2.672  S_E=0.328 S_U=0.262
step  9600  loss=4.8820  grad=4.906  S_E=0.328 S_U=0.262
step  9650  loss=4.2248  grad=3.953  S_E=0.328 S_U=0.262
step  9700  loss=3.9468  grad=3.031  S_E=0.328 S_U=0.262
step  9750  loss=3.8118  grad=4.156  S_E=0.328 S_U=0.262
step  9800  loss=4.1959  grad=3.094  S_E=0.328 S_U=0.262
step  9850  loss=4.2457  grad=3.844  S_E=0.328 S_U=0.262
step  9900  loss=4.3036  grad=3.219  S_E=0.328 S_U=0.262
step  9950  loss=4.3059  grad=3.672  S_E=0.328 S_U=0.262
step 10000  loss=3.8979  grad=3.375  S_E=0.328 S_U=0.262

  step 10000  val_ppl=18.46  dom=S_D
          val_ppl=18.46
step 10050  loss=3.9194  grad=4.031  S_E=0.331 S_U=0.266
step 10100  loss=3.7368  grad=4.125  S_E=0.331 S_U=0.266
step 10150  loss=4.2394  grad=3.453  S_E=0.331 S_U=0.266
step 10200  loss=4.0722  grad=4.531  S_E=0.331 S_U=0.266
step 10250  loss=4.6398  grad=2.922  S_E=0.331 S_U=0.266
step 10300  loss=4.6455  grad=3.938  S_E=0.331 S_U=0.266
step 10350  loss=3.9504  grad=3.625  S_E=0.331 S_U=0.266
step 10400  loss=4.1470  grad=3.516  S_E=0.331 S_U=0.266
step 10450  loss=3.9105  grad=2.938  S_E=0.331 S_U=0.266
step 10500  loss=4.4527  grad=2.984  S_E=0.331 S_U=0.266

  step 10500  val_ppl=18.44  dom=S_D
          val_ppl=18.44
step 10550  loss=4.2056  grad=3.203  S_E=0.327 S_U=0.275
step 10600  loss=4.0195  grad=3.625  S_E=0.327 S_U=0.275
step 10650  loss=4.1886  grad=3.281  S_E=0.327 S_U=0.275
step 10700  loss=4.4243  grad=5.188  S_E=0.327 S_U=0.275
step 10750  loss=3.4986  grad=3.375  S_E=0.327 S_U=0.275
step 10800  loss=4.4237  grad=3.906  S_E=0.327 S_U=0.275
step 10850  loss=3.8844  grad=4.250  S_E=0.327 S_U=0.275
step 10900  loss=4.1620  grad=3.406  S_E=0.327 S_U=0.275
step 10950  loss=4.3085  grad=3.703  S_E=0.327 S_U=0.275
step 11000  loss=4.3045  grad=4.656  S_E=0.327 S_U=0.275

  step 11000  val_ppl=18.39  dom=S_D
          val_ppl=18.39
step 11050  loss=3.8429  grad=4.875  S_E=0.332 S_U=0.262
step 11100  loss=4.0954  grad=3.016  S_E=0.332 S_U=0.262
step 11150  loss=3.8411  grad=3.188  S_E=0.332 S_U=0.262
step 11200  loss=3.9745  grad=3.938  S_E=0.332 S_U=0.262
step 11250  loss=3.7409  grad=5.625  S_E=0.332 S_U=0.262
step 11300  loss=4.2533  grad=5.094  S_E=0.332 S_U=0.262
step 11350  loss=3.8544  grad=4.625  S_E=0.332 S_U=0.262
step 11400  loss=3.6049  grad=3.734  S_E=0.332 S_U=0.262
step 11450  loss=3.9685  grad=3.781  S_E=0.332 S_U=0.262
step 11500  loss=4.2619  grad=4.562  S_E=0.332 S_U=0.262

  step 11500  val_ppl=18.36  dom=S_D
          val_ppl=18.36
step 11550  loss=4.0111  grad=4.375  S_E=0.335 S_U=0.261
step 11600  loss=4.4180  grad=3.938  S_E=0.335 S_U=0.261
step 11650  loss=3.9552  grad=3.812  S_E=0.335 S_U=0.261
step 11700  loss=3.5511  grad=3.281  S_E=0.335 S_U=0.261
step 11750  loss=3.6792  grad=5.000  S_E=0.335 S_U=0.261
step 11800  loss=3.4325  grad=3.281  S_E=0.335 S_U=0.261
step 11850  loss=3.8003  grad=3.375  S_E=0.335 S_U=0.261
step 11900  loss=3.7618  grad=3.641  S_E=0.335 S_U=0.261
step 11950  loss=4.5152  grad=4.688  S_E=0.335 S_U=0.261
step 12000  loss=4.7843  grad=3.828  S_E=0.335 S_U=0.261

  step 12000  val_ppl=18.34  dom=S_D
          val_ppl=18.34
step 12050  loss=3.5462  grad=3.641  S_E=0.340 S_U=0.260
step 12100  loss=3.3277  grad=4.062  S_E=0.340 S_U=0.260
step 12150  loss=3.8835  grad=4.250  S_E=0.340 S_U=0.260
step 12200  loss=4.0609  grad=3.891  S_E=0.340 S_U=0.260
step 12250  loss=4.1764  grad=4.031  S_E=0.340 S_U=0.260
step 12300  loss=3.8606  grad=4.656  S_E=0.340 S_U=0.260
step 12350  loss=3.6264  grad=3.562  S_E=0.340 S_U=0.260
step 12400  loss=4.3388  grad=4.031  S_E=0.340 S_U=0.260
step 12450  loss=3.9062  grad=4.781  S_E=0.340 S_U=0.260
step 12500  loss=3.6030  grad=3.281  S_E=0.340 S_U=0.260

  step 12500  val_ppl=18.36  dom=S_D
          val_ppl=18.36
step 12550  loss=3.6291  grad=4.250  S_E=0.339 S_U=0.260
step 12600  loss=4.0281  grad=3.922  S_E=0.339 S_U=0.260
step 12650  loss=4.6836  grad=4.656  S_E=0.339 S_U=0.260
step 12700  loss=3.8298  grad=3.844  S_E=0.339 S_U=0.260
step 12750  loss=4.1366  grad=4.344  S_E=0.339 S_U=0.260
step 12800  loss=3.6669  grad=2.859  S_E=0.339 S_U=0.260
step 12850  loss=4.2214  grad=5.406  S_E=0.339 S_U=0.260
step 12900  loss=4.0460  grad=4.188  S_E=0.339 S_U=0.260
step 12950  loss=3.8767  grad=3.781  S_E=0.339 S_U=0.260
step 13000  loss=3.4953  grad=4.062  S_E=0.339 S_U=0.260

  step 13000  val_ppl=18.26  dom=S_D
          val_ppl=18.26
step 13050  loss=4.2548  grad=3.359  S_E=0.333 S_U=0.255
step 13100  loss=3.6526  grad=4.406  S_E=0.333 S_U=0.255
step 13150  loss=3.7154  grad=3.219  S_E=0.333 S_U=0.255
step 13200  loss=4.2590  grad=4.031  S_E=0.333 S_U=0.255
step 13250  loss=4.6663  grad=4.594  S_E=0.333 S_U=0.255
step 13300  loss=3.8060  grad=4.094  S_E=0.333 S_U=0.255
step 13350  loss=4.2507  grad=3.953  S_E=0.333 S_U=0.255
step 13400  loss=4.1289  grad=3.734  S_E=0.333 S_U=0.255
step 13450  loss=3.3912  grad=3.375  S_E=0.333 S_U=0.255
step 13500  loss=4.1998  grad=3.500  S_E=0.333 S_U=0.255

  step 13500  val_ppl=18.27  dom=S_D
          val_ppl=18.27
step 13550  loss=4.1770  grad=4.344  S_E=0.332 S_U=0.255
step 13600  loss=4.0967  grad=3.703  S_E=0.332 S_U=0.255
step 13650  loss=3.9855  grad=4.812  S_E=0.332 S_U=0.255
step 13700  loss=3.4705  grad=4.469  S_E=0.332 S_U=0.255
step 13750  loss=3.4440  grad=3.141  S_E=0.332 S_U=0.255
step 13800  loss=3.9364  grad=3.391  S_E=0.332 S_U=0.255
step 13850  loss=3.3321  grad=3.547  S_E=0.332 S_U=0.255
step 13900  loss=4.2716  grad=3.297  S_E=0.332 S_U=0.255
step 13950  loss=4.3617  grad=4.875  S_E=0.332 S_U=0.255
step 14000  loss=4.3914  grad=3.016  S_E=0.250 S_U=0.250

  step 14000  val_ppl=18.23  dom=S_E
          val_ppl=18.23
step 14050  loss=4.4898  grad=3.516  S_E=0.225 S_U=0.140
step 14100  loss=4.0929  grad=5.094  S_E=0.225 S_U=0.140
step 14150  loss=4.0898  grad=3.531  S_E=0.225 S_U=0.140
step 14200  loss=4.1916  grad=4.281  S_E=0.225 S_U=0.140
step 14250  loss=3.7565  grad=3.844  S_E=0.225 S_U=0.140
step 14300  loss=3.8750  grad=3.312  S_E=0.225 S_U=0.140
step 14350  loss=4.1909  grad=3.078  S_E=0.225 S_U=0.140
step 14400  loss=3.4549  grad=2.875  S_E=0.225 S_U=0.140
step 14450  loss=3.4265  grad=4.344  S_E=0.225 S_U=0.140
step 14500  loss=4.1024  grad=2.984  S_E=0.225 S_U=0.140

  step 14500  val_ppl=18.21  dom=S_L
          val_ppl=18.21
step 14550  loss=3.7791  grad=4.000  S_E=0.281 S_U=0.147
step 14600  loss=3.7746  grad=2.734  S_E=0.281 S_U=0.147
step 14650  loss=3.6901  grad=3.094  S_E=0.281 S_U=0.147
step 14700  loss=4.1096  grad=4.906  S_E=0.281 S_U=0.147
step 14750  loss=3.4987  grad=5.469  S_E=0.281 S_U=0.147
step 14800  loss=4.5139  grad=3.047  S_E=0.281 S_U=0.147
step 14850  loss=4.0220  grad=3.188  S_E=0.281 S_U=0.147
step 14900  loss=4.2135  grad=4.812  S_E=0.281 S_U=0.147
step 14950  loss=3.7084  grad=3.141  S_E=0.281 S_U=0.147
step 15000  loss=4.0406  grad=3.078  S_E=0.281 S_U=0.147

  step 15000  val_ppl=18.15  dom=S_L
          val_ppl=18.15
step 15050  loss=4.1782  grad=2.578  S_E=0.347 S_U=0.161
step 15100  loss=3.8074  grad=3.891  S_E=0.347 S_U=0.161
step 15150  loss=3.9536  grad=4.688  S_E=0.347 S_U=0.161
step 15200  loss=4.4061  grad=2.781  S_E=0.347 S_U=0.161
step 15250  loss=4.0316  grad=4.188  S_E=0.347 S_U=0.161
step 15300  loss=4.2528  grad=2.953  S_E=0.347 S_U=0.161
step 15350  loss=3.3387  grad=3.031  S_E=0.347 S_U=0.161
step 15400  loss=3.9672  grad=4.781  S_E=0.347 S_U=0.161
step 15450  loss=4.3252  grad=4.375  S_E=0.347 S_U=0.161
step 15500  loss=3.6466  grad=3.219  S_E=0.347 S_U=0.161

  step 15500  val_ppl=18.16  dom=S_E
          val_ppl=18.16
step 15550  loss=4.0625  grad=3.609  S_E=0.344 S_U=0.164
step 15600  loss=3.6954  grad=5.250  S_E=0.344 S_U=0.164
step 15650  loss=4.0635  grad=3.672  S_E=0.344 S_U=0.164
step 15700  loss=4.2835  grad=4.125  S_E=0.344 S_U=0.164
step 15750  loss=4.0985  grad=3.500  S_E=0.344 S_U=0.164
step 15800  loss=3.6688  grad=2.953  S_E=0.344 S_U=0.164
step 15850  loss=4.3182  grad=3.297  S_E=0.344 S_U=0.164
step 15900  loss=3.8562  grad=3.312  S_E=0.344 S_U=0.164
step 15950  loss=3.8648  grad=3.844  S_E=0.344 S_U=0.164
step 16000  loss=3.6478  grad=3.156  S_E=0.344 S_U=0.164

  step 16000  val_ppl=18.19  dom=S_E
          val_ppl=18.19
step 16050  loss=3.9406  grad=3.672  S_E=0.341 S_U=0.167
step 16100  loss=3.7993  grad=4.438  S_E=0.341 S_U=0.167
step 16150  loss=4.3809  grad=3.234  S_E=0.341 S_U=0.167
step 16200  loss=3.6004  grad=3.531  S_E=0.341 S_U=0.167
step 16250  loss=3.5444  grad=2.953  S_E=0.341 S_U=0.167
step 16300  loss=4.5510  grad=3.312  S_E=0.341 S_U=0.167
step 16350  loss=3.5285  grad=3.391  S_E=0.341 S_U=0.167
step 16400  loss=3.8458  grad=2.844  S_E=0.341 S_U=0.167
step 16450  loss=3.8075  grad=3.328  S_E=0.341 S_U=0.167
step 16500  loss=3.8043  grad=4.219  S_E=0.341 S_U=0.167

  step 16500  val_ppl=18.18  dom=S_E
          val_ppl=18.18
step 16550  loss=3.5661  grad=4.625  S_E=0.326 S_U=0.170
step 16600  loss=4.0345  grad=4.750  S_E=0.326 S_U=0.170
step 16650  loss=3.7358  grad=4.531  S_E=0.326 S_U=0.170
step 16700  loss=4.7295  grad=3.891  S_E=0.326 S_U=0.170
step 16750  loss=4.3143  grad=4.031  S_E=0.326 S_U=0.170
step 16800  loss=3.9662  grad=4.656  S_E=0.326 S_U=0.170
step 16850  loss=4.3204  grad=3.094  S_E=0.326 S_U=0.170
step 16900  loss=4.0008  grad=2.734  S_E=0.326 S_U=0.170
step 16950  loss=3.9295  grad=4.875  S_E=0.326 S_U=0.170
step 17000  loss=3.9099  grad=3.109  S_E=0.326 S_U=0.170

  step 17000  val_ppl=18.10  dom=S_E
          val_ppl=18.10
step 17050  loss=3.8909  grad=4.406  S_E=0.341 S_U=0.144
step 17100  loss=3.4179  grad=3.422  S_E=0.341 S_U=0.144
step 17150  loss=3.6279  grad=4.062  S_E=0.341 S_U=0.144
step 17200  loss=3.5246  grad=3.391  S_E=0.341 S_U=0.144
step 17250  loss=3.5714  grad=3.281  S_E=0.341 S_U=0.144
step 17300  loss=3.9944  grad=3.125  S_E=0.341 S_U=0.144
step 17350  loss=4.3139  grad=3.625  S_E=0.341 S_U=0.144
step 17400  loss=3.8350  grad=2.406  S_E=0.341 S_U=0.144
step 17450  loss=3.8913  grad=3.562  S_E=0.341 S_U=0.144
step 17500  loss=3.4185  grad=2.766  S_E=0.341 S_U=0.144

  step 17500  val_ppl=18.12  dom=S_L
          val_ppl=18.12
step 17550  loss=3.9470  grad=3.266  S_E=0.339 S_U=0.147
step 17600  loss=3.7549  grad=3.750  S_E=0.339 S_U=0.147
step 17650  loss=3.7288  grad=4.375  S_E=0.339 S_U=0.147
step 17700  loss=4.2723  grad=2.766  S_E=0.339 S_U=0.147
step 17750  loss=4.1924  grad=4.500  S_E=0.339 S_U=0.147
step 17800  loss=4.0312  grad=3.906  S_E=0.339 S_U=0.147
step 17850  loss=3.8625  grad=3.203  S_E=0.339 S_U=0.147
step 17900  loss=3.9741  grad=4.969  S_E=0.339 S_U=0.147
step 17950  loss=3.8720  grad=3.406  S_E=0.339 S_U=0.147
step 18000  loss=4.4043  grad=4.219  S_E=0.339 S_U=0.147

  step 18000  val_ppl=18.11  dom=S_L
          val_ppl=18.11
step 18050  loss=4.5517  grad=3.500  S_E=0.339 S_U=0.143
step 18100  loss=3.3045  grad=3.406  S_E=0.339 S_U=0.143
step 18150  loss=3.9485  grad=3.484  S_E=0.339 S_U=0.143
step 18200  loss=4.6729  grad=4.312  S_E=0.339 S_U=0.143
step 18250  loss=3.6110  grad=3.766  S_E=0.339 S_U=0.143
step 18300  loss=3.8380  grad=4.656  S_E=0.339 S_U=0.143
step 18350  loss=4.7240  grad=4.906  S_E=0.339 S_U=0.143
step 18400  loss=3.7191  grad=2.859  S_E=0.339 S_U=0.143
step 18450  loss=4.5694  grad=3.141  S_E=0.339 S_U=0.143
step 18500  loss=4.0726  grad=3.266  S_E=0.339 S_U=0.143

  step 18500  val_ppl=18.06  dom=S_L
          val_ppl=18.06
step 18550  loss=4.3468  grad=3.672  S_E=0.349 S_U=0.162
step 18600  loss=4.8655  grad=3.109  S_E=0.349 S_U=0.162
step 18650  loss=4.7372  grad=3.766  S_E=0.349 S_U=0.162
step 18700  loss=4.7764  grad=3.734  S_E=0.349 S_U=0.162
step 18750  loss=4.5247  grad=3.516  S_E=0.349 S_U=0.162
step 18800  loss=3.8430  grad=3.359  S_E=0.349 S_U=0.162
step 18850  loss=3.8900  grad=3.156  S_E=0.349 S_U=0.162
step 18900  loss=4.4294  grad=3.094  S_E=0.349 S_U=0.162
step 18950  loss=3.9983  grad=2.906  S_E=0.349 S_U=0.162
step 19000  loss=4.2412  grad=3.188  S_E=0.349 S_U=0.162

  step 19000  val_ppl=18.06  dom=S_E
          val_ppl=18.06
step 19050  loss=3.9598  grad=5.031  S_E=0.348 S_U=0.165
step 19100  loss=4.2320  grad=3.328  S_E=0.348 S_U=0.165
step 19150  loss=4.1113  grad=3.625  S_E=0.348 S_U=0.165
step 19200  loss=3.6448  grad=3.406  S_E=0.348 S_U=0.165
step 19250  loss=4.2209  grad=2.859  S_E=0.348 S_U=0.165
step 19300  loss=4.3115  grad=3.453  S_E=0.348 S_U=0.165
step 19350  loss=3.9718  grad=3.375  S_E=0.348 S_U=0.165
step 19400  loss=3.6391  grad=5.250  S_E=0.348 S_U=0.165
step 19450  loss=4.0633  grad=3.469  S_E=0.348 S_U=0.165
step 19500  loss=4.6329  grad=3.672  S_E=0.348 S_U=0.165

  step 19500  val_ppl=18.03  dom=S_E
          val_ppl=18.03
step 19550  loss=4.2970  grad=3.500  S_E=0.363 S_U=0.158
step 19600  loss=3.4498  grad=3.219  S_E=0.363 S_U=0.158
step 19650  loss=5.0718  grad=4.219  S_E=0.363 S_U=0.158
step 19700  loss=4.0549  grad=2.906  S_E=0.363 S_U=0.158
step 19750  loss=3.8833  grad=4.781  S_E=0.363 S_U=0.158
step 19800  loss=3.9964  grad=3.031  S_E=0.363 S_U=0.158
step 19850  loss=3.7775  grad=4.500  S_E=0.363 S_U=0.158
step 19900  loss=4.5190  grad=3.281  S_E=0.363 S_U=0.158
step 19950  loss=3.7485  grad=3.312  S_E=0.363 S_U=0.158
  [final] val_ppl=18.06
          val_ppl=18.06

── Timing breakdown ─────────────────────────────────
  component    ms/step   % total   calls
  ────────── ─────────  ────────  ──────
  data           32.94     46.3%   20000
  bandit          0.00      0.0%   20000
  fwd             6.89      9.7%   20400
  score           0.29      0.4%     400
  bwd            31.02     43.6%   20000
  ────────── ─────────  ────────  ──────
  TOTAL          71.14    100.0%

  Rescore steps:          400/20000 (2.0% of steps)
  Cost per rescore:       14.37 ms
  Amortised scorer:       0.287 ms/step (0.40% of total)
  Paper claims ~1%:       ✓ within paper claim
────────────────────────────────────────────────────

Final val PPL (sieve): 18.06
Final bandit weights: S_E=0.363  S_U=0.158  S_L=0.331  S_D=0.148
✓ Bandit differentiated (max=0.363)
Scorer overhead: 0.40% of total wall time
✓ Within paper's ~1% claim
