backend=cuda  dtype=torch.bfloat16  seed=46
[data] train: 950.0M tokens
[data] val: 50.0M tokens
[liger] Not enabled: cannot import name 'apply_liger_kernel_to_gpt2' from 'liger_kernel.transformers' (/lustre/fsn1/projects/rech/sum/ufj45ra/venvs/sieve/lib/python3.12/site-packages/liger_kernel/transformers/__init__.py)
step     0  loss=4.3883  grad=8.312  S_E=0.250 S_U=0.250
step    50  loss=4.2328  grad=7.031  S_E=0.250 S_U=0.250
step   100  loss=3.6097  grad=3.734  S_E=0.250 S_U=0.250
step   150  loss=4.5109  grad=4.250  S_E=0.250 S_U=0.250
step   200  loss=3.6669  grad=4.438  S_E=0.250 S_U=0.250
step   250  loss=4.1886  grad=4.688  S_E=0.250 S_U=0.250
step   300  loss=4.5139  grad=5.125  S_E=0.250 S_U=0.250
step   350  loss=4.3717  grad=3.953  S_E=0.250 S_U=0.250
step   400  loss=4.4520  grad=4.688  S_E=0.250 S_U=0.250
step   450  loss=4.4539  grad=3.578  S_E=0.250 S_U=0.250
step   500  loss=4.0274  grad=2.891  S_E=0.250 S_U=0.250

  step   500  val_ppl=21.06  dom=S_E
          val_ppl=21.06
step   550  loss=4.6811  grad=2.641  S_E=0.250 S_U=0.250
step   600  loss=3.9933  grad=3.172  S_E=0.250 S_U=0.250
step   650  loss=3.8760  grad=2.375  S_E=0.250 S_U=0.250
step   700  loss=3.4377  grad=2.516  S_E=0.250 S_U=0.250
step   750  loss=4.1706  grad=2.719  S_E=0.250 S_U=0.250
step   800  loss=4.5959  grad=2.906  S_E=0.250 S_U=0.250
step   850  loss=3.6326  grad=2.359  S_E=0.250 S_U=0.250
step   900  loss=3.7217  grad=2.234  S_E=0.250 S_U=0.250
step   950  loss=4.2294  grad=3.797  S_E=0.250 S_U=0.250
step  1000  loss=3.6196  grad=4.031  S_E=0.250 S_U=0.250

  step  1000  val_ppl=20.67  dom=S_E
          val_ppl=20.67
step  1050  loss=3.7399  grad=3.719  S_E=0.082 S_U=0.051
step  1100  loss=4.3076  grad=4.375  S_E=0.082 S_U=0.051
step  1150  loss=4.1199  grad=3.797  S_E=0.082 S_U=0.051
step  1200  loss=4.3248  grad=3.531  S_E=0.082 S_U=0.051
step  1250  loss=4.2518  grad=2.375  S_E=0.082 S_U=0.051
step  1300  loss=4.0294  grad=3.609  S_E=0.082 S_U=0.051
step  1350  loss=3.8884  grad=3.703  S_E=0.082 S_U=0.051
step  1400  loss=3.6181  grad=4.250  S_E=0.082 S_U=0.051
step  1450  loss=4.0963  grad=3.375  S_E=0.082 S_U=0.051
step  1500  loss=4.3080  grad=4.031  S_E=0.082 S_U=0.051

  step  1500  val_ppl=20.21  dom=S_L
          val_ppl=20.21
step  1550  loss=3.8314  grad=2.688  S_E=0.085 S_U=0.054
step  1600  loss=4.1448  grad=3.828  S_E=0.085 S_U=0.054
step  1650  loss=4.2956  grad=3.750  S_E=0.085 S_U=0.054
step  1700  loss=4.6878  grad=3.562  S_E=0.085 S_U=0.054
step  1750  loss=4.1585  grad=3.625  S_E=0.085 S_U=0.054
step  1800  loss=4.1056  grad=3.234  S_E=0.085 S_U=0.054
step  1850  loss=4.1252  grad=4.531  S_E=0.085 S_U=0.054
step  1900  loss=4.1706  grad=4.031  S_E=0.085 S_U=0.054
step  1950  loss=4.3398  grad=3.953  S_E=0.085 S_U=0.054
step  2000  loss=4.1113  grad=2.453  S_E=0.250 S_U=0.250

  step  2000  val_ppl=20.04  dom=S_E
          val_ppl=20.04
step  2050  loss=3.6201  grad=2.188  S_E=0.383 S_U=0.349
step  2100  loss=3.7500  grad=2.594  S_E=0.383 S_U=0.349
step  2150  loss=4.5824  grad=2.391  S_E=0.383 S_U=0.349
step  2200  loss=4.2311  grad=2.406  S_E=0.383 S_U=0.349
step  2250  loss=4.0853  grad=2.672  S_E=0.383 S_U=0.349
step  2300  loss=3.9684  grad=2.625  S_E=0.383 S_U=0.349
step  2350  loss=3.8528  grad=2.328  S_E=0.383 S_U=0.349
step  2400  loss=4.3015  grad=2.531  S_E=0.383 S_U=0.349
step  2450  loss=4.1011  grad=2.297  S_E=0.383 S_U=0.349
step  2500  loss=4.0434  grad=2.266  S_E=0.383 S_U=0.349

  step  2500  val_ppl=19.64  dom=S_E
          val_ppl=19.64
step  2550  loss=3.8691  grad=2.297  S_E=0.402 S_U=0.370
step  2600  loss=4.0103  grad=2.219  S_E=0.402 S_U=0.370
step  2650  loss=3.9785  grad=2.500  S_E=0.402 S_U=0.370
step  2700  loss=4.5506  grad=2.531  S_E=0.402 S_U=0.370
step  2750  loss=4.0022  grad=2.562  S_E=0.402 S_U=0.370
step  2800  loss=4.5505  grad=2.406  S_E=0.402 S_U=0.370
step  2850  loss=4.2078  grad=2.703  S_E=0.402 S_U=0.370
step  2900  loss=3.8013  grad=2.703  S_E=0.402 S_U=0.370
step  2950  loss=4.0549  grad=2.859  S_E=0.402 S_U=0.370
step  3000  loss=4.2059  grad=2.297  S_E=0.402 S_U=0.370

  step  3000  val_ppl=19.49  dom=S_E
          val_ppl=19.49
step  3050  loss=4.5382  grad=2.438  S_E=0.412 S_U=0.369
step  3100  loss=4.3657  grad=2.438  S_E=0.412 S_U=0.369
step  3150  loss=3.8677  grad=2.453  S_E=0.412 S_U=0.369
step  3200  loss=4.4238  grad=2.547  S_E=0.412 S_U=0.369
step  3250  loss=3.4428  grad=2.531  S_E=0.412 S_U=0.369
step  3300  loss=4.4333  grad=2.078  S_E=0.412 S_U=0.369
step  3350  loss=4.0972  grad=2.297  S_E=0.412 S_U=0.369
step  3400  loss=4.2451  grad=2.375  S_E=0.412 S_U=0.369
step  3450  loss=3.7794  grad=2.281  S_E=0.412 S_U=0.369
step  3500  loss=4.1873  grad=2.703  S_E=0.412 S_U=0.369

  step  3500  val_ppl=19.36  dom=S_E
          val_ppl=19.36
step  3550  loss=4.3720  grad=2.422  S_E=0.399 S_U=0.371
step  3600  loss=3.9557  grad=2.328  S_E=0.399 S_U=0.371
step  3650  loss=3.9153  grad=2.625  S_E=0.399 S_U=0.371
step  3700  loss=4.3173  grad=3.000  S_E=0.399 S_U=0.371
step  3750  loss=4.0004  grad=2.078  S_E=0.399 S_U=0.371
step  3800  loss=3.9292  grad=2.297  S_E=0.399 S_U=0.371
step  3850  loss=3.7785  grad=2.422  S_E=0.399 S_U=0.371
step  3900  loss=4.2429  grad=2.797  S_E=0.399 S_U=0.371
step  3950  loss=4.1191  grad=2.703  S_E=0.399 S_U=0.371
step  4000  loss=3.5493  grad=2.281  S_E=0.399 S_U=0.371

  step  4000  val_ppl=19.15  dom=S_E
          val_ppl=19.15
step  4050  loss=4.6134  grad=2.422  S_E=0.399 S_U=0.380
step  4100  loss=4.4415  grad=2.297  S_E=0.399 S_U=0.380
step  4150  loss=4.0483  grad=3.125  S_E=0.399 S_U=0.380
step  4200  loss=4.3036  grad=2.422  S_E=0.399 S_U=0.380
step  4250  loss=3.8591  grad=2.641  S_E=0.399 S_U=0.380
step  4300  loss=4.1558  grad=2.594  S_E=0.399 S_U=0.380
step  4350  loss=4.1227  grad=2.391  S_E=0.399 S_U=0.380
step  4400  loss=4.4419  grad=2.953  S_E=0.399 S_U=0.380
step  4450  loss=4.0245  grad=2.797  S_E=0.399 S_U=0.380
step  4500  loss=4.1279  grad=2.641  S_E=0.399 S_U=0.380

  step  4500  val_ppl=19.12  dom=S_E
          val_ppl=19.12
step  4550  loss=4.4673  grad=2.375  S_E=0.400 S_U=0.379
step  4600  loss=3.8974  grad=2.734  S_E=0.400 S_U=0.379
step  4650  loss=3.6730  grad=2.375  S_E=0.400 S_U=0.379
step  4700  loss=3.8291  grad=2.562  S_E=0.400 S_U=0.379
step  4750  loss=4.3824  grad=2.250  S_E=0.400 S_U=0.379
step  4800  loss=3.5922  grad=2.625  S_E=0.400 S_U=0.379
step  4850  loss=3.8257  grad=2.594  S_E=0.400 S_U=0.379
step  4900  loss=3.8795  grad=2.531  S_E=0.400 S_U=0.379
step  4950  loss=4.0513  grad=2.344  S_E=0.400 S_U=0.379
step  5000  loss=4.1824  grad=2.656  S_E=0.400 S_U=0.379

  step  5000  val_ppl=19.00  dom=S_E
          val_ppl=19.00
step  5050  loss=4.0445  grad=2.875  S_E=0.402 S_U=0.380
step  5100  loss=3.2457  grad=3.234  S_E=0.402 S_U=0.380
step  5150  loss=4.1576  grad=2.703  S_E=0.402 S_U=0.380
step  5200  loss=4.0347  grad=2.703  S_E=0.402 S_U=0.380
step  5250  loss=4.0192  grad=2.203  S_E=0.402 S_U=0.380
step  5300  loss=4.0311  grad=2.969  S_E=0.402 S_U=0.380
step  5350  loss=4.0592  grad=2.281  S_E=0.402 S_U=0.380
step  5400  loss=4.0266  grad=2.516  S_E=0.402 S_U=0.380
step  5450  loss=3.9220  grad=2.688  S_E=0.402 S_U=0.380
step  5500  loss=3.6311  grad=2.344  S_E=0.402 S_U=0.380

  step  5500  val_ppl=18.91  dom=S_E
          val_ppl=18.91
step  5550  loss=4.0078  grad=2.562  S_E=0.406 S_U=0.377
step  5600  loss=3.3206  grad=2.672  S_E=0.406 S_U=0.377
step  5650  loss=4.1014  grad=3.016  S_E=0.406 S_U=0.377
step  5700  loss=3.9799  grad=2.453  S_E=0.406 S_U=0.377
step  5750  loss=3.9498  grad=2.984  S_E=0.406 S_U=0.377
step  5800  loss=4.1195  grad=2.328  S_E=0.406 S_U=0.377
step  5850  loss=4.0424  grad=2.391  S_E=0.406 S_U=0.377
step  5900  loss=3.6504  grad=3.188  S_E=0.406 S_U=0.377
step  5950  loss=3.3349  grad=2.578  S_E=0.406 S_U=0.377
step  6000  loss=3.9177  grad=4.688  S_E=0.250 S_U=0.250

  step  6000  val_ppl=18.86  dom=S_E
          val_ppl=18.86
step  6050  loss=3.7235  grad=4.344  S_E=0.193 S_U=0.124
step  6100  loss=4.5625  grad=4.594  S_E=0.193 S_U=0.124
step  6150  loss=3.2534  grad=4.938  S_E=0.193 S_U=0.124
step  6200  loss=3.2393  grad=4.438  S_E=0.193 S_U=0.124
step  6250  loss=3.6652  grad=4.562  S_E=0.193 S_U=0.124
step  6300  loss=3.6178  grad=5.312  S_E=0.193 S_U=0.124
step  6350  loss=4.0416  grad=3.453  S_E=0.193 S_U=0.124
step  6400  loss=4.0013  grad=5.375  S_E=0.193 S_U=0.124
step  6450  loss=3.8587  grad=4.938  S_E=0.193 S_U=0.124
step  6500  loss=4.2873  grad=4.375  S_E=0.193 S_U=0.124

  step  6500  val_ppl=18.83  dom=S_D
          val_ppl=18.83
step  6550  loss=3.6847  grad=4.906  S_E=0.234 S_U=0.095
step  6600  loss=3.7212  grad=4.250  S_E=0.234 S_U=0.095
step  6650  loss=3.5735  grad=4.844  S_E=0.234 S_U=0.095
step  6700  loss=4.0143  grad=4.531  S_E=0.234 S_U=0.095
step  6750  loss=4.1166  grad=4.062  S_E=0.234 S_U=0.095
step  6800  loss=4.2799  grad=4.812  S_E=0.234 S_U=0.095
step  6850  loss=4.1783  grad=4.656  S_E=0.234 S_U=0.095
step  6900  loss=4.1180  grad=4.344  S_E=0.234 S_U=0.095
step  6950  loss=4.1747  grad=5.000  S_E=0.234 S_U=0.095
step  7000  loss=3.9891  grad=3.766  S_E=0.234 S_U=0.095

  step  7000  val_ppl=18.78  dom=S_D
          val_ppl=18.78
step  7050  loss=3.0642  grad=3.703  S_E=0.213 S_U=0.083
step  7100  loss=4.2402  grad=4.219  S_E=0.213 S_U=0.083
step  7150  loss=4.0676  grad=5.000  S_E=0.213 S_U=0.083
step  7200  loss=3.8722  grad=4.188  S_E=0.213 S_U=0.083
step  7250  loss=3.8283  grad=4.406  S_E=0.213 S_U=0.083
step  7300  loss=3.4182  grad=4.594  S_E=0.213 S_U=0.083
step  7350  loss=3.7794  grad=5.312  S_E=0.213 S_U=0.083
step  7400  loss=4.3371  grad=4.812  S_E=0.213 S_U=0.083
step  7450  loss=3.3813  grad=4.188  S_E=0.213 S_U=0.083
step  7500  loss=3.5457  grad=5.469  S_E=0.213 S_U=0.083

  step  7500  val_ppl=18.64  dom=S_D
          val_ppl=18.64
step  7550  loss=4.1800  grad=4.625  S_E=0.207 S_U=0.055
step  7600  loss=4.0172  grad=4.906  S_E=0.207 S_U=0.055
step  7650  loss=3.8665  grad=4.938  S_E=0.207 S_U=0.055
step  7700  loss=3.4823  grad=3.922  S_E=0.207 S_U=0.055
step  7750  loss=4.0901  grad=3.828  S_E=0.207 S_U=0.055
step  7800  loss=3.8353  grad=5.594  S_E=0.207 S_U=0.055
step  7850  loss=4.0607  grad=4.656  S_E=0.207 S_U=0.055
step  7900  loss=3.8143  grad=4.344  S_E=0.207 S_U=0.055
step  7950  loss=3.5001  grad=5.031  S_E=0.207 S_U=0.055
step  8000  loss=4.0347  grad=4.625  S_E=0.207 S_U=0.055

  step  8000  val_ppl=18.67  dom=S_D
          val_ppl=18.67
step  8050  loss=4.0502  grad=4.594  S_E=0.208 S_U=0.057
step  8100  loss=3.6126  grad=4.562  S_E=0.208 S_U=0.057
step  8150  loss=3.0990  grad=4.688  S_E=0.208 S_U=0.057
step  8200  loss=3.5188  grad=6.094  S_E=0.208 S_U=0.057
step  8250  loss=3.7822  grad=4.875  S_E=0.208 S_U=0.057
step  8300  loss=3.6190  grad=4.875  S_E=0.208 S_U=0.057
step  8350  loss=4.4339  grad=5.406  S_E=0.208 S_U=0.057
step  8400  loss=4.5211  grad=4.750  S_E=0.208 S_U=0.057
step  8450  loss=4.0391  grad=5.375  S_E=0.208 S_U=0.057
step  8500  loss=4.2923  grad=5.188  S_E=0.208 S_U=0.057

  step  8500  val_ppl=18.57  dom=S_D
          val_ppl=18.57
step  8550  loss=3.9240  grad=5.094  S_E=0.184 S_U=0.051
step  8600  loss=3.4182  grad=4.531  S_E=0.184 S_U=0.051
step  8650  loss=3.8191  grad=4.719  S_E=0.184 S_U=0.051
step  8700  loss=3.9766  grad=4.312  S_E=0.184 S_U=0.051
step  8750  loss=4.0993  grad=5.250  S_E=0.184 S_U=0.051
step  8800  loss=4.1330  grad=4.688  S_E=0.184 S_U=0.051
step  8850  loss=3.9696  grad=3.781  S_E=0.184 S_U=0.051
step  8900  loss=3.9475  grad=6.031  S_E=0.184 S_U=0.051
step  8950  loss=4.0262  grad=4.781  S_E=0.184 S_U=0.051
step  9000  loss=3.9859  grad=5.688  S_E=0.184 S_U=0.051

  step  9000  val_ppl=18.50  dom=S_D
          val_ppl=18.50
step  9050  loss=3.9047  grad=4.375  S_E=0.171 S_U=0.048
step  9100  loss=3.6178  grad=4.750  S_E=0.171 S_U=0.048
step  9150  loss=3.8528  grad=5.531  S_E=0.171 S_U=0.048
step  9200  loss=3.9877  grad=4.781  S_E=0.171 S_U=0.048
step  9250  loss=4.2300  grad=4.531  S_E=0.171 S_U=0.048
step  9300  loss=3.8951  grad=5.156  S_E=0.171 S_U=0.048
step  9350  loss=4.5260  grad=4.844  S_E=0.171 S_U=0.048
step  9400  loss=3.5246  grad=4.844  S_E=0.171 S_U=0.048
step  9450  loss=4.2709  grad=5.625  S_E=0.171 S_U=0.048
step  9500  loss=3.6820  grad=5.406  S_E=0.171 S_U=0.048

  step  9500  val_ppl=18.50  dom=S_D
          val_ppl=18.50
step  9550  loss=4.5108  grad=4.469  S_E=0.171 S_U=0.048
step  9600  loss=4.1337  grad=4.938  S_E=0.171 S_U=0.048
step  9650  loss=3.5623  grad=4.375  S_E=0.171 S_U=0.048
step  9700  loss=3.9370  grad=4.625  S_E=0.171 S_U=0.048
step  9750  loss=4.1362  grad=4.812  S_E=0.171 S_U=0.048
step  9800  loss=4.1912  grad=4.750  S_E=0.171 S_U=0.048
step  9850  loss=4.3620  grad=4.562  S_E=0.171 S_U=0.048
step  9900  loss=3.7767  grad=4.469  S_E=0.171 S_U=0.048
step  9950  loss=4.0501  grad=4.312  S_E=0.171 S_U=0.048
step 10000  loss=3.5044  grad=5.438  S_E=0.171 S_U=0.048

  step 10000  val_ppl=18.48  dom=S_D
          val_ppl=18.48
step 10050  loss=3.9767  grad=4.969  S_E=0.170 S_U=0.047
step 10100  loss=4.5105  grad=5.031  S_E=0.170 S_U=0.047
step 10150  loss=3.8666  grad=5.719  S_E=0.170 S_U=0.047
step 10200  loss=3.7964  grad=5.625  S_E=0.170 S_U=0.047
step 10250  loss=4.3734  grad=4.719  S_E=0.170 S_U=0.047
step 10300  loss=3.5897  grad=5.750  S_E=0.170 S_U=0.047
step 10350  loss=3.7141  grad=4.500  S_E=0.170 S_U=0.047
step 10400  loss=3.6619  grad=4.469  S_E=0.170 S_U=0.047
step 10450  loss=3.2280  grad=4.969  S_E=0.170 S_U=0.047
step 10500  loss=3.7206  grad=4.688  S_E=0.170 S_U=0.047

  step 10500  val_ppl=18.46  dom=S_D
          val_ppl=18.46
step 10550  loss=3.7106  grad=4.062  S_E=0.171 S_U=0.047
step 10600  loss=3.7210  grad=5.656  S_E=0.171 S_U=0.047
step 10650  loss=3.9890  grad=4.938  S_E=0.171 S_U=0.047
step 10700  loss=4.0176  grad=5.844  S_E=0.171 S_U=0.047
step 10750  loss=4.2213  grad=5.344  S_E=0.171 S_U=0.047
step 10800  loss=3.7054  grad=4.531  S_E=0.171 S_U=0.047
step 10850  loss=3.7983  grad=5.219  S_E=0.171 S_U=0.047
step 10900  loss=4.0430  grad=5.219  S_E=0.171 S_U=0.047
step 10950  loss=4.0571  grad=4.719  S_E=0.171 S_U=0.047
step 11000  loss=4.2699  grad=4.562  S_E=0.171 S_U=0.047

  step 11000  val_ppl=18.42  dom=S_D
          val_ppl=18.42
step 11050  loss=3.7129  grad=5.250  S_E=0.177 S_U=0.044
step 11100  loss=3.8324  grad=5.844  S_E=0.177 S_U=0.044
step 11150  loss=3.7270  grad=4.844  S_E=0.177 S_U=0.044
step 11200  loss=3.7886  grad=5.094  S_E=0.177 S_U=0.044
step 11250  loss=4.2546  grad=4.938  S_E=0.177 S_U=0.044
step 11300  loss=4.0933  grad=4.875  S_E=0.177 S_U=0.044
step 11350  loss=4.2882  grad=4.781  S_E=0.177 S_U=0.044
step 11400  loss=4.1600  grad=5.281  S_E=0.177 S_U=0.044
step 11450  loss=4.0557  grad=4.625  S_E=0.177 S_U=0.044
step 11500  loss=4.1617  grad=5.125  S_E=0.177 S_U=0.044

  step 11500  val_ppl=18.36  dom=S_D
          val_ppl=18.36
step 11550  loss=3.6798  grad=5.500  S_E=0.177 S_U=0.039
step 11600  loss=3.7515  grad=4.688  S_E=0.177 S_U=0.039
step 11650  loss=3.6746  grad=4.312  S_E=0.177 S_U=0.039
step 11700  loss=3.6241  grad=4.938  S_E=0.177 S_U=0.039
step 11750  loss=4.2159  grad=4.906  S_E=0.177 S_U=0.039
step 11800  loss=4.3166  grad=5.125  S_E=0.177 S_U=0.039
step 11850  loss=4.5076  grad=4.531  S_E=0.177 S_U=0.039
step 11900  loss=3.7318  grad=5.531  S_E=0.177 S_U=0.039
step 11950  loss=3.9936  grad=4.844  S_E=0.177 S_U=0.039
step 12000  loss=3.9117  grad=4.812  S_E=0.177 S_U=0.039

  step 12000  val_ppl=18.34  dom=S_D
          val_ppl=18.34
step 12050  loss=3.6561  grad=4.656  S_E=0.178 S_U=0.038
step 12100  loss=3.3491  grad=5.438  S_E=0.178 S_U=0.038
step 12150  loss=3.8550  grad=4.781  S_E=0.178 S_U=0.038
step 12200  loss=3.6934  grad=5.625  S_E=0.178 S_U=0.038
step 12250  loss=4.0234  grad=4.438  S_E=0.178 S_U=0.038
step 12300  loss=3.7353  grad=4.906  S_E=0.178 S_U=0.038
step 12350  loss=4.1948  grad=5.000  S_E=0.178 S_U=0.038
step 12400  loss=4.5194  grad=5.094  S_E=0.178 S_U=0.038
step 12450  loss=3.5247  grad=5.250  S_E=0.178 S_U=0.038
step 12500  loss=4.4763  grad=4.719  S_E=0.178 S_U=0.038

  step 12500  val_ppl=18.30  dom=S_D
          val_ppl=18.30
step 12550  loss=3.6815  grad=4.656  S_E=0.174 S_U=0.038
step 12600  loss=3.7640  grad=4.375  S_E=0.174 S_U=0.038
step 12650  loss=3.8747  grad=4.969  S_E=0.174 S_U=0.038
step 12700  loss=3.8881  grad=5.031  S_E=0.174 S_U=0.038
step 12750  loss=4.2360  grad=6.344  S_E=0.174 S_U=0.038
step 12800  loss=3.8443  grad=6.469  S_E=0.174 S_U=0.038
step 12850  loss=3.4601  grad=4.844  S_E=0.174 S_U=0.038
step 12900  loss=3.5293  grad=4.750  S_E=0.174 S_U=0.038
step 12950  loss=3.8478  grad=4.406  S_E=0.174 S_U=0.038
step 13000  loss=3.7314  grad=6.281  S_E=0.174 S_U=0.038

  step 13000  val_ppl=18.27  dom=S_D
          val_ppl=18.27
step 13050  loss=4.4725  grad=4.938  S_E=0.171 S_U=0.038
step 13100  loss=3.7947  grad=4.938  S_E=0.171 S_U=0.038
step 13150  loss=4.0385  grad=5.375  S_E=0.171 S_U=0.038
step 13200  loss=3.5308  grad=6.156  S_E=0.171 S_U=0.038
step 13250  loss=3.7234  grad=4.688  S_E=0.171 S_U=0.038
step 13300  loss=4.0943  grad=4.344  S_E=0.171 S_U=0.038
step 13350  loss=3.8766  grad=4.938  S_E=0.171 S_U=0.038
step 13400  loss=3.8114  grad=4.688  S_E=0.171 S_U=0.038
step 13450  loss=3.8906  grad=5.312  S_E=0.171 S_U=0.038
step 13500  loss=4.3993  grad=6.156  S_E=0.171 S_U=0.038

  step 13500  val_ppl=18.31  dom=S_D
          val_ppl=18.31
step 13550  loss=3.9491  grad=5.438  S_E=0.171 S_U=0.040
step 13600  loss=4.2874  grad=4.812  S_E=0.171 S_U=0.040
step 13650  loss=3.6222  grad=4.906  S_E=0.171 S_U=0.040
step 13700  loss=4.1248  grad=5.031  S_E=0.171 S_U=0.040
step 13750  loss=3.9501  grad=5.438  S_E=0.171 S_U=0.040
step 13800  loss=3.9342  grad=4.875  S_E=0.171 S_U=0.040
step 13850  loss=3.7293  grad=4.656  S_E=0.171 S_U=0.040
step 13900  loss=3.6746  grad=5.375  S_E=0.171 S_U=0.040
step 13950  loss=3.9604  grad=4.562  S_E=0.171 S_U=0.040
step 14000  loss=3.8413  grad=3.750  S_E=0.250 S_U=0.250

  step 14000  val_ppl=18.21  dom=S_E
          val_ppl=18.21
step 14050  loss=4.0033  grad=4.375  S_E=0.469 S_U=0.119
step 14100  loss=3.7007  grad=4.344  S_E=0.469 S_U=0.119
step 14150  loss=3.8340  grad=3.766  S_E=0.469 S_U=0.119
step 14200  loss=3.6893  grad=3.812  S_E=0.469 S_U=0.119
step 14250  loss=4.1733  grad=4.062  S_E=0.469 S_U=0.119
step 14300  loss=3.7881  grad=4.594  S_E=0.469 S_U=0.119
step 14350  loss=4.0316  grad=4.031  S_E=0.469 S_U=0.119
step 14400  loss=3.5217  grad=5.344  S_E=0.469 S_U=0.119
step 14450  loss=3.7862  grad=5.062  S_E=0.469 S_U=0.119
step 14500  loss=4.0332  grad=2.828  S_E=0.469 S_U=0.119

  step 14500  val_ppl=18.28  dom=S_E
          val_ppl=18.28
step 14550  loss=4.3254  grad=3.484  S_E=0.462 S_U=0.123
step 14600  loss=3.8033  grad=3.891  S_E=0.462 S_U=0.123
step 14650  loss=3.8707  grad=3.859  S_E=0.462 S_U=0.123
step 14700  loss=3.7230  grad=4.969  S_E=0.462 S_U=0.123
step 14750  loss=4.1014  grad=4.219  S_E=0.462 S_U=0.123
step 14800  loss=4.1206  grad=3.406  S_E=0.462 S_U=0.123
step 14850  loss=4.0413  grad=3.109  S_E=0.462 S_U=0.123
step 14900  loss=4.6790  grad=5.094  S_E=0.462 S_U=0.123
step 14950  loss=3.1908  grad=4.531  S_E=0.462 S_U=0.123
step 15000  loss=3.3067  grad=5.719  S_E=0.462 S_U=0.123

  step 15000  val_ppl=18.23  dom=S_E
          val_ppl=18.23
step 15050  loss=4.4914  grad=4.781  S_E=0.400 S_U=0.104
step 15100  loss=3.7583  grad=3.078  S_E=0.400 S_U=0.104
step 15150  loss=3.3476  grad=5.625  S_E=0.400 S_U=0.104
step 15200  loss=4.3968  grad=4.406  S_E=0.400 S_U=0.104
step 15250  loss=4.5294  grad=4.156  S_E=0.400 S_U=0.104
step 15300  loss=3.8799  grad=3.922  S_E=0.400 S_U=0.104
step 15350  loss=3.6298  grad=5.031  S_E=0.400 S_U=0.104
step 15400  loss=4.2860  grad=4.812  S_E=0.400 S_U=0.104
step 15450  loss=4.3868  grad=3.203  S_E=0.400 S_U=0.104
step 15500  loss=4.4215  grad=4.000  S_E=0.400 S_U=0.104

  step 15500  val_ppl=18.18  dom=S_E
          val_ppl=18.18
step 15550  loss=4.2464  grad=5.312  S_E=0.459 S_U=0.085
step 15600  loss=4.4305  grad=4.469  S_E=0.459 S_U=0.085
step 15650  loss=3.6979  grad=3.562  S_E=0.459 S_U=0.085
step 15700  loss=3.8688  grad=4.969  S_E=0.459 S_U=0.085
step 15750  loss=4.4313  grad=4.844  S_E=0.459 S_U=0.085
step 15800  loss=4.7752  grad=3.875  S_E=0.459 S_U=0.085
step 15850  loss=3.7196  grad=5.562  S_E=0.459 S_U=0.085
step 15900  loss=4.0611  grad=4.969  S_E=0.459 S_U=0.085
step 15950  loss=4.1933  grad=4.125  S_E=0.459 S_U=0.085
step 16000  loss=4.7634  grad=5.125  S_E=0.459 S_U=0.085

  step 16000  val_ppl=18.19  dom=S_E
          val_ppl=18.19
step 16050  loss=3.4280  grad=4.500  S_E=0.454 S_U=0.089
step 16100  loss=3.6436  grad=3.516  S_E=0.454 S_U=0.089
step 16150  loss=3.7702  grad=4.500  S_E=0.454 S_U=0.089
step 16200  loss=4.3303  grad=4.844  S_E=0.454 S_U=0.089
step 16250  loss=3.8664  grad=5.875  S_E=0.454 S_U=0.089
step 16300  loss=4.2260  grad=4.250  S_E=0.454 S_U=0.089
step 16350  loss=3.2412  grad=6.656  S_E=0.454 S_U=0.089
step 16400  loss=3.9488  grad=5.125  S_E=0.454 S_U=0.089
step 16450  loss=3.9127  grad=5.250  S_E=0.454 S_U=0.089
step 16500  loss=4.4019  grad=4.188  S_E=0.454 S_U=0.089

  step 16500  val_ppl=18.15  dom=S_E
          val_ppl=18.15
step 16550  loss=4.2940  grad=4.625  S_E=0.451 S_U=0.084
step 16600  loss=3.5970  grad=4.094  S_E=0.451 S_U=0.084
step 16650  loss=4.0261  grad=4.844  S_E=0.451 S_U=0.084
step 16700  loss=4.2714  grad=4.250  S_E=0.451 S_U=0.084
step 16750  loss=4.1043  grad=5.188  S_E=0.451 S_U=0.084
step 16800  loss=4.3078  grad=4.219  S_E=0.451 S_U=0.084
step 16850  loss=3.6699  grad=3.766  S_E=0.451 S_U=0.084
step 16900  loss=3.5193  grad=4.281  S_E=0.451 S_U=0.084
step 16950  loss=4.1800  grad=5.375  S_E=0.451 S_U=0.084
step 17000  loss=3.7200  grad=4.594  S_E=0.451 S_U=0.084

  step 17000  val_ppl=18.15  dom=S_E
          val_ppl=18.15
step 17050  loss=3.9243  grad=4.500  S_E=0.447 S_U=0.083
step 17100  loss=4.2671  grad=5.094  S_E=0.447 S_U=0.083
step 17150  loss=4.0553  grad=5.188  S_E=0.447 S_U=0.083
step 17200  loss=4.0807  grad=5.031  S_E=0.447 S_U=0.083
step 17250  loss=4.3344  grad=4.812  S_E=0.447 S_U=0.083
step 17300  loss=4.0588  grad=3.672  S_E=0.447 S_U=0.083
step 17350  loss=4.3768  grad=5.906  S_E=0.447 S_U=0.083
step 17400  loss=3.9387  grad=4.250  S_E=0.447 S_U=0.083
step 17450  loss=4.2370  grad=3.719  S_E=0.447 S_U=0.083
step 17500  loss=4.0593  grad=4.688  S_E=0.447 S_U=0.083

  step 17500  val_ppl=18.11  dom=S_E
          val_ppl=18.11
step 17550  loss=3.9665  grad=4.438  S_E=0.442 S_U=0.089
step 17600  loss=4.0414  grad=5.625  S_E=0.442 S_U=0.089
step 17650  loss=4.2960  grad=5.031  S_E=0.442 S_U=0.089
step 17700  loss=4.0533  grad=4.781  S_E=0.442 S_U=0.089
step 17750  loss=4.0466  grad=5.031  S_E=0.442 S_U=0.089
step 17800  loss=4.0280  grad=4.750  S_E=0.442 S_U=0.089
step 17850  loss=3.9609  grad=4.406  S_E=0.442 S_U=0.089
step 17900  loss=4.1098  grad=4.188  S_E=0.442 S_U=0.089
step 17950  loss=4.0647  grad=5.344  S_E=0.442 S_U=0.089
step 18000  loss=3.1238  grad=4.188  S_E=0.442 S_U=0.089

  step 18000  val_ppl=18.09  dom=S_E
          val_ppl=18.09
step 18050  loss=3.9833  grad=5.062  S_E=0.435 S_U=0.088
step 18100  loss=3.8169  grad=4.562  S_E=0.435 S_U=0.088
step 18150  loss=4.0525  grad=6.094  S_E=0.435 S_U=0.088
step 18200  loss=3.8992  grad=5.312  S_E=0.435 S_U=0.088
step 18250  loss=4.3226  grad=5.125  S_E=0.435 S_U=0.088
step 18300  loss=4.1553  grad=4.562  S_E=0.435 S_U=0.088
step 18350  loss=4.3572  grad=4.250  S_E=0.435 S_U=0.088
step 18400  loss=4.4029  grad=5.469  S_E=0.435 S_U=0.088
step 18450  loss=4.7528  grad=4.406  S_E=0.435 S_U=0.088
step 18500  loss=4.4328  grad=4.812  S_E=0.435 S_U=0.088

  step 18500  val_ppl=18.12  dom=S_E
          val_ppl=18.12
step 18550  loss=4.2123  grad=4.469  S_E=0.432 S_U=0.091
step 18600  loss=4.1451  grad=5.000  S_E=0.432 S_U=0.091
step 18650  loss=3.5792  grad=5.250  S_E=0.432 S_U=0.091
step 18700  loss=4.1018  grad=4.281  S_E=0.432 S_U=0.091
step 18750  loss=4.0851  grad=5.219  S_E=0.432 S_U=0.091
step 18800  loss=3.7770  grad=5.438  S_E=0.432 S_U=0.091
step 18850  loss=3.4712  grad=5.344  S_E=0.432 S_U=0.091
step 18900  loss=4.3500  grad=4.781  S_E=0.432 S_U=0.091
step 18950  loss=3.2748  grad=4.219  S_E=0.432 S_U=0.091
step 19000  loss=3.8066  grad=4.719  S_E=0.432 S_U=0.091

  step 19000  val_ppl=18.05  dom=S_E
          val_ppl=18.05
step 19050  loss=3.9160  grad=4.531  S_E=0.455 S_U=0.081
step 19100  loss=3.9546  grad=4.000  S_E=0.455 S_U=0.081
step 19150  loss=3.9749  grad=5.094  S_E=0.455 S_U=0.081
step 19200  loss=4.2544  grad=4.438  S_E=0.455 S_U=0.081
step 19250  loss=3.4853  grad=5.000  S_E=0.455 S_U=0.081
step 19300  loss=3.9644  grad=4.906  S_E=0.455 S_U=0.081
step 19350  loss=4.0475  grad=5.125  S_E=0.455 S_U=0.081
step 19400  loss=4.1395  grad=5.281  S_E=0.455 S_U=0.081
step 19450  loss=4.0497  grad=5.031  S_E=0.455 S_U=0.081
step 19500  loss=4.0530  grad=5.562  S_E=0.455 S_U=0.081

  step 19500  val_ppl=18.07  dom=S_E
          val_ppl=18.07
step 19550  loss=4.4830  grad=5.375  S_E=0.451 S_U=0.083
step 19600  loss=4.0166  grad=4.500  S_E=0.451 S_U=0.083
step 19650  loss=3.9430  grad=6.000  S_E=0.451 S_U=0.083
step 19700  loss=3.8482  grad=4.219  S_E=0.451 S_U=0.083
step 19750  loss=4.2025  grad=3.875  S_E=0.451 S_U=0.083
step 19800  loss=3.4091  grad=5.125  S_E=0.451 S_U=0.083
step 19850  loss=3.9730  grad=4.156  S_E=0.451 S_U=0.083
step 19900  loss=4.1957  grad=4.531  S_E=0.451 S_U=0.083
step 19950  loss=3.1975  grad=4.875  S_E=0.451 S_U=0.083
  [final] val_ppl=18.06
          val_ppl=18.06

── Timing breakdown ─────────────────────────────────
  component    ms/step   % total   calls
  ────────── ─────────  ────────  ──────
  data           32.01     45.7%   20000
  bandit          0.00      0.0%   20000
  fwd             6.36      9.1%   20400
  score           0.30      0.4%     400
  bwd            31.32     44.7%   20000
  ────────── ─────────  ────────  ──────
  TOTAL          69.99    100.0%

  Rescore steps:          400/20000 (2.0% of steps)
  Cost per rescore:       14.84 ms
  Amortised scorer:       0.297 ms/step (0.42% of total)
  Paper claims ~1%:       ✓ within paper claim
────────────────────────────────────────────────────

Final val PPL (sieve): 18.06
Final bandit weights: S_E=0.451  S_U=0.083  S_L=0.070  S_D=0.396
✓ Bandit differentiated (max=0.451)
Scorer overhead: 0.42% of total wall time
✓ Within paper's ~1% claim
