backend=cuda  dtype=torch.bfloat16  seed=45
[data] train: 950.0M tokens
[data] val: 50.0M tokens
[liger] Not enabled: cannot import name 'apply_liger_kernel_to_gpt2' from 'liger_kernel.transformers' (/lustre/fsn1/projects/rech/sum/ufj45ra/venvs/sieve/lib/python3.12/site-packages/liger_kernel/transformers/__init__.py)
step     0  loss=4.3651  grad=9.562  S_E=0.250 S_U=0.250
step    50  loss=4.6883  grad=4.562  S_E=0.250 S_U=0.250
step   100  loss=3.7059  grad=5.594  S_E=0.250 S_U=0.250
step   150  loss=4.5234  grad=3.781  S_E=0.250 S_U=0.250
step   200  loss=4.8381  grad=3.641  S_E=0.250 S_U=0.250
step   250  loss=3.9322  grad=3.312  S_E=0.250 S_U=0.250
step   300  loss=4.6973  grad=3.422  S_E=0.250 S_U=0.250
step   350  loss=4.3724  grad=4.062  S_E=0.250 S_U=0.250
step   400  loss=4.1516  grad=3.484  S_E=0.250 S_U=0.250
step   450  loss=5.2010  grad=4.688  S_E=0.250 S_U=0.250
step   500  loss=4.4174  grad=3.297  S_E=0.250 S_U=0.250

  step   500  val_ppl=21.26  dom=S_E
          val_ppl=21.26
step   550  loss=3.8911  grad=3.656  S_E=0.250 S_U=0.250
step   600  loss=4.4263  grad=2.703  S_E=0.250 S_U=0.250
step   650  loss=3.9792  grad=2.516  S_E=0.250 S_U=0.250
step   700  loss=3.9004  grad=3.859  S_E=0.250 S_U=0.250
step   750  loss=3.4116  grad=3.391  S_E=0.250 S_U=0.250
step   800  loss=4.4619  grad=2.578  S_E=0.250 S_U=0.250
step   850  loss=4.2407  grad=2.516  S_E=0.250 S_U=0.250
step   900  loss=3.5353  grad=2.344  S_E=0.250 S_U=0.250
step   950  loss=3.1620  grad=2.203  S_E=0.250 S_U=0.250
step  1000  loss=3.9546  grad=3.734  S_E=0.250 S_U=0.250

  step  1000  val_ppl=20.65  dom=S_E
          val_ppl=20.65
step  1050  loss=4.3520  grad=2.609  S_E=0.291 S_U=0.368
step  1100  loss=4.1274  grad=2.406  S_E=0.291 S_U=0.368
step  1150  loss=4.1149  grad=2.719  S_E=0.291 S_U=0.368
step  1200  loss=4.0204  grad=2.438  S_E=0.291 S_U=0.368
step  1250  loss=4.1253  grad=2.672  S_E=0.291 S_U=0.368
step  1300  loss=3.7533  grad=2.656  S_E=0.291 S_U=0.368
step  1350  loss=4.1820  grad=3.125  S_E=0.291 S_U=0.368
step  1400  loss=3.7939  grad=2.453  S_E=0.291 S_U=0.368
step  1450  loss=3.7489  grad=2.828  S_E=0.291 S_U=0.368
step  1500  loss=3.4066  grad=2.578  S_E=0.291 S_U=0.368

  step  1500  val_ppl=20.34  dom=S_U
          val_ppl=20.34
step  1550  loss=4.0834  grad=2.781  S_E=0.287 S_U=0.372
step  1600  loss=3.9143  grad=2.625  S_E=0.287 S_U=0.372
step  1650  loss=4.4610  grad=2.562  S_E=0.287 S_U=0.372
step  1700  loss=4.1880  grad=2.641  S_E=0.287 S_U=0.372
step  1750  loss=4.5236  grad=2.469  S_E=0.287 S_U=0.372
step  1800  loss=4.1398  grad=2.828  S_E=0.287 S_U=0.372
step  1850  loss=4.0757  grad=2.766  S_E=0.287 S_U=0.372
step  1900  loss=4.0126  grad=2.891  S_E=0.287 S_U=0.372
step  1950  loss=4.0567  grad=2.594  S_E=0.287 S_U=0.372
step  2000  loss=4.2272  grad=2.531  S_E=0.250 S_U=0.250

  step  2000  val_ppl=19.97  dom=S_E
          val_ppl=19.97
step  2050  loss=4.3382  grad=2.844  S_E=0.162 S_U=0.485
step  2100  loss=3.5156  grad=2.984  S_E=0.162 S_U=0.485
step  2150  loss=3.8056  grad=2.500  S_E=0.162 S_U=0.485
step  2200  loss=3.3715  grad=2.672  S_E=0.162 S_U=0.485
step  2250  loss=4.1809  grad=2.641  S_E=0.162 S_U=0.485
step  2300  loss=4.1145  grad=2.234  S_E=0.162 S_U=0.485
step  2350  loss=4.2408  grad=3.328  S_E=0.162 S_U=0.485
step  2400  loss=4.4878  grad=2.953  S_E=0.162 S_U=0.485
step  2450  loss=4.0886  grad=3.469  S_E=0.162 S_U=0.485
step  2500  loss=4.3167  grad=2.328  S_E=0.162 S_U=0.485

  step  2500  val_ppl=19.80  dom=S_U
          val_ppl=19.80
step  2550  loss=3.9563  grad=2.281  S_E=0.166 S_U=0.478
step  2600  loss=3.6692  grad=2.984  S_E=0.166 S_U=0.478
step  2650  loss=3.7087  grad=2.391  S_E=0.166 S_U=0.478
step  2700  loss=4.1238  grad=2.625  S_E=0.166 S_U=0.478
step  2750  loss=3.8478  grad=2.109  S_E=0.166 S_U=0.478
step  2800  loss=3.8228  grad=2.688  S_E=0.166 S_U=0.478
step  2850  loss=3.8741  grad=2.438  S_E=0.166 S_U=0.478
step  2900  loss=4.0277  grad=2.531  S_E=0.166 S_U=0.478
step  2950  loss=3.9309  grad=3.156  S_E=0.166 S_U=0.478
step  3000  loss=4.2902  grad=3.281  S_E=0.166 S_U=0.478

  step  3000  val_ppl=19.52  dom=S_U
          val_ppl=19.52
step  3050  loss=3.7190  grad=3.328  S_E=0.178 S_U=0.486
step  3100  loss=3.8719  grad=2.953  S_E=0.178 S_U=0.486
step  3150  loss=3.5088  grad=2.875  S_E=0.178 S_U=0.486
step  3200  loss=3.7420  grad=2.797  S_E=0.178 S_U=0.486
step  3250  loss=3.3539  grad=2.891  S_E=0.178 S_U=0.486
step  3300  loss=3.9940  grad=2.609  S_E=0.178 S_U=0.486
step  3350  loss=3.9782  grad=3.031  S_E=0.178 S_U=0.486
step  3400  loss=4.1919  grad=2.484  S_E=0.178 S_U=0.486
step  3450  loss=3.8371  grad=2.906  S_E=0.178 S_U=0.486
step  3500  loss=3.8210  grad=2.562  S_E=0.178 S_U=0.486

  step  3500  val_ppl=19.38  dom=S_U
          val_ppl=19.38
step  3550  loss=3.7498  grad=2.531  S_E=0.181 S_U=0.487
step  3600  loss=3.6896  grad=2.719  S_E=0.181 S_U=0.487
step  3650  loss=4.0565  grad=2.906  S_E=0.181 S_U=0.487
step  3700  loss=3.3459  grad=2.484  S_E=0.181 S_U=0.487
step  3750  loss=3.3395  grad=2.359  S_E=0.181 S_U=0.487
step  3800  loss=3.6598  grad=2.609  S_E=0.181 S_U=0.487
step  3850  loss=4.2075  grad=3.172  S_E=0.181 S_U=0.487
step  3900  loss=3.6637  grad=2.312  S_E=0.181 S_U=0.487
step  3950  loss=3.7631  grad=2.656  S_E=0.181 S_U=0.487
step  4000  loss=4.0081  grad=2.438  S_E=0.181 S_U=0.487

  step  4000  val_ppl=19.25  dom=S_U
          val_ppl=19.25
step  4050  loss=3.3106  grad=2.750  S_E=0.180 S_U=0.493
step  4100  loss=3.5650  grad=2.781  S_E=0.180 S_U=0.493
step  4150  loss=3.9223  grad=2.344  S_E=0.180 S_U=0.493
step  4200  loss=4.1637  grad=2.469  S_E=0.180 S_U=0.493
step  4250  loss=3.8643  grad=3.125  S_E=0.180 S_U=0.493
step  4300  loss=4.0293  grad=2.375  S_E=0.180 S_U=0.493
step  4350  loss=3.9976  grad=2.922  S_E=0.180 S_U=0.493
step  4400  loss=4.1488  grad=2.891  S_E=0.180 S_U=0.493
step  4450  loss=3.8055  grad=2.781  S_E=0.180 S_U=0.493
step  4500  loss=3.6533  grad=2.750  S_E=0.180 S_U=0.493

  step  4500  val_ppl=19.19  dom=S_U
          val_ppl=19.19
step  4550  loss=3.3679  grad=2.797  S_E=0.182 S_U=0.493
step  4600  loss=3.7149  grad=2.406  S_E=0.182 S_U=0.493
step  4650  loss=4.2584  grad=2.344  S_E=0.182 S_U=0.493
step  4700  loss=3.7577  grad=2.516  S_E=0.182 S_U=0.493
step  4750  loss=3.7748  grad=2.734  S_E=0.182 S_U=0.493
step  4800  loss=3.7394  grad=5.031  S_E=0.182 S_U=0.493
step  4850  loss=4.3535  grad=2.938  S_E=0.182 S_U=0.493
step  4900  loss=4.1793  grad=2.453  S_E=0.182 S_U=0.493
step  4950  loss=3.1227  grad=2.797  S_E=0.182 S_U=0.493
step  5000  loss=3.9970  grad=2.766  S_E=0.182 S_U=0.493

  step  5000  val_ppl=19.05  dom=S_U
          val_ppl=19.05
step  5050  loss=3.2818  grad=2.703  S_E=0.186 S_U=0.493
step  5100  loss=3.9381  grad=2.406  S_E=0.186 S_U=0.493
step  5150  loss=3.6067  grad=3.016  S_E=0.186 S_U=0.493
step  5200  loss=3.9658  grad=3.125  S_E=0.186 S_U=0.493
step  5250  loss=3.7531  grad=2.484  S_E=0.186 S_U=0.493
step  5300  loss=3.8683  grad=2.922  S_E=0.186 S_U=0.493
step  5350  loss=3.6213  grad=2.391  S_E=0.186 S_U=0.493
step  5400  loss=3.4937  grad=2.719  S_E=0.186 S_U=0.493
step  5450  loss=3.5709  grad=2.422  S_E=0.186 S_U=0.493
step  5500  loss=4.3556  grad=2.641  S_E=0.186 S_U=0.493

  step  5500  val_ppl=18.95  dom=S_U
          val_ppl=18.95
step  5550  loss=3.7496  grad=2.625  S_E=0.186 S_U=0.490
step  5600  loss=3.9083  grad=2.172  S_E=0.186 S_U=0.490
step  5650  loss=3.6950  grad=3.094  S_E=0.186 S_U=0.490
step  5700  loss=4.0326  grad=2.906  S_E=0.186 S_U=0.490
step  5750  loss=3.6756  grad=2.688  S_E=0.186 S_U=0.490
step  5800  loss=4.1743  grad=2.594  S_E=0.186 S_U=0.490
step  5850  loss=3.9511  grad=3.344  S_E=0.186 S_U=0.490
step  5900  loss=3.9500  grad=2.641  S_E=0.186 S_U=0.490
step  5950  loss=4.5464  grad=2.875  S_E=0.186 S_U=0.490
step  6000  loss=4.0178  grad=3.047  S_E=0.250 S_U=0.250

  step  6000  val_ppl=18.88  dom=S_E
          val_ppl=18.88
step  6050  loss=4.0128  grad=3.203  S_E=0.148 S_U=0.215
step  6100  loss=3.5632  grad=4.781  S_E=0.148 S_U=0.215
step  6150  loss=3.6646  grad=3.906  S_E=0.148 S_U=0.215
step  6200  loss=3.8025  grad=2.578  S_E=0.148 S_U=0.215
step  6250  loss=4.2294  grad=2.953  S_E=0.148 S_U=0.215
step  6300  loss=4.1509  grad=2.453  S_E=0.148 S_U=0.215
step  6350  loss=3.7597  grad=3.844  S_E=0.148 S_U=0.215
step  6400  loss=4.3332  grad=4.219  S_E=0.148 S_U=0.215
step  6450  loss=3.7403  grad=2.766  S_E=0.148 S_U=0.215
step  6500  loss=3.7137  grad=2.359  S_E=0.148 S_U=0.215

  step  6500  val_ppl=18.85  dom=S_L
          val_ppl=18.85
step  6550  loss=3.6642  grad=2.891  S_E=0.150 S_U=0.254
step  6600  loss=4.0360  grad=2.969  S_E=0.150 S_U=0.254
step  6650  loss=3.6224  grad=2.906  S_E=0.150 S_U=0.254
step  6700  loss=4.0743  grad=2.562  S_E=0.150 S_U=0.254
step  6750  loss=4.2025  grad=2.625  S_E=0.150 S_U=0.254
step  6800  loss=3.7363  grad=2.797  S_E=0.150 S_U=0.254
step  6850  loss=4.1834  grad=2.406  S_E=0.150 S_U=0.254
step  6900  loss=4.4246  grad=2.297  S_E=0.150 S_U=0.254
step  6950  loss=3.6707  grad=2.562  S_E=0.150 S_U=0.254
step  7000  loss=3.9445  grad=2.578  S_E=0.150 S_U=0.254

  step  7000  val_ppl=18.81  dom=S_L
          val_ppl=18.81
step  7050  loss=3.8123  grad=2.797  S_E=0.151 S_U=0.286
step  7100  loss=3.9131  grad=2.547  S_E=0.151 S_U=0.286
step  7150  loss=3.9380  grad=3.016  S_E=0.151 S_U=0.286
step  7200  loss=3.3509  grad=3.781  S_E=0.151 S_U=0.286
step  7250  loss=3.7526  grad=3.156  S_E=0.151 S_U=0.286
step  7300  loss=3.6328  grad=2.203  S_E=0.151 S_U=0.286
step  7350  loss=3.5391  grad=3.859  S_E=0.151 S_U=0.286
step  7400  loss=4.0194  grad=2.469  S_E=0.151 S_U=0.286
step  7450  loss=3.3064  grad=3.203  S_E=0.151 S_U=0.286
step  7500  loss=3.6519  grad=2.844  S_E=0.151 S_U=0.286

  step  7500  val_ppl=18.72  dom=S_L
          val_ppl=18.72
step  7550  loss=4.3308  grad=3.547  S_E=0.208 S_U=0.245
step  7600  loss=3.8839  grad=2.938  S_E=0.208 S_U=0.245
step  7650  loss=4.0313  grad=2.938  S_E=0.208 S_U=0.245
step  7700  loss=4.5006  grad=3.734  S_E=0.208 S_U=0.245
step  7750  loss=4.1041  grad=2.609  S_E=0.208 S_U=0.245
step  7800  loss=3.8064  grad=2.891  S_E=0.208 S_U=0.245
step  7850  loss=3.9837  grad=2.703  S_E=0.208 S_U=0.245
step  7900  loss=4.3411  grad=3.141  S_E=0.208 S_U=0.245
step  7950  loss=3.5718  grad=2.703  S_E=0.208 S_U=0.245
step  8000  loss=3.8651  grad=4.312  S_E=0.208 S_U=0.245

  step  8000  val_ppl=18.61  dom=S_L
          val_ppl=18.61
step  8050  loss=4.8659  grad=3.141  S_E=0.174 S_U=0.223
step  8100  loss=3.1969  grad=3.219  S_E=0.174 S_U=0.223
step  8150  loss=4.1515  grad=2.891  S_E=0.174 S_U=0.223
step  8200  loss=4.3483  grad=4.062  S_E=0.174 S_U=0.223
step  8250  loss=2.9574  grad=3.109  S_E=0.174 S_U=0.223
step  8300  loss=3.4729  grad=4.219  S_E=0.174 S_U=0.223
step  8350  loss=3.7833  grad=3.094  S_E=0.174 S_U=0.223
step  8400  loss=4.3565  grad=3.312  S_E=0.174 S_U=0.223
step  8450  loss=4.0145  grad=3.594  S_E=0.174 S_U=0.223
step  8500  loss=4.0638  grad=3.094  S_E=0.174 S_U=0.223

  step  8500  val_ppl=18.62  dom=S_L
          val_ppl=18.62
step  8550  loss=3.7942  grad=3.047  S_E=0.175 S_U=0.223
step  8600  loss=4.3075  grad=2.828  S_E=0.175 S_U=0.223
step  8650  loss=3.9309  grad=3.531  S_E=0.175 S_U=0.223
step  8700  loss=3.8796  grad=3.375  S_E=0.175 S_U=0.223
step  8750  loss=3.9289  grad=3.516  S_E=0.175 S_U=0.223
step  8800  loss=3.9447  grad=2.688  S_E=0.175 S_U=0.223
step  8850  loss=3.9387  grad=3.438  S_E=0.175 S_U=0.223
step  8900  loss=3.6566  grad=3.156  S_E=0.175 S_U=0.223
step  8950  loss=4.0159  grad=3.234  S_E=0.175 S_U=0.223
step  9000  loss=4.0358  grad=3.078  S_E=0.175 S_U=0.223

  step  9000  val_ppl=18.57  dom=S_L
          val_ppl=18.57
step  9050  loss=4.1110  grad=3.844  S_E=0.168 S_U=0.239
step  9100  loss=3.9300  grad=3.922  S_E=0.168 S_U=0.239
step  9150  loss=3.5964  grad=2.859  S_E=0.168 S_U=0.239
step  9200  loss=3.9251  grad=3.469  S_E=0.168 S_U=0.239
step  9250  loss=3.9007  grad=3.578  S_E=0.168 S_U=0.239
step  9300  loss=3.6866  grad=3.016  S_E=0.168 S_U=0.239
step  9350  loss=3.3429  grad=2.547  S_E=0.168 S_U=0.239
step  9400  loss=3.6304  grad=2.797  S_E=0.168 S_U=0.239
step  9450  loss=3.6560  grad=3.375  S_E=0.168 S_U=0.239
step  9500  loss=3.6515  grad=2.766  S_E=0.168 S_U=0.239

  step  9500  val_ppl=18.57  dom=S_L
          val_ppl=18.57
step  9550  loss=3.6565  grad=5.000  S_E=0.168 S_U=0.239
step  9600  loss=3.7924  grad=3.328  S_E=0.168 S_U=0.239
step  9650  loss=3.8909  grad=4.344  S_E=0.168 S_U=0.239
step  9700  loss=4.0331  grad=2.875  S_E=0.168 S_U=0.239
step  9750  loss=4.3585  grad=4.531  S_E=0.168 S_U=0.239
step  9800  loss=3.6295  grad=2.812  S_E=0.168 S_U=0.239
step  9850  loss=3.7463  grad=3.859  S_E=0.168 S_U=0.239
step  9900  loss=3.5499  grad=2.344  S_E=0.168 S_U=0.239
step  9950  loss=4.0902  grad=4.219  S_E=0.168 S_U=0.239
step 10000  loss=4.7358  grad=3.016  S_E=0.168 S_U=0.239

  step 10000  val_ppl=18.52  dom=S_L
          val_ppl=18.52
step 10050  loss=3.8632  grad=3.766  S_E=0.180 S_U=0.233
step 10100  loss=3.5075  grad=4.562  S_E=0.180 S_U=0.233
step 10150  loss=4.2367  grad=2.719  S_E=0.180 S_U=0.233
step 10200  loss=3.3479  grad=2.656  S_E=0.180 S_U=0.233
step 10250  loss=4.0839  grad=4.719  S_E=0.180 S_U=0.233
step 10300  loss=4.6689  grad=3.328  S_E=0.180 S_U=0.233
step 10350  loss=4.0008  grad=3.469  S_E=0.180 S_U=0.233
step 10400  loss=3.9767  grad=4.844  S_E=0.180 S_U=0.233
step 10450  loss=3.6495  grad=3.359  S_E=0.180 S_U=0.233
step 10500  loss=3.8712  grad=2.984  S_E=0.180 S_U=0.233

  step 10500  val_ppl=18.46  dom=S_L
          val_ppl=18.46
step 10550  loss=3.8286  grad=2.781  S_E=0.191 S_U=0.231
step 10600  loss=3.8641  grad=2.453  S_E=0.191 S_U=0.231
step 10650  loss=4.3275  grad=2.594  S_E=0.191 S_U=0.231
step 10700  loss=4.4212  grad=2.500  S_E=0.191 S_U=0.231
step 10750  loss=3.9315  grad=2.812  S_E=0.191 S_U=0.231
step 10800  loss=4.1533  grad=4.062  S_E=0.191 S_U=0.231
step 10850  loss=4.3231  grad=3.953  S_E=0.191 S_U=0.231
step 10900  loss=4.6551  grad=3.234  S_E=0.191 S_U=0.231
step 10950  loss=3.7550  grad=2.719  S_E=0.191 S_U=0.231
step 11000  loss=3.7594  grad=4.500  S_E=0.191 S_U=0.231

  step 11000  val_ppl=18.41  dom=S_L
          val_ppl=18.41
step 11050  loss=4.0487  grad=3.297  S_E=0.191 S_U=0.225
step 11100  loss=4.3458  grad=4.031  S_E=0.191 S_U=0.225
step 11150  loss=3.9595  grad=2.672  S_E=0.191 S_U=0.225
step 11200  loss=4.1557  grad=2.500  S_E=0.191 S_U=0.225
step 11250  loss=4.4623  grad=3.234  S_E=0.191 S_U=0.225
step 11300  loss=3.5092  grad=2.750  S_E=0.191 S_U=0.225
step 11350  loss=4.0150  grad=3.156  S_E=0.191 S_U=0.225
step 11400  loss=3.8304  grad=3.234  S_E=0.191 S_U=0.225
step 11450  loss=3.6197  grad=4.094  S_E=0.191 S_U=0.225
step 11500  loss=3.6426  grad=3.234  S_E=0.191 S_U=0.225

  step 11500  val_ppl=18.41  dom=S_L
          val_ppl=18.41
step 11550  loss=3.7543  grad=2.938  S_E=0.191 S_U=0.225
step 11600  loss=3.7538  grad=2.797  S_E=0.191 S_U=0.225
step 11650  loss=4.1444  grad=4.438  S_E=0.191 S_U=0.225
step 11700  loss=4.0109  grad=3.734  S_E=0.191 S_U=0.225
step 11750  loss=3.6963  grad=2.516  S_E=0.191 S_U=0.225
step 11800  loss=4.0621  grad=3.484  S_E=0.191 S_U=0.225
step 11850  loss=4.1738  grad=3.625  S_E=0.191 S_U=0.225
step 11900  loss=4.1416  grad=3.469  S_E=0.191 S_U=0.225
step 11950  loss=4.6484  grad=3.609  S_E=0.191 S_U=0.225
step 12000  loss=3.4061  grad=2.984  S_E=0.191 S_U=0.225

  step 12000  val_ppl=18.32  dom=S_L
          val_ppl=18.32
step 12050  loss=3.5545  grad=2.641  S_E=0.177 S_U=0.241
step 12100  loss=3.9581  grad=2.516  S_E=0.177 S_U=0.241
step 12150  loss=3.7351  grad=3.547  S_E=0.177 S_U=0.241
step 12200  loss=4.5822  grad=3.109  S_E=0.177 S_U=0.241
step 12250  loss=3.6457  grad=3.094  S_E=0.177 S_U=0.241
step 12300  loss=4.0587  grad=4.688  S_E=0.177 S_U=0.241
step 12350  loss=4.3122  grad=3.391  S_E=0.177 S_U=0.241
step 12400  loss=4.3918  grad=4.188  S_E=0.177 S_U=0.241
step 12450  loss=4.3089  grad=3.188  S_E=0.177 S_U=0.241
step 12500  loss=3.2487  grad=2.828  S_E=0.177 S_U=0.241

  step 12500  val_ppl=18.29  dom=S_L
          val_ppl=18.29
step 12550  loss=3.4747  grad=3.266  S_E=0.177 S_U=0.245
step 12600  loss=3.9293  grad=4.750  S_E=0.177 S_U=0.245
step 12650  loss=4.0840  grad=4.625  S_E=0.177 S_U=0.245
step 12700  loss=3.8006  grad=4.250  S_E=0.177 S_U=0.245
step 12750  loss=3.9655  grad=3.250  S_E=0.177 S_U=0.245
step 12800  loss=3.7496  grad=2.719  S_E=0.177 S_U=0.245
step 12850  loss=3.3915  grad=3.172  S_E=0.177 S_U=0.245
step 12900  loss=4.3828  grad=3.156  S_E=0.177 S_U=0.245
step 12950  loss=3.7477  grad=3.203  S_E=0.177 S_U=0.245
step 13000  loss=3.9848  grad=3.781  S_E=0.177 S_U=0.245

  step 13000  val_ppl=18.32  dom=S_L
          val_ppl=18.32
step 13050  loss=3.7531  grad=2.984  S_E=0.177 S_U=0.245
step 13100  loss=3.7456  grad=2.922  S_E=0.177 S_U=0.245
step 13150  loss=4.5193  grad=4.094  S_E=0.177 S_U=0.245
step 13200  loss=3.9635  grad=2.500  S_E=0.177 S_U=0.245
step 13250  loss=4.0644  grad=3.906  S_E=0.177 S_U=0.245
step 13300  loss=3.5475  grad=2.938  S_E=0.177 S_U=0.245
step 13350  loss=3.6576  grad=3.359  S_E=0.177 S_U=0.245
step 13400  loss=4.3336  grad=3.141  S_E=0.177 S_U=0.245
step 13450  loss=3.9430  grad=2.734  S_E=0.177 S_U=0.245
step 13500  loss=3.9118  grad=2.594  S_E=0.177 S_U=0.245

  step 13500  val_ppl=18.27  dom=S_L
          val_ppl=18.27
step 13550  loss=3.9549  grad=2.641  S_E=0.178 S_U=0.251
step 13600  loss=4.0353  grad=2.703  S_E=0.178 S_U=0.251
step 13650  loss=4.0757  grad=3.438  S_E=0.178 S_U=0.251
step 13700  loss=4.2668  grad=2.766  S_E=0.178 S_U=0.251
step 13750  loss=4.1671  grad=3.938  S_E=0.178 S_U=0.251
step 13800  loss=3.9916  grad=4.062  S_E=0.178 S_U=0.251
step 13850  loss=4.2655  grad=3.969  S_E=0.178 S_U=0.251
step 13900  loss=4.0496  grad=2.812  S_E=0.178 S_U=0.251
step 13950  loss=3.8554  grad=3.375  S_E=0.178 S_U=0.251
step 14000  loss=3.3337  grad=2.953  S_E=0.250 S_U=0.250

  step 14000  val_ppl=18.26  dom=S_E
          val_ppl=18.26
step 14050  loss=3.8645  grad=4.281  S_E=0.228 S_U=0.318
step 14100  loss=3.8282  grad=3.734  S_E=0.228 S_U=0.318
step 14150  loss=3.5544  grad=4.594  S_E=0.228 S_U=0.318
step 14200  loss=3.6034  grad=3.578  S_E=0.228 S_U=0.318
step 14250  loss=4.0196  grad=3.047  S_E=0.228 S_U=0.318
step 14300  loss=4.0431  grad=2.672  S_E=0.228 S_U=0.318
step 14350  loss=4.2439  grad=4.938  S_E=0.228 S_U=0.318
step 14400  loss=3.8592  grad=3.000  S_E=0.228 S_U=0.318
step 14450  loss=4.2107  grad=3.672  S_E=0.228 S_U=0.318
step 14500  loss=3.7476  grad=3.703  S_E=0.228 S_U=0.318

  step 14500  val_ppl=18.27  dom=S_U
          val_ppl=18.27
step 14550  loss=3.6312  grad=3.047  S_E=0.230 S_U=0.313
step 14600  loss=3.7995  grad=4.625  S_E=0.230 S_U=0.313
step 14650  loss=4.1855  grad=2.906  S_E=0.230 S_U=0.313
step 14700  loss=3.9175  grad=2.906  S_E=0.230 S_U=0.313
step 14750  loss=4.0623  grad=3.406  S_E=0.230 S_U=0.313
step 14800  loss=3.8246  grad=4.156  S_E=0.230 S_U=0.313
step 14850  loss=3.6749  grad=3.766  S_E=0.230 S_U=0.313
step 14900  loss=3.5866  grad=2.812  S_E=0.230 S_U=0.313
step 14950  loss=3.7785  grad=4.781  S_E=0.230 S_U=0.313
step 15000  loss=4.0814  grad=3.203  S_E=0.230 S_U=0.313

  step 15000  val_ppl=18.22  dom=S_U
          val_ppl=18.22
step 15050  loss=4.2627  grad=3.188  S_E=0.376 S_U=0.279
step 15100  loss=4.1765  grad=2.531  S_E=0.376 S_U=0.279
step 15150  loss=4.0650  grad=3.047  S_E=0.376 S_U=0.279
step 15200  loss=4.3191  grad=2.969  S_E=0.376 S_U=0.279
step 15250  loss=4.1774  grad=2.719  S_E=0.376 S_U=0.279
step 15300  loss=3.9389  grad=3.484  S_E=0.376 S_U=0.279
step 15350  loss=4.2142  grad=2.766  S_E=0.376 S_U=0.279
step 15400  loss=3.6361  grad=2.516  S_E=0.376 S_U=0.279
step 15450  loss=3.8382  grad=2.750  S_E=0.376 S_U=0.279
step 15500  loss=3.4537  grad=2.922  S_E=0.376 S_U=0.279

  step 15500  val_ppl=18.20  dom=S_E
          val_ppl=18.20
step 15550  loss=4.2508  grad=3.531  S_E=0.386 S_U=0.296
step 15600  loss=3.9734  grad=2.984  S_E=0.386 S_U=0.296
step 15650  loss=3.6492  grad=3.078  S_E=0.386 S_U=0.296
step 15700  loss=4.1098  grad=3.047  S_E=0.386 S_U=0.296
step 15750  loss=3.8023  grad=3.203  S_E=0.386 S_U=0.296
step 15800  loss=3.7934  grad=3.656  S_E=0.386 S_U=0.296
step 15850  loss=3.6217  grad=2.938  S_E=0.386 S_U=0.296
step 15900  loss=4.0417  grad=3.000  S_E=0.386 S_U=0.296
step 15950  loss=4.1616  grad=3.250  S_E=0.386 S_U=0.296
step 16000  loss=4.0921  grad=2.734  S_E=0.386 S_U=0.296

  step 16000  val_ppl=18.15  dom=S_E
          val_ppl=18.15
step 16050  loss=4.5627  grad=3.625  S_E=0.453 S_U=0.263
step 16100  loss=3.8775  grad=2.672  S_E=0.453 S_U=0.263
step 16150  loss=3.6175  grad=3.016  S_E=0.453 S_U=0.263
step 16200  loss=4.2933  grad=3.391  S_E=0.453 S_U=0.263
step 16250  loss=3.9100  grad=2.812  S_E=0.453 S_U=0.263
step 16300  loss=3.8155  grad=3.969  S_E=0.453 S_U=0.263
step 16350  loss=4.3464  grad=3.219  S_E=0.453 S_U=0.263
step 16400  loss=4.4540  grad=2.984  S_E=0.453 S_U=0.263
step 16450  loss=4.6074  grad=3.031  S_E=0.453 S_U=0.263
step 16500  loss=3.8771  grad=3.781  S_E=0.453 S_U=0.263

  step 16500  val_ppl=18.19  dom=S_E
          val_ppl=18.19
step 16550  loss=3.7076  grad=2.953  S_E=0.447 S_U=0.262
step 16600  loss=5.0596  grad=3.250  S_E=0.447 S_U=0.262
step 16650  loss=3.9203  grad=3.125  S_E=0.447 S_U=0.262
step 16700  loss=3.3811  grad=2.844  S_E=0.447 S_U=0.262
step 16750  loss=3.7399  grad=3.812  S_E=0.447 S_U=0.262
step 16800  loss=3.7253  grad=2.531  S_E=0.447 S_U=0.262
step 16850  loss=3.9635  grad=2.547  S_E=0.447 S_U=0.262
step 16900  loss=3.9739  grad=3.469  S_E=0.447 S_U=0.262
step 16950  loss=4.0617  grad=3.266  S_E=0.447 S_U=0.262
step 17000  loss=4.4954  grad=4.125  S_E=0.447 S_U=0.262

  step 17000  val_ppl=18.15  dom=S_E
          val_ppl=18.15
step 17050  loss=4.2468  grad=3.781  S_E=0.461 S_U=0.230
step 17100  loss=4.4684  grad=4.562  S_E=0.461 S_U=0.230
step 17150  loss=3.8026  grad=3.219  S_E=0.461 S_U=0.230
step 17200  loss=4.6135  grad=3.750  S_E=0.461 S_U=0.230
step 17250  loss=4.0600  grad=2.969  S_E=0.461 S_U=0.230
step 17300  loss=4.1163  grad=2.750  S_E=0.461 S_U=0.230
step 17350  loss=3.4681  grad=3.594  S_E=0.461 S_U=0.230
step 17400  loss=4.3824  grad=3.453  S_E=0.461 S_U=0.230
step 17450  loss=3.2007  grad=3.328  S_E=0.461 S_U=0.230
step 17500  loss=4.4917  grad=3.719  S_E=0.461 S_U=0.230

  step 17500  val_ppl=18.14  dom=S_E
          val_ppl=18.14
step 17550  loss=4.0249  grad=2.719  S_E=0.467 S_U=0.225
step 17600  loss=4.1572  grad=4.469  S_E=0.467 S_U=0.225
step 17650  loss=4.1319  grad=2.984  S_E=0.467 S_U=0.225
step 17700  loss=3.7023  grad=3.688  S_E=0.467 S_U=0.225
step 17750  loss=4.1621  grad=3.062  S_E=0.467 S_U=0.225
step 17800  loss=4.0949  grad=3.562  S_E=0.467 S_U=0.225
step 17850  loss=4.5388  grad=2.984  S_E=0.467 S_U=0.225
step 17900  loss=4.1152  grad=2.719  S_E=0.467 S_U=0.225
step 17950  loss=3.9054  grad=3.766  S_E=0.467 S_U=0.225
step 18000  loss=3.9646  grad=3.266  S_E=0.467 S_U=0.225

  step 18000  val_ppl=18.13  dom=S_E
          val_ppl=18.13
step 18050  loss=3.8705  grad=3.516  S_E=0.462 S_U=0.230
step 18100  loss=3.6178  grad=3.312  S_E=0.462 S_U=0.230
step 18150  loss=3.5986  grad=3.438  S_E=0.462 S_U=0.230
step 18200  loss=4.1555  grad=3.203  S_E=0.462 S_U=0.230
step 18250  loss=4.1154  grad=4.094  S_E=0.462 S_U=0.230
step 18300  loss=3.7161  grad=3.547  S_E=0.462 S_U=0.230
step 18350  loss=3.7033  grad=2.969  S_E=0.462 S_U=0.230
step 18400  loss=3.8894  grad=3.094  S_E=0.462 S_U=0.230
step 18450  loss=4.0463  grad=3.000  S_E=0.462 S_U=0.230
step 18500  loss=3.8007  grad=3.062  S_E=0.462 S_U=0.230

  step 18500  val_ppl=18.09  dom=S_E
          val_ppl=18.09
step 18550  loss=3.8870  grad=3.000  S_E=0.481 S_U=0.228
step 18600  loss=4.2119  grad=3.172  S_E=0.481 S_U=0.228
step 18650  loss=4.3815  grad=2.844  S_E=0.481 S_U=0.228
step 18700  loss=4.8497  grad=4.969  S_E=0.481 S_U=0.228
step 18750  loss=4.1143  grad=3.297  S_E=0.481 S_U=0.228
step 18800  loss=4.0168  grad=3.047  S_E=0.481 S_U=0.228
step 18850  loss=3.9650  grad=3.750  S_E=0.481 S_U=0.228
step 18900  loss=4.1851  grad=3.047  S_E=0.481 S_U=0.228
step 18950  loss=3.7106  grad=3.094  S_E=0.481 S_U=0.228
step 19000  loss=4.6373  grad=3.469  S_E=0.481 S_U=0.228

  step 19000  val_ppl=18.08  dom=S_E
          val_ppl=18.08
step 19050  loss=3.6480  grad=3.234  S_E=0.478 S_U=0.227
step 19100  loss=4.1741  grad=3.516  S_E=0.478 S_U=0.227
step 19150  loss=3.7628  grad=3.047  S_E=0.478 S_U=0.227
step 19200  loss=4.5447  grad=2.938  S_E=0.478 S_U=0.227
step 19250  loss=4.3127  grad=2.859  S_E=0.478 S_U=0.227
step 19300  loss=3.7407  grad=3.406  S_E=0.478 S_U=0.227
step 19350  loss=4.2527  grad=3.266  S_E=0.478 S_U=0.227
step 19400  loss=4.4338  grad=3.438  S_E=0.478 S_U=0.227
step 19450  loss=4.3483  grad=5.312  S_E=0.478 S_U=0.227
step 19500  loss=3.9608  grad=3.125  S_E=0.478 S_U=0.227

  step 19500  val_ppl=18.10  dom=S_E
          val_ppl=18.10
step 19550  loss=3.5597  grad=3.703  S_E=0.473 S_U=0.228
step 19600  loss=4.0264  grad=3.484  S_E=0.473 S_U=0.228
step 19650  loss=4.1261  grad=3.250  S_E=0.473 S_U=0.228
step 19700  loss=3.7809  grad=3.188  S_E=0.473 S_U=0.228
step 19750  loss=3.5885  grad=2.719  S_E=0.473 S_U=0.228
step 19800  loss=4.2966  grad=2.766  S_E=0.473 S_U=0.228
step 19850  loss=3.5519  grad=4.188  S_E=0.473 S_U=0.228
step 19900  loss=4.7940  grad=2.953  S_E=0.473 S_U=0.228
step 19950  loss=4.7540  grad=4.062  S_E=0.473 S_U=0.228
  [final] val_ppl=18.07
          val_ppl=18.07

── Timing breakdown ─────────────────────────────────
  component    ms/step   % total   calls
  ────────── ─────────  ────────  ──────
  data           32.62     46.0%   20000
  bandit          0.00      0.0%   20000
  fwd             6.84      9.7%   20400
  score           0.29      0.4%     400
  bwd            31.11     43.9%   20000
  ────────── ─────────  ────────  ──────
  TOTAL          70.86    100.0%

  Rescore steps:          400/20000 (2.0% of steps)
  Cost per rescore:       14.33 ms
  Amortised scorer:       0.287 ms/step (0.40% of total)
  Paper claims ~1%:       ✓ within paper claim
────────────────────────────────────────────────────

Final val PPL (sieve): 18.07
Final bandit weights: S_E=0.473  S_U=0.228  S_L=0.177  S_D=0.122
✓ Bandit differentiated (max=0.473)
Scorer overhead: 0.40% of total wall time
✓ Within paper's ~1% claim
