backend=cuda  dtype=torch.bfloat16  seed=44
[data] train: 950.0M tokens
[data] val: 50.0M tokens
[liger] Not enabled: cannot import name 'apply_liger_kernel_to_gpt2' from 'liger_kernel.transformers' (/lustre/fsn1/projects/rech/sum/ufj45ra/venvs/sieve/lib/python3.12/site-packages/liger_kernel/transformers/__init__.py)
step     0  loss=4.7121  grad=11.500  S_E=0.250 S_U=0.250
step    50  loss=4.2072  grad=7.531  S_E=0.250 S_U=0.250
step   100  loss=4.3824  grad=4.062  S_E=0.250 S_U=0.250
step   150  loss=5.1046  grad=11.375  S_E=0.250 S_U=0.250
step   200  loss=4.2910  grad=4.094  S_E=0.250 S_U=0.250
step   250  loss=4.7098  grad=3.984  S_E=0.250 S_U=0.250
step   300  loss=4.1894  grad=4.469  S_E=0.250 S_U=0.250
step   350  loss=3.8067  grad=3.766  S_E=0.250 S_U=0.250
step   400  loss=4.0828  grad=4.281  S_E=0.250 S_U=0.250
step   450  loss=4.5371  grad=3.219  S_E=0.250 S_U=0.250
step   500  loss=4.8365  grad=4.062  S_E=0.250 S_U=0.250

  step   500  val_ppl=21.22  dom=S_E
          val_ppl=21.22
step   550  loss=4.5297  grad=2.719  S_E=0.250 S_U=0.250
step   600  loss=4.2702  grad=4.906  S_E=0.250 S_U=0.250
step   650  loss=3.9265  grad=2.953  S_E=0.250 S_U=0.250
step   700  loss=3.9806  grad=3.188  S_E=0.250 S_U=0.250
step   750  loss=4.3494  grad=2.672  S_E=0.250 S_U=0.250
step   800  loss=4.5282  grad=3.453  S_E=0.250 S_U=0.250
step   850  loss=3.8098  grad=2.938  S_E=0.250 S_U=0.250
step   900  loss=4.6208  grad=3.141  S_E=0.250 S_U=0.250
step   950  loss=3.8304  grad=3.656  S_E=0.250 S_U=0.250
step  1000  loss=4.5164  grad=3.188  S_E=0.250 S_U=0.250

  step  1000  val_ppl=20.64  dom=S_E
          val_ppl=20.64
step  1050  loss=4.4801  grad=3.078  S_E=0.343 S_U=0.041
step  1100  loss=4.7872  grad=2.797  S_E=0.343 S_U=0.041
step  1150  loss=4.1361  grad=2.984  S_E=0.343 S_U=0.041
step  1200  loss=4.3114  grad=2.891  S_E=0.343 S_U=0.041
step  1250  loss=4.7352  grad=2.734  S_E=0.343 S_U=0.041
step  1300  loss=4.4655  grad=3.391  S_E=0.343 S_U=0.041
step  1350  loss=4.5313  grad=3.125  S_E=0.343 S_U=0.041
step  1400  loss=4.4229  grad=3.484  S_E=0.343 S_U=0.041
step  1450  loss=3.7960  grad=3.328  S_E=0.343 S_U=0.041
step  1500  loss=4.6582  grad=3.188  S_E=0.343 S_U=0.041

  step  1500  val_ppl=20.32  dom=S_L
          val_ppl=20.32
step  1550  loss=4.0849  grad=3.109  S_E=0.334 S_U=0.036
step  1600  loss=4.1257  grad=3.234  S_E=0.334 S_U=0.036
step  1650  loss=4.3978  grad=3.188  S_E=0.334 S_U=0.036
step  1700  loss=4.2355  grad=3.125  S_E=0.334 S_U=0.036
step  1750  loss=3.7963  grad=3.062  S_E=0.334 S_U=0.036
step  1800  loss=4.5746  grad=3.188  S_E=0.334 S_U=0.036
step  1850  loss=3.6122  grad=3.328  S_E=0.334 S_U=0.036
step  1900  loss=4.6242  grad=3.312  S_E=0.334 S_U=0.036
step  1950  loss=4.2142  grad=3.328  S_E=0.334 S_U=0.036
step  2000  loss=4.1762  grad=2.484  S_E=0.250 S_U=0.250

  step  2000  val_ppl=19.91  dom=S_E
          val_ppl=19.91
step  2050  loss=4.0368  grad=3.203  S_E=0.179 S_U=0.442
step  2100  loss=4.4191  grad=2.469  S_E=0.179 S_U=0.442
step  2150  loss=3.8902  grad=2.609  S_E=0.179 S_U=0.442
step  2200  loss=3.5161  grad=2.438  S_E=0.179 S_U=0.442
step  2250  loss=3.9449  grad=2.641  S_E=0.179 S_U=0.442
step  2300  loss=4.4258  grad=3.031  S_E=0.179 S_U=0.442
step  2350  loss=4.0461  grad=3.234  S_E=0.179 S_U=0.442
step  2400  loss=3.6119  grad=2.828  S_E=0.179 S_U=0.442
step  2450  loss=3.8099  grad=2.328  S_E=0.179 S_U=0.442
step  2500  loss=3.8167  grad=2.812  S_E=0.179 S_U=0.442

  step  2500  val_ppl=19.65  dom=S_U
          val_ppl=19.65
step  2550  loss=3.5029  grad=2.719  S_E=0.194 S_U=0.452
step  2600  loss=3.9426  grad=3.000  S_E=0.194 S_U=0.452
step  2650  loss=3.7781  grad=2.703  S_E=0.194 S_U=0.452
step  2700  loss=3.7841  grad=2.578  S_E=0.194 S_U=0.452
step  2750  loss=4.4830  grad=2.969  S_E=0.194 S_U=0.452
step  2800  loss=3.8548  grad=2.359  S_E=0.194 S_U=0.452
step  2850  loss=3.7951  grad=2.828  S_E=0.194 S_U=0.452
step  2900  loss=3.9906  grad=2.703  S_E=0.194 S_U=0.452
step  2950  loss=4.1618  grad=2.438  S_E=0.194 S_U=0.452
step  3000  loss=4.0898  grad=3.469  S_E=0.194 S_U=0.452

  step  3000  val_ppl=19.55  dom=S_U
          val_ppl=19.55
step  3050  loss=3.9120  grad=2.766  S_E=0.202 S_U=0.439
step  3100  loss=3.7870  grad=2.844  S_E=0.202 S_U=0.439
step  3150  loss=3.8947  grad=3.359  S_E=0.202 S_U=0.439
step  3200  loss=4.2709  grad=3.031  S_E=0.202 S_U=0.439
step  3250  loss=4.3453  grad=2.953  S_E=0.202 S_U=0.439
step  3300  loss=3.1147  grad=2.750  S_E=0.202 S_U=0.439
step  3350  loss=4.0989  grad=3.172  S_E=0.202 S_U=0.439
step  3400  loss=4.2725  grad=2.750  S_E=0.202 S_U=0.439
step  3450  loss=3.6685  grad=3.781  S_E=0.202 S_U=0.439
step  3500  loss=4.1527  grad=2.781  S_E=0.202 S_U=0.439

  step  3500  val_ppl=19.44  dom=S_U
          val_ppl=19.44
step  3550  loss=3.8100  grad=2.500  S_E=0.199 S_U=0.441
step  3600  loss=4.1103  grad=2.703  S_E=0.199 S_U=0.441
step  3650  loss=3.5964  grad=2.641  S_E=0.199 S_U=0.441
step  3700  loss=4.7004  grad=2.906  S_E=0.199 S_U=0.441
step  3750  loss=3.6972  grad=3.156  S_E=0.199 S_U=0.441
step  3800  loss=3.8807  grad=3.031  S_E=0.199 S_U=0.441
step  3850  loss=4.2884  grad=2.688  S_E=0.199 S_U=0.441
step  3900  loss=3.8106  grad=2.891  S_E=0.199 S_U=0.441
step  3950  loss=4.4599  grad=3.078  S_E=0.199 S_U=0.441
step  4000  loss=3.5963  grad=2.359  S_E=0.199 S_U=0.441

  step  4000  val_ppl=19.35  dom=S_U
          val_ppl=19.35
step  4050  loss=4.0685  grad=2.703  S_E=0.194 S_U=0.444
step  4100  loss=4.1138  grad=2.266  S_E=0.194 S_U=0.444
step  4150  loss=4.1615  grad=2.922  S_E=0.194 S_U=0.444
step  4200  loss=4.4948  grad=3.062  S_E=0.194 S_U=0.444
step  4250  loss=4.0436  grad=2.719  S_E=0.194 S_U=0.444
step  4300  loss=3.8388  grad=2.734  S_E=0.194 S_U=0.444
step  4350  loss=4.0158  grad=3.094  S_E=0.194 S_U=0.444
step  4400  loss=3.8061  grad=3.359  S_E=0.194 S_U=0.444
step  4450  loss=3.9683  grad=2.797  S_E=0.194 S_U=0.444
step  4500  loss=3.6003  grad=2.219  S_E=0.194 S_U=0.444

  step  4500  val_ppl=19.16  dom=S_U
          val_ppl=19.16
step  4550  loss=4.3552  grad=2.734  S_E=0.190 S_U=0.448
step  4600  loss=4.0314  grad=3.234  S_E=0.190 S_U=0.448
step  4650  loss=3.9258  grad=2.562  S_E=0.190 S_U=0.448
step  4700  loss=4.0553  grad=2.750  S_E=0.190 S_U=0.448
step  4750  loss=3.4748  grad=2.750  S_E=0.190 S_U=0.448
step  4800  loss=3.8904  grad=2.953  S_E=0.190 S_U=0.448
step  4850  loss=3.8637  grad=3.172  S_E=0.190 S_U=0.448
step  4900  loss=4.0406  grad=2.984  S_E=0.190 S_U=0.448
step  4950  loss=3.8076  grad=3.359  S_E=0.190 S_U=0.448
step  5000  loss=4.0827  grad=3.500  S_E=0.190 S_U=0.448

  step  5000  val_ppl=18.98  dom=S_U
          val_ppl=18.98
step  5050  loss=3.7245  grad=3.500  S_E=0.191 S_U=0.443
step  5100  loss=3.9102  grad=3.422  S_E=0.191 S_U=0.443
step  5150  loss=4.5694  grad=3.172  S_E=0.191 S_U=0.443
step  5200  loss=4.0791  grad=3.109  S_E=0.191 S_U=0.443
step  5250  loss=4.1201  grad=2.516  S_E=0.191 S_U=0.443
step  5300  loss=4.0533  grad=2.656  S_E=0.191 S_U=0.443
step  5350  loss=3.8190  grad=2.609  S_E=0.191 S_U=0.443
step  5400  loss=3.6610  grad=2.891  S_E=0.191 S_U=0.443
step  5450  loss=3.9447  grad=3.047  S_E=0.191 S_U=0.443
step  5500  loss=4.3460  grad=2.578  S_E=0.191 S_U=0.443

  step  5500  val_ppl=18.98  dom=S_U
          val_ppl=18.98
step  5550  loss=4.0615  grad=3.719  S_E=0.191 S_U=0.442
step  5600  loss=4.2993  grad=2.922  S_E=0.191 S_U=0.442
step  5650  loss=4.1397  grad=3.047  S_E=0.191 S_U=0.442
step  5700  loss=3.8117  grad=2.688  S_E=0.191 S_U=0.442
step  5750  loss=4.1993  grad=2.734  S_E=0.191 S_U=0.442
step  5800  loss=3.9168  grad=2.938  S_E=0.191 S_U=0.442
step  5850  loss=3.9309  grad=3.266  S_E=0.191 S_U=0.442
step  5900  loss=3.8174  grad=3.156  S_E=0.191 S_U=0.442
step  5950  loss=3.8913  grad=3.234  S_E=0.191 S_U=0.442
step  6000  loss=4.1005  grad=3.078  S_E=0.250 S_U=0.250

  step  6000  val_ppl=18.92  dom=S_E
          val_ppl=18.92
step  6050  loss=4.9081  grad=4.719  S_E=0.315 S_U=0.160
step  6100  loss=3.7331  grad=3.750  S_E=0.315 S_U=0.160
step  6150  loss=4.2748  grad=3.688  S_E=0.315 S_U=0.160
step  6200  loss=3.4606  grad=3.812  S_E=0.315 S_U=0.160
step  6250  loss=3.7455  grad=4.750  S_E=0.315 S_U=0.160
step  6300  loss=4.0140  grad=2.891  S_E=0.315 S_U=0.160
step  6350  loss=3.2204  grad=2.703  S_E=0.315 S_U=0.160
step  6400  loss=4.2367  grad=4.000  S_E=0.315 S_U=0.160
step  6450  loss=4.4559  grad=4.219  S_E=0.315 S_U=0.160
step  6500  loss=3.9498  grad=3.562  S_E=0.315 S_U=0.160

  step  6500  val_ppl=18.82  dom=S_E
          val_ppl=18.82
step  6550  loss=3.3614  grad=4.344  S_E=0.208 S_U=0.131
step  6600  loss=4.1882  grad=4.312  S_E=0.208 S_U=0.131
step  6650  loss=4.3260  grad=4.062  S_E=0.208 S_U=0.131
step  6700  loss=4.0028  grad=4.625  S_E=0.208 S_U=0.131
step  6750  loss=4.0112  grad=2.875  S_E=0.208 S_U=0.131
step  6800  loss=4.1470  grad=4.875  S_E=0.208 S_U=0.131
step  6850  loss=3.7130  grad=2.688  S_E=0.208 S_U=0.131
step  6900  loss=4.0064  grad=4.812  S_E=0.208 S_U=0.131
step  6950  loss=4.3257  grad=4.406  S_E=0.208 S_U=0.131
step  7000  loss=4.3690  grad=3.828  S_E=0.208 S_U=0.131

  step  7000  val_ppl=18.74  dom=S_L
          val_ppl=18.74
step  7050  loss=3.9215  grad=4.094  S_E=0.225 S_U=0.123
step  7100  loss=4.1499  grad=3.375  S_E=0.225 S_U=0.123
step  7150  loss=4.3776  grad=3.781  S_E=0.225 S_U=0.123
step  7200  loss=4.3381  grad=3.656  S_E=0.225 S_U=0.123
step  7250  loss=3.9547  grad=3.328  S_E=0.225 S_U=0.123
step  7300  loss=3.7345  grad=4.875  S_E=0.225 S_U=0.123
step  7350  loss=4.4698  grad=4.125  S_E=0.225 S_U=0.123
step  7400  loss=3.8309  grad=3.766  S_E=0.225 S_U=0.123
step  7450  loss=3.9651  grad=3.859  S_E=0.225 S_U=0.123
step  7500  loss=3.6651  grad=2.469  S_E=0.225 S_U=0.123

  step  7500  val_ppl=18.70  dom=S_L
          val_ppl=18.70
step  7550  loss=4.2597  grad=2.719  S_E=0.255 S_U=0.122
step  7600  loss=4.2152  grad=4.406  S_E=0.255 S_U=0.122
step  7650  loss=3.6452  grad=3.000  S_E=0.255 S_U=0.122
step  7700  loss=3.5607  grad=3.812  S_E=0.255 S_U=0.122
step  7750  loss=3.7761  grad=5.344  S_E=0.255 S_U=0.122
step  7800  loss=3.9169  grad=3.641  S_E=0.255 S_U=0.122
step  7850  loss=3.8667  grad=4.781  S_E=0.255 S_U=0.122
step  7900  loss=4.4987  grad=5.312  S_E=0.255 S_U=0.122
step  7950  loss=3.8933  grad=4.031  S_E=0.255 S_U=0.122
step  8000  loss=3.9951  grad=4.219  S_E=0.255 S_U=0.122

  step  8000  val_ppl=18.66  dom=S_L
          val_ppl=18.66
step  8050  loss=3.5830  grad=2.656  S_E=0.251 S_U=0.112
step  8100  loss=4.2981  grad=5.094  S_E=0.251 S_U=0.112
step  8150  loss=4.6607  grad=4.719  S_E=0.251 S_U=0.112
step  8200  loss=4.3657  grad=4.531  S_E=0.251 S_U=0.112
step  8250  loss=4.2408  grad=4.188  S_E=0.251 S_U=0.112
step  8300  loss=4.2841  grad=2.828  S_E=0.251 S_U=0.112
step  8350  loss=4.4600  grad=4.062  S_E=0.251 S_U=0.112
step  8400  loss=4.1689  grad=3.219  S_E=0.251 S_U=0.112
step  8450  loss=3.1968  grad=3.609  S_E=0.251 S_U=0.112
step  8500  loss=4.4959  grad=4.938  S_E=0.251 S_U=0.112

  step  8500  val_ppl=18.63  dom=S_L
          val_ppl=18.63
step  8550  loss=3.7118  grad=3.641  S_E=0.236 S_U=0.109
step  8600  loss=4.6561  grad=4.562  S_E=0.236 S_U=0.109
step  8650  loss=3.9181  grad=3.734  S_E=0.236 S_U=0.109
step  8700  loss=3.9020  grad=4.062  S_E=0.236 S_U=0.109
step  8750  loss=4.1483  grad=3.922  S_E=0.236 S_U=0.109
step  8800  loss=4.4535  grad=3.578  S_E=0.236 S_U=0.109
step  8850  loss=3.9465  grad=4.719  S_E=0.236 S_U=0.109
step  8900  loss=4.1454  grad=4.406  S_E=0.236 S_U=0.109
step  8950  loss=4.5796  grad=5.125  S_E=0.236 S_U=0.109
step  9000  loss=4.1143  grad=3.219  S_E=0.236 S_U=0.109

  step  9000  val_ppl=18.57  dom=S_L
          val_ppl=18.57
step  9050  loss=3.6772  grad=4.625  S_E=0.228 S_U=0.102
step  9100  loss=4.0198  grad=4.250  S_E=0.228 S_U=0.102
step  9150  loss=4.1673  grad=4.375  S_E=0.228 S_U=0.102
step  9200  loss=3.8912  grad=3.766  S_E=0.228 S_U=0.102
step  9250  loss=3.8156  grad=5.156  S_E=0.228 S_U=0.102
step  9300  loss=4.4120  grad=4.812  S_E=0.228 S_U=0.102
step  9350  loss=4.1207  grad=4.469  S_E=0.228 S_U=0.102
step  9400  loss=3.6422  grad=3.719  S_E=0.228 S_U=0.102
step  9450  loss=4.5474  grad=2.781  S_E=0.228 S_U=0.102
step  9500  loss=3.9567  grad=5.156  S_E=0.228 S_U=0.102

  step  9500  val_ppl=18.51  dom=S_L
          val_ppl=18.51
step  9550  loss=3.7727  grad=3.734  S_E=0.221 S_U=0.104
step  9600  loss=3.8679  grad=3.203  S_E=0.221 S_U=0.104
step  9650  loss=3.7895  grad=4.469  S_E=0.221 S_U=0.104
step  9700  loss=4.1725  grad=4.719  S_E=0.221 S_U=0.104
step  9750  loss=4.0212  grad=4.594  S_E=0.221 S_U=0.104
step  9800  loss=3.8745  grad=4.281  S_E=0.221 S_U=0.104
step  9850  loss=4.2968  grad=3.016  S_E=0.221 S_U=0.104
step  9900  loss=3.6772  grad=4.625  S_E=0.221 S_U=0.104
step  9950  loss=3.5262  grad=3.672  S_E=0.221 S_U=0.104
step 10000  loss=4.0910  grad=3.266  S_E=0.221 S_U=0.104

  step 10000  val_ppl=18.51  dom=S_L
          val_ppl=18.51
step 10050  loss=3.6903  grad=4.750  S_E=0.222 S_U=0.104
step 10100  loss=4.6085  grad=4.531  S_E=0.222 S_U=0.104
step 10150  loss=3.2069  grad=4.219  S_E=0.222 S_U=0.104
step 10200  loss=4.3051  grad=5.219  S_E=0.222 S_U=0.104
step 10250  loss=4.5991  grad=4.000  S_E=0.222 S_U=0.104
step 10300  loss=3.7064  grad=4.000  S_E=0.222 S_U=0.104
step 10350  loss=4.0084  grad=5.406  S_E=0.222 S_U=0.104
step 10400  loss=3.8248  grad=2.781  S_E=0.222 S_U=0.104
step 10450  loss=4.0491  grad=2.922  S_E=0.222 S_U=0.104
step 10500  loss=3.8259  grad=4.656  S_E=0.222 S_U=0.104

  step 10500  val_ppl=18.54  dom=S_L
          val_ppl=18.54
step 10550  loss=3.9434  grad=4.906  S_E=0.222 S_U=0.106
step 10600  loss=3.6135  grad=5.500  S_E=0.222 S_U=0.106
step 10650  loss=3.9942  grad=4.438  S_E=0.222 S_U=0.106
step 10700  loss=3.7406  grad=3.016  S_E=0.222 S_U=0.106
step 10750  loss=4.0987  grad=4.656  S_E=0.222 S_U=0.106
step 10800  loss=4.0122  grad=4.969  S_E=0.222 S_U=0.106
step 10850  loss=3.9600  grad=4.594  S_E=0.222 S_U=0.106
step 10900  loss=3.7732  grad=3.391  S_E=0.222 S_U=0.106
step 10950  loss=4.9849  grad=3.453  S_E=0.222 S_U=0.106
step 11000  loss=4.3272  grad=4.844  S_E=0.222 S_U=0.106

  step 11000  val_ppl=18.42  dom=S_L
          val_ppl=18.42
step 11050  loss=3.7557  grad=3.234  S_E=0.231 S_U=0.102
step 11100  loss=3.8899  grad=4.281  S_E=0.231 S_U=0.102
step 11150  loss=4.2213  grad=3.422  S_E=0.231 S_U=0.102
step 11200  loss=4.0291  grad=4.156  S_E=0.231 S_U=0.102
step 11250  loss=3.9766  grad=3.984  S_E=0.231 S_U=0.102
step 11300  loss=4.1525  grad=4.781  S_E=0.231 S_U=0.102
step 11350  loss=3.9073  grad=3.250  S_E=0.231 S_U=0.102
step 11400  loss=3.6817  grad=4.469  S_E=0.231 S_U=0.102
step 11450  loss=3.8627  grad=4.031  S_E=0.231 S_U=0.102
step 11500  loss=4.2141  grad=4.312  S_E=0.231 S_U=0.102

  step 11500  val_ppl=18.36  dom=S_L
          val_ppl=18.36
step 11550  loss=4.3878  grad=4.812  S_E=0.235 S_U=0.107
step 11600  loss=4.0393  grad=4.719  S_E=0.235 S_U=0.107
step 11650  loss=3.6817  grad=3.719  S_E=0.235 S_U=0.107
step 11700  loss=3.8601  grad=3.297  S_E=0.235 S_U=0.107
step 11750  loss=4.3529  grad=3.359  S_E=0.235 S_U=0.107
step 11800  loss=4.3282  grad=4.719  S_E=0.235 S_U=0.107
step 11850  loss=4.2717  grad=5.094  S_E=0.235 S_U=0.107
step 11900  loss=3.5968  grad=2.938  S_E=0.235 S_U=0.107
step 11950  loss=3.8433  grad=4.812  S_E=0.235 S_U=0.107
step 12000  loss=4.2201  grad=5.312  S_E=0.235 S_U=0.107

  step 12000  val_ppl=18.38  dom=S_L
          val_ppl=18.38
step 12050  loss=4.2837  grad=3.172  S_E=0.235 S_U=0.108
step 12100  loss=4.0990  grad=4.281  S_E=0.235 S_U=0.108
step 12150  loss=3.8792  grad=3.203  S_E=0.235 S_U=0.108
step 12200  loss=4.4491  grad=4.719  S_E=0.235 S_U=0.108
step 12250  loss=4.3226  grad=3.547  S_E=0.235 S_U=0.108
step 12300  loss=4.4101  grad=3.484  S_E=0.235 S_U=0.108
step 12350  loss=4.1123  grad=3.797  S_E=0.235 S_U=0.108
step 12400  loss=3.9815  grad=4.156  S_E=0.235 S_U=0.108
step 12450  loss=4.5699  grad=3.219  S_E=0.235 S_U=0.108
step 12500  loss=4.0864  grad=2.672  S_E=0.235 S_U=0.108

  step 12500  val_ppl=18.38  dom=S_L
          val_ppl=18.38
step 12550  loss=3.7845  grad=3.672  S_E=0.235 S_U=0.109
step 12600  loss=3.5450  grad=3.906  S_E=0.235 S_U=0.109
step 12650  loss=4.0183  grad=3.531  S_E=0.235 S_U=0.109
step 12700  loss=3.6641  grad=3.562  S_E=0.235 S_U=0.109
step 12750  loss=3.9847  grad=5.125  S_E=0.235 S_U=0.109
step 12800  loss=4.2021  grad=2.906  S_E=0.235 S_U=0.109
step 12850  loss=3.8049  grad=4.719  S_E=0.235 S_U=0.109
step 12900  loss=4.1843  grad=4.656  S_E=0.235 S_U=0.109
step 12950  loss=3.4293  grad=3.984  S_E=0.235 S_U=0.109
step 13000  loss=4.2697  grad=5.125  S_E=0.235 S_U=0.109

  step 13000  val_ppl=18.34  dom=S_L
          val_ppl=18.34
step 13050  loss=4.7131  grad=3.938  S_E=0.235 S_U=0.112
step 13100  loss=4.0000  grad=4.281  S_E=0.235 S_U=0.112
step 13150  loss=4.0237  grad=5.250  S_E=0.235 S_U=0.112
step 13200  loss=3.9080  grad=4.812  S_E=0.235 S_U=0.112
step 13250  loss=3.2640  grad=4.156  S_E=0.235 S_U=0.112
step 13300  loss=4.3612  grad=4.938  S_E=0.235 S_U=0.112
step 13350  loss=4.3929  grad=3.203  S_E=0.235 S_U=0.112
step 13400  loss=3.8657  grad=4.000  S_E=0.235 S_U=0.112
step 13450  loss=4.1017  grad=4.531  S_E=0.235 S_U=0.112
step 13500  loss=4.4090  grad=3.500  S_E=0.235 S_U=0.112

  step 13500  val_ppl=18.28  dom=S_L
          val_ppl=18.28
step 13550  loss=4.3634  grad=4.719  S_E=0.238 S_U=0.112
step 13600  loss=4.3290  grad=4.469  S_E=0.238 S_U=0.112
step 13650  loss=3.2505  grad=4.062  S_E=0.238 S_U=0.112
step 13700  loss=4.0004  grad=4.562  S_E=0.238 S_U=0.112
step 13750  loss=4.4541  grad=4.844  S_E=0.238 S_U=0.112
step 13800  loss=4.0733  grad=3.078  S_E=0.238 S_U=0.112
step 13850  loss=3.6876  grad=3.453  S_E=0.238 S_U=0.112
step 13900  loss=4.7196  grad=3.906  S_E=0.238 S_U=0.112
step 13950  loss=4.0211  grad=4.094  S_E=0.238 S_U=0.112
step 14000  loss=3.6866  grad=3.156  S_E=0.250 S_U=0.250

  step 14000  val_ppl=18.24  dom=S_E
          val_ppl=18.24
step 14050  loss=4.5940  grad=2.719  S_E=0.176 S_U=0.300
step 14100  loss=3.5721  grad=2.516  S_E=0.176 S_U=0.300
step 14150  loss=3.9399  grad=5.125  S_E=0.176 S_U=0.300
step 14200  loss=4.6408  grad=5.125  S_E=0.176 S_U=0.300
step 14250  loss=3.4816  grad=2.797  S_E=0.176 S_U=0.300
step 14300  loss=4.0048  grad=4.969  S_E=0.176 S_U=0.300
step 14350  loss=3.7144  grad=6.000  S_E=0.176 S_U=0.300
step 14400  loss=3.9467  grad=4.312  S_E=0.176 S_U=0.300
step 14450  loss=4.0847  grad=3.109  S_E=0.176 S_U=0.300
step 14500  loss=3.4963  grad=4.938  S_E=0.176 S_U=0.300

  step 14500  val_ppl=18.19  dom=S_L
          val_ppl=18.19
step 14550  loss=3.8758  grad=4.469  S_E=0.144 S_U=0.215
step 14600  loss=3.7250  grad=4.875  S_E=0.144 S_U=0.215
step 14650  loss=4.1718  grad=4.281  S_E=0.144 S_U=0.215
step 14700  loss=3.2117  grad=2.906  S_E=0.144 S_U=0.215
step 14750  loss=4.0003  grad=4.000  S_E=0.144 S_U=0.215
step 14800  loss=4.4609  grad=5.312  S_E=0.144 S_U=0.215
step 14850  loss=4.0480  grad=4.344  S_E=0.144 S_U=0.215
step 14900  loss=4.4237  grad=2.641  S_E=0.144 S_U=0.215
step 14950  loss=3.8149  grad=4.688  S_E=0.144 S_U=0.215
step 15000  loss=3.7787  grad=4.469  S_E=0.144 S_U=0.215

  step 15000  val_ppl=18.20  dom=S_D
          val_ppl=18.20
step 15050  loss=4.2908  grad=4.875  S_E=0.148 S_U=0.217
step 15100  loss=3.9485  grad=4.844  S_E=0.148 S_U=0.217
step 15150  loss=3.5516  grad=3.688  S_E=0.148 S_U=0.217
step 15200  loss=3.9759  grad=4.531  S_E=0.148 S_U=0.217
step 15250  loss=3.9203  grad=5.438  S_E=0.148 S_U=0.217
step 15300  loss=4.4257  grad=4.688  S_E=0.148 S_U=0.217
step 15350  loss=3.5625  grad=3.672  S_E=0.148 S_U=0.217
step 15400  loss=3.3764  grad=3.469  S_E=0.148 S_U=0.217
step 15450  loss=4.0832  grad=4.156  S_E=0.148 S_U=0.217
step 15500  loss=3.9781  grad=2.656  S_E=0.148 S_U=0.217

  step 15500  val_ppl=18.15  dom=S_D
          val_ppl=18.15
step 15550  loss=3.9601  grad=4.000  S_E=0.125 S_U=0.242
step 15600  loss=4.2410  grad=4.406  S_E=0.125 S_U=0.242
step 15650  loss=4.2846  grad=3.391  S_E=0.125 S_U=0.242
step 15700  loss=3.6086  grad=2.703  S_E=0.125 S_U=0.242
step 15750  loss=3.9742  grad=3.891  S_E=0.125 S_U=0.242
step 15800  loss=3.9981  grad=4.062  S_E=0.125 S_U=0.242
step 15850  loss=4.0571  grad=4.250  S_E=0.125 S_U=0.242
step 15900  loss=3.4953  grad=2.750  S_E=0.125 S_U=0.242
step 15950  loss=3.9421  grad=3.609  S_E=0.125 S_U=0.242
step 16000  loss=4.0132  grad=4.969  S_E=0.125 S_U=0.242

  step 16000  val_ppl=18.17  dom=S_D
          val_ppl=18.17
step 16050  loss=4.1677  grad=3.297  S_E=0.128 S_U=0.243
step 16100  loss=3.0758  grad=3.188  S_E=0.128 S_U=0.243
step 16150  loss=3.9374  grad=4.906  S_E=0.128 S_U=0.243
step 16200  loss=3.8267  grad=3.672  S_E=0.128 S_U=0.243
step 16250  loss=3.6866  grad=4.094  S_E=0.128 S_U=0.243
step 16300  loss=3.8558  grad=6.406  S_E=0.128 S_U=0.243
step 16350  loss=3.9677  grad=5.062  S_E=0.128 S_U=0.243
step 16400  loss=4.1758  grad=5.281  S_E=0.128 S_U=0.243
step 16450  loss=3.5185  grad=4.250  S_E=0.128 S_U=0.243
step 16500  loss=3.3538  grad=2.594  S_E=0.128 S_U=0.243

  step 16500  val_ppl=18.16  dom=S_D
          val_ppl=18.16
step 16550  loss=4.3675  grad=3.000  S_E=0.121 S_U=0.256
step 16600  loss=4.1560  grad=4.406  S_E=0.121 S_U=0.256
step 16650  loss=4.0059  grad=5.062  S_E=0.121 S_U=0.256
step 16700  loss=3.9292  grad=2.797  S_E=0.121 S_U=0.256
step 16750  loss=4.0438  grad=5.469  S_E=0.121 S_U=0.256
step 16800  loss=4.2844  grad=4.156  S_E=0.121 S_U=0.256
step 16850  loss=3.8307  grad=2.750  S_E=0.121 S_U=0.256
step 16900  loss=3.8340  grad=4.312  S_E=0.121 S_U=0.256
step 16950  loss=3.7347  grad=4.938  S_E=0.121 S_U=0.256
step 17000  loss=3.6360  grad=3.422  S_E=0.121 S_U=0.256

  step 17000  val_ppl=18.15  dom=S_D
          val_ppl=18.15
step 17050  loss=4.2389  grad=3.547  S_E=0.116 S_U=0.252
step 17100  loss=3.8918  grad=3.016  S_E=0.116 S_U=0.252
step 17150  loss=3.5572  grad=3.484  S_E=0.116 S_U=0.252
step 17200  loss=4.0103  grad=4.500  S_E=0.116 S_U=0.252
step 17250  loss=3.6879  grad=2.812  S_E=0.116 S_U=0.252
step 17300  loss=4.0128  grad=4.312  S_E=0.116 S_U=0.252
step 17350  loss=3.9087  grad=4.875  S_E=0.116 S_U=0.252
step 17400  loss=3.9900  grad=4.375  S_E=0.116 S_U=0.252
step 17450  loss=3.9787  grad=4.688  S_E=0.116 S_U=0.252
step 17500  loss=3.8443  grad=3.500  S_E=0.116 S_U=0.252

  step 17500  val_ppl=18.15  dom=S_D
          val_ppl=18.15
step 17550  loss=4.2567  grad=3.047  S_E=0.120 S_U=0.252
step 17600  loss=3.8454  grad=5.625  S_E=0.120 S_U=0.252
step 17650  loss=3.7023  grad=8.375  S_E=0.120 S_U=0.252
step 17700  loss=4.2424  grad=4.062  S_E=0.120 S_U=0.252
step 17750  loss=3.8307  grad=5.062  S_E=0.120 S_U=0.252
step 17800  loss=3.8419  grad=2.844  S_E=0.120 S_U=0.252
step 17850  loss=3.3857  grad=4.594  S_E=0.120 S_U=0.252
step 17900  loss=3.8091  grad=3.906  S_E=0.120 S_U=0.252
step 17950  loss=4.1039  grad=3.750  S_E=0.120 S_U=0.252
step 18000  loss=3.7800  grad=2.625  S_E=0.120 S_U=0.252

  step 18000  val_ppl=18.09  dom=S_D
          val_ppl=18.09
step 18050  loss=3.5428  grad=3.000  S_E=0.135 S_U=0.287
step 18100  loss=3.9090  grad=3.984  S_E=0.135 S_U=0.287
step 18150  loss=3.3755  grad=3.156  S_E=0.135 S_U=0.287
step 18200  loss=3.6979  grad=2.969  S_E=0.135 S_U=0.287
step 18250  loss=3.8859  grad=3.578  S_E=0.135 S_U=0.287
step 18300  loss=3.8083  grad=3.797  S_E=0.135 S_U=0.287
step 18350  loss=3.8877  grad=3.031  S_E=0.135 S_U=0.287
step 18400  loss=4.2125  grad=5.594  S_E=0.135 S_U=0.287
step 18450  loss=4.1516  grad=4.562  S_E=0.135 S_U=0.287
step 18500  loss=4.3341  grad=4.344  S_E=0.135 S_U=0.287

  step 18500  val_ppl=18.09  dom=S_D
          val_ppl=18.09
step 18550  loss=3.4096  grad=4.219  S_E=0.133 S_U=0.284
step 18600  loss=3.9258  grad=3.453  S_E=0.133 S_U=0.284
step 18650  loss=3.7037  grad=3.453  S_E=0.133 S_U=0.284
step 18700  loss=3.8956  grad=3.203  S_E=0.133 S_U=0.284
step 18750  loss=4.2834  grad=4.531  S_E=0.133 S_U=0.284
step 18800  loss=3.9186  grad=5.906  S_E=0.133 S_U=0.284
step 18850  loss=4.1689  grad=2.609  S_E=0.133 S_U=0.284
step 18900  loss=3.6551  grad=4.844  S_E=0.133 S_U=0.284
step 18950  loss=4.1299  grad=5.656  S_E=0.133 S_U=0.284
step 19000  loss=4.0367  grad=3.203  S_E=0.133 S_U=0.284

  step 19000  val_ppl=18.10  dom=S_D
          val_ppl=18.10
step 19050  loss=3.8901  grad=5.406  S_E=0.136 S_U=0.283
step 19100  loss=4.0806  grad=5.781  S_E=0.136 S_U=0.283
step 19150  loss=3.6330  grad=3.547  S_E=0.136 S_U=0.283
step 19200  loss=4.2123  grad=4.000  S_E=0.136 S_U=0.283
step 19250  loss=3.9245  grad=3.750  S_E=0.136 S_U=0.283
step 19300  loss=3.6083  grad=4.031  S_E=0.136 S_U=0.283
step 19350  loss=3.2800  grad=3.031  S_E=0.136 S_U=0.283
step 19400  loss=3.5951  grad=4.031  S_E=0.136 S_U=0.283
step 19450  loss=3.5970  grad=3.219  S_E=0.136 S_U=0.283
step 19500  loss=3.5887  grad=3.734  S_E=0.136 S_U=0.283

  step 19500  val_ppl=18.08  dom=S_D
          val_ppl=18.08
step 19550  loss=4.2323  grad=3.469  S_E=0.134 S_U=0.282
step 19600  loss=3.6466  grad=3.641  S_E=0.134 S_U=0.282
step 19650  loss=4.2012  grad=2.812  S_E=0.134 S_U=0.282
step 19700  loss=3.8401  grad=3.688  S_E=0.134 S_U=0.282
step 19750  loss=3.1467  grad=4.594  S_E=0.134 S_U=0.282
step 19800  loss=3.3645  grad=3.391  S_E=0.134 S_U=0.282
step 19850  loss=3.6757  grad=2.719  S_E=0.134 S_U=0.282
step 19900  loss=3.5377  grad=3.719  S_E=0.134 S_U=0.282
step 19950  loss=4.0657  grad=3.078  S_E=0.134 S_U=0.282
  [final] val_ppl=18.02
          val_ppl=18.02

── Timing breakdown ─────────────────────────────────
  component    ms/step   % total   calls
  ────────── ─────────  ────────  ──────
  data           32.81     46.1%   20000
  bandit          0.00      0.0%   20000
  fwd             6.80      9.6%   20400
  score           0.29      0.4%     400
  bwd            31.22     43.9%   20000
  ────────── ─────────  ────────  ──────
  TOTAL          71.12    100.0%

  Rescore steps:          400/20000 (2.0% of steps)
  Cost per rescore:       14.42 ms
  Amortised scorer:       0.288 ms/step (0.41% of total)
  Paper claims ~1%:       ✓ within paper claim
────────────────────────────────────────────────────

Final val PPL (sieve): 18.02
Final bandit weights: S_E=0.134  S_U=0.282  S_L=0.283  S_D=0.301
✗ Weights near-uniform (max=0.301) — check eval_interval and reward signal
Scorer overhead: 0.40% of total wall time
✓ Within paper's ~1% claim
